◇ injected env (55) from .env // tip: ⌘ custom filepath { path: '/custom/path/.env' }
OK    [0000_light_vance_astro]
OK    [0001_ai_token_billing]
OK    [0002_platform_admin_flag]
OK    [0003_document_types_country_code]
OK    [0004_attendance_multi_session]
OK    [0005_projectos_teams_and_comment_drafts]
OK    [0006_projectos_parity_gaps]
OK    [0291_payroll_phase0_safety]
OK    [0292_payroll_phase1_2_foundation]
OK    [0293_payroll_prd_ship_constraints]
OK    [0294_payroll_journal_outbox]
OK    [0295_hrms_perf_indexes]
OK    [0296_hrms_org_departments]
OK    [0297_hr_disciplinary_acknowledge]
OK    [0298_payroll_runs_entity_uniqueness]
OK    [0299_onboarding_template_org_departments]
OK    [0016_volatile_nicolaos]
OK    [0301_inv_stock_levels_natural_key]
OK    [0302_inv_perf_indexes]
OK    [0303_inv_name_uniqueness]
OK    [0304_inv_status_enums]
OK    [0007_search_trgm_indexes]
OK    [0008_user_module_access]
OK    [0300_kb_chunk_content_hash]
OK    [0305_outbox]
OK    [0306_chat_org_id]
OK    [0307_recon_additive_foundation]
OK    [0308_recon_idempotency_fences]
OK    [0309_recon_project_teams]
OK    [0310_recon_owner_pointer]
OK    [0311_recon_owner_fk_trigger]
OK    [0312_recon_org_modules_fk]
OK    [0313_recon_org_modules_backfill]
OK    [0314_recon_org_invitation_lifecycle]
OK    [0315_recon_pm_workspaces]
OK    [0316_recon_offer_fulfillment]
OK    [0317_recon_party_overlays]
OK    [0318_recon_managed_product_fields]
OK    [0319_recon_email_orgid]
OK    [0320_recon_phase_a_orgid]
OK    [0321_recon_defect_fks]
OK    [0322_recon_phase_c_candidate_keys]
OK    [0323_recon_phase_d_composite_fks]
OK    [0324_recon_directory_party_fks]
OK    [0325_recon_membership_fk]
OK    [0326_recon_owner_not_null]
OK    [0327_recon_decouple_projects_crm]
OK    [0300_timesheets_launch_grade]
OK    [0328_membership_role_assignments]
OK    [0329_owner_exactly_one]
OK    [0330_worker_engagement_overlap]
OK    [0331_pm_workspace_id_nullable]
OK    [0332_pm_workspace_id_backfill]
OK    [0333_pm_workspace_id_not_null]
OK    [0334_drop_dead_schema_objects]
OK    [0335_org_arrays_and_invites]
OK    [0336_kb_hr_array_normalization]
OK    [0337_modules_catalog]
OK    [0338_module_ownership]
OK    [0339_remaining_array_normalization]
OK    [0340_module_scoped_roles]
OK    [0341_org_units_consolidation]
OK    [0342_role_assignment_collapse]
OK    [0343_module_admin_roles]
OK    [0344_org_consolidation_finish]
OK    [0345_payroll_generation_collapse]
OK    [0346_invitation_events]
OK    [0347_fk_repairs]
OK    [0348_drop_polymorphic_tables]
OK    [0349_retire_legacy_org_tables]
OK    [0350_retire_departments]
OK    [0351_automation_consolidation]
OK    [0352_custom_fields_consolidation]
OK    [0353_billing_idempotency]
OK    [0354_drop_dead_types]
OK    [0355_journal_lines_hardening]
OK    [0356_search_and_notification_indexes]
OK    [0357_idempotency_schema]
OK    [0358_csat_and_client_slug]
OK    [0359_exit_checklists_org_id]
OK    [0360_workflow_variables_org_id]
OK    [0361_roles_durability_fields]
OK    [0362_org_owner_uniqueness]
OK    [0363_collapse_role_zoo]
OK    [0364_drop_dead_tables]
OK    [0365_drop_orphan_enum]
OK    [0366_role_column_defaults]
OK    [0367_drop_dead_user_preferences]
OK    [0368_rename_ceo_to_final]
OK    [0369_drop_platform_admin]
OK    [0370_build_project_members_org_id]
OK    [0371_build_status_check_constraints]
OK    [0372_build_pk_widening_round2]
OK    [0374_build_partial_indexes]
OK    [0375_build_drop_dead_reports]
OK    [0370_tenant_column_integrity]
OK    [0371_drop_users_role]
OK    [0372_timesheets_module]
OK    [0373_resource_grants]
OK    [0374_tenant_guc_helper]
OK    [0375_rls_canary_projects]
OK    [0376_rls_payroll_and_pii]
OK    [0377_rls_financial]
OK    [0378_rls_remaining_tenant_tables]
OK    [0379_drop_users_department_id]
OK    [0380_rls_with_check_nullable_tenant]
OK    [0381_rls_read_predicate_nullable_tenant]
OK    [0383_rls_org_members_identity_read]
OK    [0382_drop_user_permissions]
OK    [0384_rls_public_token_read]
OK    [0385_intake_project_org_resolver]
OK    [0386_survey_session_org_resolver]
OK    [0387_git_connection_org_resolver]
OK    [0388_drop_users_team]
OK    [0389_drop_users_has_dashboard_access]
OK    [0390_api_token_hardening]
OK    [0391_org_scoped_member_lifecycle]
OK    [0117_invitation-events-org-fk]
OK    [0118_module_access_indexes]
OK    [0392_payroll_worker_subject]
OK    [0393_payroll_lifecycle_worker_subject]
OK    [0394_rbac_composite_tenant_fks]
OK    [0395_validate_rbac_composite_tenant_fks]
OK    [0396_drop_verified_dead_learning_tables]
OK    [0397_normalize_delegation_permissions]
OK    [0398_backfill_hr_admin_branch_hr_recruitment_grants]
OK    [0126_build_ticket_hot_path_indexes]
OK    [0127_roadmap_items_private_by_default]
OK    [0137_add_voter_ip_hash]
OK    [0399_inv_uom_conversions]
OK    [0400_inv_valuation_grain]
OK    [0401_inv_cogs_ledger]
OK    [0402_inv_standard_costs]
OK    [0403_inv_location_scoping]
OK    [0404_inv_posting_date]
OK    [0405_inv_reservation_idempotency]
OK    [0406_inv_barcodes]
OK    [0407_inv_stock_policy]
OK    [0408_notification_category_accounting]
OK    [0409_inv_transfer_cost_carry]
OK    [0410_notification_visibility_resource_kind]
OK    [0411_suppression_reason_no_access]
OK    [0142_tickets_fractional_rank]
OK    [0143_timesheets_text_to_enums]
OK    [0412_email_suppressions]
OK    [0413_notification_retention_indexes]
OK    [0146_status_model_single_table]
OK    [0414_rename_project_event_keys_to_build]
OK    [0415_notification_preference_and_catalog_keys]
OK    [0416_tickets_soft_delete_and_version]
OK    [0150_analyze_after_build_rewrites]
OK    [0151_build_soft_delete_core]
OK    [0417_email_suppressions_rls]
OK    [0418_notification_index_hygiene]
OK    [0419_notification_outbox]
OK    [0155_roadmap_goals_soft_delete]
OK    [0156_sprint_scope_events]
OK    [0420_delivery_snapshot_and_ttl]
OK    [0158_build_temporal_types]
OK    [0159_pm_schema_gaps]
OK    [0160_build_soft_delete_final]
OK    [0421_notification_pk_widening]
OK    [0422_preference_rules_and_consent]
OK    [0379_legal_entities_create]
OK    [0379_payroll_entities_legal_entity_fk]
OK    [0423_repair_schema_drift]
OK    [0379_effective_dating_convention]
OK    [0424_ticket_search_index_function]
OK    [0425_ticket_search_bounded]
OK    [0426_notification_timestamptz]
OK    [0170_crm_soft_delete_and_partial_indexes]
OK    [0171_drop_dead_crm_leads]
OK    [0172_quotes_fx_rate_snapshot]
OK    [0426_build_identity_pks]
OK    [0427_managed_products_pk_rename]
OK    [0428_feedback_dedup_merge]
OK    [0429_digest_queue_broadcast_audience]
OK    [0430_broadcast_audience_cutover]
OK    [0431_email_outbox_scope]
OK    [0179_curved_falcon]
OK    [0180_hr_kb_partial_live_indexes]
OK    [0420_inv_webhook_event_subscriptions]
OK    [0432_drop_quiet_hours_timezone]
OK    [0183_abandoned_captain_stacy]
OK    [0184_crm_activity_task_completed]
OK    [0185_crm_suppression_hashes]
OK    [0430_project_ticket_counters]
OK    [0431_build_events_schema]
OK    [0432_build_schema]
OK    [0433_chat_presence_org_scoped_unique]
OK    [0434_chat_message_search]
OK    [0435_build_ticket_assignees_tenant_covering]
OK    [0436_hr_custom_fields_grant_backfill]
OK    [0437_chat_calendar_vocabulary_backfill]
OK    [0438_user_permission_grants]
OK    [0439_chat_mail_calendar_delegatable]
OK    [0440_mail_calendar_core_modules]
OK    [0441_home_module_ladder]
OK    [0442_directory_workers_namespace]
OK    [0443_workflows_blog_directory_delegatable]
OK    [0444_home_notifications_namespace]
OK    [0445_payroll_locked_run_immutability]
OK    [0446_attendance_leave_worker_subject]
OK    [0447_schema_drift_missing_columns]
OK    [0448_hr_relational_tables]
OK    [0449_chat_org_settings_org_only]
OK    [0450_home_module_access_keys]
OK    [0452_remove_home_access_ladder]
OK    [0453_kb_article_fts_function]
OK    [0454_lead_company_search_function]
OK    [0455_email_canonical_uniqueness]
OK    [0456_chat_deal_channel_entity_backfill]
OK    [0457_sign_envelope_view_scope]
OK    [0458_hr_relational_tables_rls]
OK    [0459_chat_invite_token_at_rest]
OK    [0460_chat_identity_primary_keys]
OK    [0461_kb_chunk_acl_columns]
OK    [0462_kb_chunk_acl_column_rename]
OK    [0463_modules_catalog_core_reconcile]
OK    [0464_calendar_source_preferences]
OK    [0205_organizations_region]
OK    [0206_party_custom_fields_and_rls]
OK    [0207_backfill_crm_party_permissions]
OK    [0208_workflow_runtime]
OK    [0209_party_roles_and_merges]
OK    [0210_backfill_party_role_permissions]
OK    [0211_subjects]
OK    [0212_backfill_subject_permissions]
OK    [0213_party_roles_merges_rls]
OK    [0214_deal_transitions_money_links]
OK    [0215_activities]
OK    [0216_backfill_activity_permissions]
OK    [0217_inbound_events]
OK    [0218_backfill_ingress_permission]
OK    [0219_autonomous_decisions]
OK    [0220_autonomy_switches]
OK    [0221_repair_party_permission_backfill]
OK    [0222_backfill_deal_activities_into_timeline]
OK    [0223_autonomy_actor_refs_survive_user_purge]
OK    [0224_autonomy_corrections]
OK    [0225_backfill_autonomy_review_permissions]
OK    [0226_repair_crm_module_role_grants]
OK    [0227_autonomy_shadow_scoring]
OK    [0228_autonomy_holds]
OK    [0229_crm_imports]
OK    [0230_backfill_import_permission]
OK    [0231_crm_mailbox_sync]
OK    [0232_repair_crm_activity_grants]
OK    [0233_deals_value_not_null]
OK    [0240_party_expand_legacy_fields]
OK    [0241_party_legacy_backfill]
OK    [0244_party_mirror_divergence_permission]
OK    [0250_data_quality_queue]
OK    [0251_backfill_data_quality_permissions]
OK    [0290_issue_records]
OK    [0260_party_identifiers]
OK    [0280_importer_at_scale]
OK    [0275_party_company_search]
OK    [0471_platform_waitlist]
OK    [0252_data_quality_health_snapshots]
OK    [0270_activities_thread_window]
OK    [0261_crm_connectors]
OK    [0253_data_quality_health_snapshots_rls]
OK    [0474_external_effect_ledger]
OK    [0473_coupon_redemption_enforcement]
OK    [0475_crm_search_id_probes]
OK    [0476_notification_read_watermark]
OK    [0477_invoice_items_backfill]
OK    [0479_audit_log_platform_events]
OK    [0480_candidate_resume_sidecar]
OK    [0481_candidate_resume_backfill]
OK    [0483_calendar_event_timezone]
OK    [0484_calendar_event_drop_recurrence]
OK    [0485_broadcast_read_receipts]
OK    [0486_hr_people_org_person_link]
OK    [0487_hr_people_org_person_validate]
OK    [0490_provider_webhook_events]
OK    [0491_migrate_dunning_to_table]
OK    [0492_invoice_immutability_trigger]
OK    [0497_ticket_key_lookup_index]
OK    [0498_kb_ingestion_hardening]
OK    [0499_search_lead_party_probe]
OK    [0500_attendees_backfill]
OK    [0501_calendar_overlap_index]
OK    [0502_platform_subscription_cursor_index]
OK    [0504_mail_metadata_cache]
OK    [0510_kb_chunk_revision_uniqueness]
OK    [0513_leave_accrual_sweep_indexes]
OK    [0507_calendar_recurrence_columns]
OK    [0508_calendar_event_exceptions]
OK    [0281_crm_import_target_entity]
OK    [0282_crm_import_rows_drop_party_columns]
OK    [0520_commercial_billing_catalog]
OK    [0521_billing_seat_ledger]
OK    [0522_billing_proration_ledger]
OK    [0523_billing_usage_events]
OK    [0524_billing_invoice_snapshots]
OK    [0540_hr_employments_custom_field_jsonb_column]
OK    [0541_hr_employments_custom_field_backfill]
OK    [0542_hr_employments_custom_field_gin_index]
OK    [0580_notification_audit_logs_widen_notification_id]
OK    [0581_chat_messages_widen_identity]
OK    [0582_notifications_partition_by_created_at]
OK    [0565_billing_invoice_snapshot_immutability]
OK    [0543_hr_position_taxonomy]
OK    [0544_hr_position_status_to_text]
OK    [0575_ticket_list_sort_indexes]
OK    [0234_business_parties_name_order]
OK    [0262_party_company_columns]
OK    [0263_crm_org_party_map]
OK    [0264_crm_org_party_backfill]
OK    [0265_party_association_columns]
OK    [0266_party_association_backfill]
OK    [0267_record_layout_adjustments]
OK    [0268_backfill_record_layouts_permission]
OK    [0269_mailbox_push_secret]
OK    [0271_crm_suppression_hashes_rls]
OK    [0272_quote_document_key]
OK    [0472_outbox_inbox_aggregate_fence]
OK    [0478_invoice_line_items_column_drop]
OK    [0482_candidate_resume_column_drop]
OK    [0590_reconcile_baseline_shape_drift]
OK    [0591b_gl_ap_ar_bank_tax_chain_repair]
OK    [0591_tenant_isolation_for_unprotected_tables]
OK    [0592_notifications_tenant_isolation]
OK    [0488_hr_people_drop_identity_cols]
OK    [0605_provider_webhook_events_tenant_scoped_unique]
OK    [0606_audit_log_platform_event_consistency]
OK    [0607_vault_access_logs_survive_document_deletion]
OK    [0608_organization_placement_and_lifecycle]
OK    [0609_employment_sensitive_fields_envelope_encryption]
OK    [0610_agent_tokens_membership_and_ceiling]
OK    [0611_delegations_and_overrides_expand_membership]
OK    [0612_delegations_and_overrides_enforce_membership]
OK    [0613_delegations_and_overrides_drop_user_columns]
OK    [0614_ownership_transfers_record_initiator]
OK    [0615_users_holds_authentication_identity_only]
OK    [0616_timesheets_declared_indexes_exist]
OK    [0617_cell_relocation_and_placement_decisions]
OK    [0618_cell_capacity_measurements]
OK    [0619_chain_creates_what_production_has]
OK    [0620_control_plane_receives_chain_tenant_isolation]
OK    [0621_candidate_resumes_tenant_column]
OK    [0622_custom_field_definitions_constraint_names]
OK    [0623_workflow_variables_tenant_constraints]
OK    [0624_inventory_sku_uniqueness_restored]
OK    [0625_relocation_copy_progress]
OK    [0626_org_members_joined_at_index]
OK    [0627_org_cell_traffic]
OK    [0628_communication_actor_normalization]
OK    [0630_restore_calendar_legacy_read_column]
OK    [0631_chat_composite_tenant_constraints]
OK    [0633_tenant_leading_indexes]
OK    [0634_rbac_actor_and_module_integrity]
OK    [0635_kb_composite_tenant_constraints]
OK    [0637_finance_cursor_retention]
OK    [0638_accounting_child_tenant_indexes]
OK    [0639_perf_reviews_cursor_indexes]
OK    [0640_helpdesk_search_and_cursor_indexes]
OK    [0641_financial_actor_audit_identity]
OK    [0645_account_org_index_last_activated]
OK    [0646_hr_actor_membership_expand]
OK    [0647_pay_time_actor_membership_expand]
OK    [0648_build_actor_membership_expand]
OK    [0636_kb_source_review_tenant_constraints]
OK    [0649_org_members_org_fk]
OK    [0649b_inv_carton_shipment_chain_repair]
OK    [0650_tenant_isolation_for_three_unprotected_tables]
OK    [0651_drop_calendar_attendee_json]
OK    [0652_repair_chat_reaction_backfill]
OK    [0489_chain_creates_early]
OK    [0655_chain_creates_remaining_catalog_objects]
OK    [0653_kb_remaining_composite_tenant_constraints]
OK    [0654_calendar_exception_tenant_fk]
OK    [0656_communication_tenant_rls]
OK    [0657_kb_article_tags_tenant_integrity]
OK    [0658_calendar_membership_actors]
OK    [0659_expense_export_jobs]
OK    [0660_communication_actor_contraction_expand]
OK    [0661_kb_page_membership_actors]
OK    [0662_kb_page_review_membership_actors]
OK    [0663_invoice_reminder_due_index]
OK    [0664_calendar_events_visibility]
OK    [0665_kb_article_chunks_acl_revision_not_null]
OK    [0668_fix_membership_fk_on_delete]
OK    [0670_kb_chunks_page_created_by_membership]
OK    [0671_kb_chunks_acl_index_membership]
OK    [0672_chat_attribution_contraction_backfill]
OK    [0673_chat_attribution_contraction_drop]
OK    [0674_support_ticket_indexes]
OK    [0675_chat_remaining_membership_fks]
OK    [0676_fix_kb_acl_revision_notnull_order]
OK    [0676b_inv_compliance_documents_chain_repair]
OK    [0677_rls_fix_guc_key]
OK    [0677b_feedback_cycle_responses_policy_repair]
OK    [0678_rls_fix_feedback_cycle_responses]
OK    [0678b_feedback_cycle_responses_rls_complete]
OK    [0680_kb_versions_author_membership]
OK    [0689_hr_person_search_function]
OK    [0690_build_ticket_activity_log_user_membership_id]
OK    [0691_build_ticket_activity_log_user_membership_id_validate]
OK    [0692_build_ticket_comment_mentions_membership_id]
OK    [0693_build_ticket_comment_mentions_membership_id_validate]
OK    [0694_build_ticket_related_links_created_by_membership_id]
OK    [0695_build_ticket_related_links_created_by_membership_id_validate]
OK    [0696_build_sprint_scope_events_actor_membership_id]
OK    [0697_build_sprint_scope_events_actor_membership_id_validate]
OK    [0698_build_workflow_transitions_created_by_membership_id]
OK    [0699_build_workflow_transitions_created_by_membership_id_validate]
OK    [0700_timesheets_idx_org_status_date]
OK    [0629_calendar_events_org_id_composite_unique]
OK    [0701_kb_ingestion_checkpoints]
OK    [0666_rls_missing_tables]
OK    [0667_fix_invitations_pending_predicate]
OK    [0669_chain_creates_inv_compliance_documents]
OK    [0679_payroll_run_export_jobs]
OK    [0702_schema_catalog_parity_missing_columns]
OK    [0700_timesheets_attr_expand]
OK    [0701_timesheets_attr_validate]
OK    [0703_kb_chunk_search_function]
OK    [0710_calendar_admin_manage_grant_backfill]
OK    [0704_mail_sync_checkpoints]
OK    [0711_timesheets_locked_by_membership_index]
OK    [0712_chat_sender_channel_creator_fk_validate]
OK    [0713_chat_presence_membership_backfill]
OK    [0714_kb_chunk_search_hybrid]
OK    [0715_timesheets_attr_contract]
OK    [0716_build_attr_contract]
OK    [0717_kb_chunk_search_restore_fence]
OK    [0718_accounting_attr_expand]
OK    [0719_accounting_attr_validate]
OK    [0720_accounting_attr_contract]
OK    [0721_calendar_attendee_user_id_contract]
OK    [0722_calendar_events_created_by_contract]
OK    [0723_mail_checkpoint_org_index]
OK    [0724_rls_mail_checkpoints_payroll_export]
OK    [0725_chat_actor_contraction_backfill]
OK    [0728_perf_count_split_indexes]
OK    [0734_operator_access_grants]
OK    [0736_chat_membership_id_not_null]
OK    [0741_storage_pending_purge]
OK    [0746_ai_usage_covering_idx]
OK    [0745_org_unit_actor_expand]
OK    [0747_operator_access_two_person_approval]
OK    [0752_cal_src_pref_membership_backfill]
OK    [0753_cal_src_pref_membership_not_null]
OK    [0754_cal_src_pref_user_id_drop]
OK    [0755_dashboard_ticket_assignee_updated_idx]
OK    [0756_fin_reminder_log_measurement]
OK    [0757_expense_export_truncated_scope]
OK    [0758_org_unit_members_membership_not_null]
OK    [0759_org_unit_drop_legacy_user_ids]
OK    [0760_chat_channel_members_drop_user_id]
OK    [0761_chat_presence_membership_fk_cascade]
OK    [0762_chat_presence_membership_not_null]
OK    [0763_drop_stale_membership_fks]
OK    [0764_managed_products_owner_fk_set_null]
OK    [0765_chat_messages_sender_fk_set_null]
OK    [0766_ticket_activity_log_user_fk_set_null]
OK    [0767_ticket_comment_mentions_fk_set_null]
OK    [0767b_inv_table_chain_repair]
OK    [0768_rls_uncovered_tenant_tables]
OK    [0769_org_led_indexes_sprints_kb_pages]
OK    [0770_set_null_fk_column_lists]
OK    [0771_contacts_notes]
OK    [0772_audit_logs_org_actor_membership_fk]
OK    [0773_dedupe_notification_audit_log_fks]
OK    [0774_chat_channel_position]
OK    [0775_audit_logs_cursor_indexes]
OK    [0776_inv_compliance_documents_rls]
OK    [0777_invoices_reminder_sweep_index]
OK    [0778_chat_membership_fks]
OK    [0779_chat_membership_fks_validate]
OK    [0781_hr_safety_cases_candidate_search_fns]
OK    [0782_hr_policies_templates_interview_search_fns]
OK    [0783_hr_cursor_indexes]
OK    [0784_invitations_invited_by_nullable]
OK    [0785_invitations_drop_invited_by]
OK    [0786_finance_report_export_jobs]
OK    [0787_workflow_secrets_encrypt_rls]
OK    [0788_chat_saved_messages_validate]
OK    [0789_chat_saved_messages_drop_user_id]
OK    [0790_calendar_actor_normalize_confirm]
OK    [0792_payroll_run_export_truncated]
OK    [0793_journal_entries_immutability_trigger]
OK    [0794_kb_chat_history_retention]
OK    [0795_gdpr_export_jobs]
OK    [0796_kb_actor_membership_companion]
OK    [0797_huddle_actor_membership_confirm]
OK    [0798_huddle_drop_user_columns]
OK    [0799_chat_actor_backfill_validate]
OK    [0800_chat_actor_legacy_drop]
OK    [0801_calendar_attendee_cutover]
OK    [0802_calendar_legacy_fk_drop]
OK    [0803_directory_people_search]
OK    [0804_operator_access_org_index]
OK    [0805_payroll_batch_and_roles_indexes]
OK    [0806_keyset_sort_indexes]
OK    [0807_hr_core_actor_membership_additive]
OK    [0808_hr_core_actor_legacy_drop]
OK    [0809_timesheets_companion_validate]
OK    [0810_timesheets_approved_by_drop]
OK    [0811_payroll_actor_companion]
OK    [0812_payroll_actor_legacy_drop]
OK    [0813_kb_events_credits_actor_membership_companion]
OK    [0814_kb_events_credits_actor_legacy_drop]
OK    [0815_common_module_actor_companion]
OK    [0816_common_module_actor_drop]
OK    [0817_crm_actor_membership_companion]
OK    [0818_inv_actor_membership_companion]
OK    [0819_gdpr_export_jobs_tenant_isolation]
OK    [0820_timesheets_portal_actor_companion]
OK    [0821_esign_actor_legacy_drop]
OK    [0822_mail_directory_actor_legacy_drop]
OK    [0823_timesheets_attr_actor_drop]
OK    [0824_timesheets_auth_owner_drop]
OK    [0825_portal_auth_owner_drop]
OK    [0826_export_jobs_cancelled_status]
OK    [0828_tickets_org_created_live_index]
OK    [0829_drop_calendar_actor_migration_report]
OK    [0830_timesheet_approved_actor_set_null]
OK    [0831_calendar_chat_channel_creator_set_null]
OK    [0832_build_attribution_actor_set_null]
OK    [0833_claims_export_attribution_set_null]
OK    [0834_payroll_approvals_journal_set_null]
OK    [0835_payroll_runs_actor_set_null]
OK    [0836_worker_engagements_created_actor_set_null]
OK    [0837_expense_export_jobs_requester_set_null]
OK    [0838_chat_channels_creator_set_null]
OK    [0839_fix_set_null_on_not_null_actor_columns]
OK    [0840_audit_logs_immutability]
OK    [0841_feature_flags_governance]
OK    [0842_subscription_payments_amount_paise]
OK    [0843_blog_posts_search_tsvector]
OK    [0844_email_outbox_recipient_user_id]
OK    [0845_hr_leave_requests_user_actor]
OK    [0846_hr_wfh_requests_user_actor]
OK    [0847_hr_attendance_regularizations_user_actor]
OK    [0848_hr_documents_user_actor]
OK    [0849_hr_cases_actor]
OK    [0850_hr_resignations_user_actor]
OK    [0851_hr_actor_migrations_batch1_validate]
OK    [0852_kb_chat_research_briefs_spaces_membership]
OK    [0853_accounting_billing_membership]
OK    [0854_a4_membership_validate]
OK    [0860_pay_claims_user_actor]
OK    [0861_pay_expenses_user_actor]
OK    [0862_pay_run_employee_inputs_user_actor]
OK    [0863_pay_profiles_payslips_user_actor]
OK    [0864_pay_hr_input_asset_user_actor]
OK    [0865_support_actor_expand]
OK    [0866_pay_support_actor_validate]
OK    [0900_build_actor_membership_ids]
OK    [0901_common_actor_membership_ids]
OK    [0902_hr_wellness_mood_actor_expand]
OK    [0903_hr_disciplinary_actor_expand]
OK    [0904_hr_proxy_access_actor_expand]
OK    [0905_hr_recognitions_actor_expand]
OK    [0906_hr_workflow_actor_expand]
OK    [0907_hr_actor_batch2_validate]
OK    [0908_build_actor_backfill]
OK    [0909_build_common_actor_validate]
OK    [0910_common_notification_actor_drop]
OK    [0911_support_ticket_drafts_actor_drop]
OK    [0912_kb_research_briefs_actor_drop]
OK    [0913_kb_space_members_actor_drop]
OK    [0914_kb_remaining_actor_drop]
OK    [0915_support_routing_actor_drop]
OK    [0916_support_remaining_actor_drop]
OK    [0917_build_actor_drop]
OK    [0918_common_actor_contract]
OK    [0919_s03_billing_affiliate_actor_contract]
OK    [0920_s03_ai_accounting_actor_contract]
OK    [0921_hr_people_performance_recruiting_actor_contract]
OK    [0922_hr_employee_career_plan_actor_contract]
OK    [0923_hr_cases_benefits_actor_contract]
OK    [0924_s01_hr_remaining_actor_contract]
OK    [0925_hr_attendance_regularization_decision_actors]
OK    [0926_s03_actor_fk_contract]
OK    [0927_s01_invitation_membership_fk_contract]
OK    [0928_organization_purge_audit_hardening]
OK    [0929_gdpr_correction_request]
OK    [0930_audit_logs_append_only_trigger]
OK    [0931_s02_build_read_cost_covering_indexes]
OK    [0932_s02_announcements_read_cost_index]
OK    [0938_ar02_build_self_ref_composite_fks]
OK    [0939_ar02_billing_composite_fks]
OK    [0940_ar02_misc_composite_fks]
OK    [0941_ar02_drop_redundant_single_fks]
OK    [0943_ar02_build_composite_fks]
OK    [0944_ar02_build_composite_fks]
OK    [0945_ar02_build_composite_fks]
OK    [0946_ar02_build_composite_fks]
OK    [0947_ar02_build_composite_fks]
OK    [0948_ar02_drop_build_single_fks]
OK    [0949_ar02_hr_payroll_unique_prereqs]
OK    [0950_ar02_hr_recruitment_composite_fks_1]
OK    [0951_ar02_hr_recruitment_composite_fks_2]
OK    [0952_ar02_hr_core_composite_fks_1]
OK    [0953_ar02_hr_core_composite_fks_2]
OK    [0954_ar02_hr_payroll_timesheet_composite_fks]
OK    [0955_ar02_drop_hr_payroll_single_fks]
OK    [0957_ar02_drop_workflow_single_fks]
OK    [0956_dashboard_read_path_indexes]
OK    [0962_ar02_tenant_fk_unique_prereqs]
OK    [0963_ar02_canonical_tenant_fks_1]
OK    [0964_ar02_canonical_tenant_fks_2]
OK    [0965_ar02_canonical_tenant_fks_3]
OK    [0966_ar02_canonical_tenant_fks_4]
OK    [0967_ar02_canonical_tenant_fks_5]
OK    [0968_ar02_canonical_tenant_fks_6]
OK    [0969_ar02_canonical_tenant_fks_7]
OK    [0970_ar02_drop_superseded_tenant_fks_1]
OK    [0971_ar02_drop_superseded_tenant_fks_2]
OK    [0972_ar02_drop_superseded_tenant_fks_3]
OK    [0973_ar02_drop_superseded_tenant_fks_4]
OK    [0974_ar02_ai_actor_set_null_column_list]
OK    [0975_ar02_unenforced_tenant_relationships]
OK    [0976_ar02_declared_tenant_uniques]
OK    [0977_ar02_drop_duplicate_composite_fks]
OK    [0978_ar02_organization_id_tenant_fks]
OK    [0982_ar02_drop_live_duplicate_composites]
OK    [0933_ar07_payroll_run_posting_state]
OK    [0961_storage_file_quarantine]
OK    [0934_ar05_calendar_provider_sync_queue]
OK    [0942_storage_multipart_intents]
OK    [0980_chat_message_client_idempotency]
OK    [0981_chat_channel_privacy_invariant]
OK    [0985_s02_declared_actor_columns]
OK    [0986_ar02_resolve_conflicting_actor_fks]
OK    [0983_s12_gdpr_partial_export_status]
OK    [0984_s12_git_webhook_seen_deliveries]
OK    [0987_s02_attendance_actor_column]
OK    [0988_s02_rls_for_new_tenant_tables]
OK    [0989_wf_execution_dlq_status]
OK    [0990_support_template_grant_backfill]
OK    [0991_calendar_event_local_version]
OK    [0992_set_null_referential_actions_repair]
OK    [0993_coupons_tenant_scoped_code_unique]
OK    [0994_s08_rls_for_unpoliced_inventory_tables]
OK    [0995_s08_credit_note_tenant_foreign_keys]
OK    [0996_s08_leading_tenant_indexes]
OK    [0997_s08_read_path_indexes]
OK    [0998_s08_drop_orphan_enum_types]
OK    [0999_s08_drop_redundant_indexes]
OK    [1000_s08_plan_measured_indexes_and_kb_ann]
OK    [1001_s08_payroll_financial_immutability]
OK    [1002_s08_payroll_read_path_indexes]
OK    [1003_s08_residual_duplicate_keys]
OK    [1004_s08_payroll_lock_guard_org_purge]
OK    [1005_s08_feedbucket_modules_catalog_row]
OK    [1006_s09_drop_redundant_single_column_tenant_fks]
OK    [1007_s09_restore_measured_tenant_indexes]
OK    [1008_s09_hash_support_inbound_secrets]
OK    [1009_s09_inv_stock_transactions_single_column_fks]
OK    [1021_t29_kb_page_links_record_unique]
OK    [1022_t29_mail_metadata_search_and_keyset]
OK    [1030_t24_payroll_tds_ytd_immutability]
OK    [1023_t07b_billing_legacy_integer_id_columns]
OK    [1024_t07b_tenant_anchor_foreign_keys]
OK    [1025_t07b_composite_self_reference_foreign_keys]
OK    [1026_t07b_payroll_tds_ytd_ledger_run_foreign_key]
OK    [1040_t29_kb_membership_and_template_uniques]
OK    [1027_t07b_dashboard_my_tasks_assignee_updated_index]
OK    [1041_t22c_attendance_membership_history_index]
OK    [1042_t29_kb_page_attachments]
OK    [1043_t08_nullable_tenant_composite_fk_guards]
OK    [1044_t41_kb_page_attachments_rls]
OK    [1045_t44b_storage_pending_purge_bucket]
OK    [1046_t15f_support_ticket_watchers_actor_contract]
OK    [1047_t33_backfill_public_object_urls]
OK    [1048_hr_people_org_person_link_unique]
OK    [1049_t08_payroll_bank_batch_item_natural_key]
OK    [1050_t08_payroll_tds_ytd_run_in_natural_key]
OK    [1051_t03_membership_removal_restrict_to_set_null]
OK    [1052_t07_roster_entries_natural_key]
OK    [1053_t03_inv_user_warehouse_grant_cascade]
OK    [1054_chat_presence_membership_unique_total]
OK    [1055_t02_affiliates_org_scoped_user_unique]
OK    [1056_drop_duplicate_single_column_fks]
OK    [1057_calendar_connection_org_resolver]
OK    [1058_chat_read_path_indexes]
OK    [1059_build_board_rank_sort_index]
OK    [1060_chat_reply_reminder_pending_index]
OK    [1061_push_endpoint_cross_tenant_claim]

RESULT: REACHED_HEAD 685/685
