◇ injected env (0) from .env // tip: ⌘ override existing { override: true }
{
  "measuredAt": "2026-09-04T07:31:34.698Z",
  "thresholdMb": 1,
  "summary": {
    "highGrowthTables": 14,
    "covered": 8,
    "keepForever": 6,
    "uncovered": 0
  },
  "uncovered": [],
  "covered": [
    {
      "table_name": "kb_article_chunks",
      "policy_table": "kb_article_chunks",
      "total_mb": 497,
      "n_live_tup": 30000,
      "status": "COVERED",
      "decision": "RETAIN-BOUNDED",
      "worker": "CronKbChunkRetentionService",
      "notes": "Prune chunks whose parent article/page is deleted or unpublished. 30k rows, 497 MB."
    },
    {
      "table_name": "helpdesk_tickets",
      "policy_table": "helpdesk_tickets",
      "total_mb": 237,
      "n_live_tup": 220000,
      "status": "COVERED",
      "decision": "RETAIN-BOUNDED",
      "worker": "CronHelpdeskRetentionService",
      "notes": "730-day retention after resolved_at; only resolved or closed tickets are eligible. forEachOrg, batch 200, legal-hold exclusion, comments cascade."
    },
    {
      "table_name": "mail_message_metadata",
      "policy_table": "mail_message_metadata",
      "total_mb": 12,
      "n_live_tup": 20100,
      "status": "COVERED",
      "decision": "RETAIN-BOUNDED",
      "worker": "CronMailRetentionService",
      "notes": "365-day retention from synced_at. A re-syncable projection of the provider mailbox, not the system of record. forEachOrg, batch 500."
    },
    {
      "table_name": "announcements",
      "policy_table": "announcements",
      "total_mb": 9,
      "n_live_tup": 20100,
      "status": "COVERED",
      "decision": "RETAIN-BOUNDED",
      "worker": "CronAnnouncementsRetentionService",
      "notes": "Expired past a 90-day grace and aged past 730 days. forEachOrg, batch 200 per phase; targets and reads cascade."
    },
    {
      "table_name": "chat_messages",
      "policy_table": "chat_messages",
      "total_mb": 7,
      "n_live_tup": 4250,
      "status": "COVERED",
      "decision": "PARTITION+ARCHIVE",
      "worker": "NotificationRetentionService (detach+drop)",
      "notes": "Partitioned monthly. DETACH PARTITION CONCURRENTLY + DROP. 365-day retention."
    },
    {
      "table_name": "email_outbox",
      "policy_table": "email_outbox",
      "total_mb": 2,
      "n_live_tup": 341,
      "status": "COVERED",
      "decision": "RETAIN-BOUNDED",
      "worker": "CronNotificationRetentionService",
      "notes": "90-day body purge, 13-month record delete."
    },
    {
      "table_name": "hr_people",
      "policy_table": "hr_people",
      "total_mb": 2,
      "n_live_tup": 5001,
      "status": "COVERED",
      "decision": "RETAIN-BOUNDED",
      "worker": "CronHrRetentionService (via hr_retention_policies)",
      "notes": "Soft-delete only. Legal-hold exclusion enforced. Policy-driven (hr_retention_policies table)."
    },
    {
      "table_name": "notification_events",
      "policy_table": "notification_events",
      "total_mb": 1,
      "n_live_tup": 155,
      "status": "COVERED",
      "decision": "RETAIN-BOUNDED",
      "worker": "CronNotificationRetentionService (body purge + record delete)",
      "notes": "90-day body purge, 13-month record delete."
    }
  ],
  "keepForever": [
    {
      "table_name": "performance_reviews",
      "policy_table": "performance_reviews",
      "total_mb": 141,
      "n_live_tup": 220000,
      "status": "KEEP-FOREVER",
      "decision": "KEEP-FOREVER",
      "worker": null,
      "notes": "Employment-record obligation used in succession, compensation and dispute evidence. No deleted_at column; deletion needs an approved per-org statutory rule."
    },
    {
      "table_name": "timesheets",
      "policy_table": "timesheets",
      "total_mb": 10,
      "n_live_tup": 5000,
      "status": "KEEP-FOREVER",
      "decision": "KEEP-FOREVER",
      "worker": null,
      "notes": "Payroll-adjacent compliance obligation. 5k rows, 10.7 MB. No deletion allowed."
    },
    {
      "table_name": "hr_employments",
      "policy_table": "hr_employments",
      "total_mb": 3,
      "n_live_tup": 5001,
      "status": "KEEP-FOREVER",
      "decision": "KEEP-FOREVER",
      "worker": null,
      "notes": "Employment records carry payroll and statutory obligations. Not deletable."
    },
    {
      "table_name": "permissions",
      "policy_table": "permissions",
      "total_mb": 3,
      "n_live_tup": 744,
      "status": "KEEP-FOREVER",
      "decision": "KEEP-FOREVER",
      "worker": null,
      "notes": "RBAC permission catalog. Grows as features are added, shrinks on removal. Configuration state, not event-sourced. 3 MB is mostly index overhead on 731 rows."
    },
    {
      "table_name": "role_permission_grants",
      "policy_table": "role_permission_grants",
      "total_mb": 2,
      "n_live_tup": 5699,
      "status": "KEEP-FOREVER",
      "decision": "KEEP-FOREVER",
      "worker": null,
      "notes": "Per-org role grants. Rows are deleted when grants are revoked or roles removed (cascading). Not append-only — size is bounded by org count × role count. No sweep needed."
    },
    {
      "table_name": "hr_reporting_lines",
      "policy_table": "hr_reporting_lines",
      "total_mb": 1,
      "n_live_tup": 1000,
      "status": "KEEP-FOREVER",
      "decision": "KEEP-FOREVER",
      "worker": null,
      "notes": "Effective-dated reporting history supports employment/payroll auditability and is bounded by employment history; no automated deletion is permitted without an approved statutory-retention rule."
    }
  ],
  "allHighGrowth": [
    {
      "table_name": "kb_article_chunks",
      "policy_table": "kb_article_chunks",
      "total_mb": 497,
      "n_live_tup": 30000,
      "status": "COVERED",
      "decision": "RETAIN-BOUNDED",
      "worker": "CronKbChunkRetentionService",
      "notes": "Prune chunks whose parent article/page is deleted or unpublished. 30k rows, 497 MB."
    },
    {
      "table_name": "helpdesk_tickets",
      "policy_table": "helpdesk_tickets",
      "total_mb": 237,
      "n_live_tup": 220000,
      "status": "COVERED",
      "decision": "RETAIN-BOUNDED",
      "worker": "CronHelpdeskRetentionService",
      "notes": "730-day retention after resolved_at; only resolved or closed tickets are eligible. forEachOrg, batch 200, legal-hold exclusion, comments cascade."
    },
    {
      "table_name": "performance_reviews",
      "policy_table": "performance_reviews",
      "total_mb": 141,
      "n_live_tup": 220000,
      "status": "KEEP-FOREVER",
      "decision": "KEEP-FOREVER",
      "worker": null,
      "notes": "Employment-record obligation used in succession, compensation and dispute evidence. No deleted_at column; deletion needs an approved per-org statutory rule."
    },
    {
      "table_name": "mail_message_metadata",
      "policy_table": "mail_message_metadata",
      "total_mb": 12,
      "n_live_tup": 20100,
      "status": "COVERED",
      "decision": "RETAIN-BOUNDED",
      "worker": "CronMailRetentionService",
      "notes": "365-day retention from synced_at. A re-syncable projection of the provider mailbox, not the system of record. forEachOrg, batch 500."
    },
    {
      "table_name": "timesheets",
      "policy_table": "timesheets",
      "total_mb": 10,
      "n_live_tup": 5000,
      "status": "KEEP-FOREVER",
      "decision": "KEEP-FOREVER",
      "worker": null,
      "notes": "Payroll-adjacent compliance obligation. 5k rows, 10.7 MB. No deletion allowed."
    },
    {
      "table_name": "announcements",
      "policy_table": "announcements",
      "total_mb": 9,
      "n_live_tup": 20100,
      "status": "COVERED",
      "decision": "RETAIN-BOUNDED",
      "worker": "CronAnnouncementsRetentionService",
      "notes": "Expired past a 90-day grace and aged past 730 days. forEachOrg, batch 200 per phase; targets and reads cascade."
    },
    {
      "table_name": "chat_messages",
      "policy_table": "chat_messages",
      "total_mb": 7,
      "n_live_tup": 4250,
      "status": "COVERED",
      "decision": "PARTITION+ARCHIVE",
      "worker": "NotificationRetentionService (detach+drop)",
      "notes": "Partitioned monthly. DETACH PARTITION CONCURRENTLY + DROP. 365-day retention."
    },
    {
      "table_name": "hr_employments",
      "policy_table": "hr_employments",
      "total_mb": 3,
      "n_live_tup": 5001,
      "status": "KEEP-FOREVER",
      "decision": "KEEP-FOREVER",
      "worker": null,
      "notes": "Employment records carry payroll and statutory obligations. Not deletable."
    },
    {
      "table_name": "permissions",
      "policy_table": "permissions",
      "total_mb": 3,
      "n_live_tup": 744,
      "status": "KEEP-FOREVER",
      "decision": "KEEP-FOREVER",
      "worker": null,
      "notes": "RBAC permission catalog. Grows as features are added, shrinks on removal. Configuration state, not event-sourced. 3 MB is mostly index overhead on 731 rows."
    },
    {
      "table_name": "role_permission_grants",
      "policy_table": "role_permission_grants",
      "total_mb": 2,
      "n_live_tup": 5699,
      "status": "KEEP-FOREVER",
      "decision": "KEEP-FOREVER",
      "worker": null,
      "notes": "Per-org role grants. Rows are deleted when grants are revoked or roles removed (cascading). Not append-only — size is bounded by org count × role count. No sweep needed."
    },
    {
      "table_name": "email_outbox",
      "policy_table": "email_outbox",
      "total_mb": 2,
      "n_live_tup": 341,
      "status": "COVERED",
      "decision": "RETAIN-BOUNDED",
      "worker": "CronNotificationRetentionService",
      "notes": "90-day body purge, 13-month record delete."
    },
    {
      "table_name": "hr_people",
      "policy_table": "hr_people",
      "total_mb": 2,
      "n_live_tup": 5001,
      "status": "COVERED",
      "decision": "RETAIN-BOUNDED",
      "worker": "CronHrRetentionService (via hr_retention_policies)",
      "notes": "Soft-delete only. Legal-hold exclusion enforced. Policy-driven (hr_retention_policies table)."
    },
    {
      "table_name": "notification_events",
      "policy_table": "notification_events",
      "total_mb": 1,
      "n_live_tup": 155,
      "status": "COVERED",
      "decision": "RETAIN-BOUNDED",
      "worker": "CronNotificationRetentionService (body purge + record delete)",
      "notes": "90-day body purge, 13-month record delete."
    },
    {
      "table_name": "hr_reporting_lines",
      "policy_table": "hr_reporting_lines",
      "total_mb": 1,
      "n_live_tup": 1000,
      "status": "KEEP-FOREVER",
      "decision": "KEEP-FOREVER",
      "worker": null,
      "notes": "Effective-dated reporting history supports employment/payroll auditability and is bounded by employment history; no automated deletion is permitted without an approved statutory-retention rule."
    }
  ]
}
