◇ injected env (55) from .env // tip: ◈ secrets for agents [www.dotenvx.com]
OK    [0000_light_vance_astro]
OK    [0001_ai_token_billing]
OK    [0002_platform_admin_flag]
OK    [0003_document_types_country_code]
OK    [0004_attendance_multi_session]
OK    [0005_projectos_teams_and_comment_drafts]
OK    [0006_projectos_parity_gaps]
OK    [0291_payroll_phase0_safety]
OK    [0292_payroll_phase1_2_foundation]
OK    [0293_payroll_prd_ship_constraints]
OK    [0294_payroll_journal_outbox]
OK    [0295_hrms_perf_indexes]
OK    [0296_hrms_org_departments]
OK    [0297_hr_disciplinary_acknowledge]
OK    [0298_payroll_runs_entity_uniqueness]
OK    [0299_onboarding_template_org_departments]
OK    [0016_volatile_nicolaos]
OK    [0301_inv_stock_levels_natural_key]
OK    [0302_inv_perf_indexes]
OK    [0303_inv_name_uniqueness]
OK    [0304_inv_status_enums]
OK    [0007_search_trgm_indexes]
OK    [0008_user_module_access]
OK    [0300_kb_chunk_content_hash]
OK    [0305_outbox]
OK    [0306_chat_org_id]
OK    [0307_recon_additive_foundation]
OK    [0308_recon_idempotency_fences]
OK    [0309_recon_project_teams]
OK    [0310_recon_owner_pointer]
OK    [0311_recon_owner_fk_trigger]
OK    [0312_recon_org_modules_fk]
OK    [0313_recon_org_modules_backfill]
OK    [0314_recon_org_invitation_lifecycle]
OK    [0315_recon_pm_workspaces]
OK    [0316_recon_offer_fulfillment]
OK    [0317_recon_party_overlays]
OK    [0318_recon_managed_product_fields]
OK    [0319_recon_email_orgid]
OK    [0320_recon_phase_a_orgid]
OK    [0321_recon_defect_fks]
OK    [0322_recon_phase_c_candidate_keys]
OK    [0323_recon_phase_d_composite_fks]
OK    [0324_recon_directory_party_fks]
OK    [0325_recon_membership_fk]
OK    [0326_recon_owner_not_null]
OK    [0327_recon_decouple_projects_crm]
OK    [0300_timesheets_launch_grade]
OK    [0328_membership_role_assignments]
OK    [0329_owner_exactly_one]
OK    [0330_worker_engagement_overlap]
OK    [0331_pm_workspace_id_nullable]
OK    [0332_pm_workspace_id_backfill]
OK    [0333_pm_workspace_id_not_null]
OK    [0334_drop_dead_schema_objects]
OK    [0335_org_arrays_and_invites]
OK    [0336_kb_hr_array_normalization]
OK    [0337_modules_catalog]
OK    [0338_module_ownership]
OK    [0339_remaining_array_normalization]
OK    [0340_module_scoped_roles]
OK    [0341_org_units_consolidation]
OK    [0342_role_assignment_collapse]
OK    [0343_module_admin_roles]
OK    [0344_org_consolidation_finish]
OK    [0345_payroll_generation_collapse]
OK    [0346_invitation_events]
OK    [0347_fk_repairs]
OK    [0348_drop_polymorphic_tables]
OK    [0349_retire_legacy_org_tables]
OK    [0350_retire_departments]
OK    [0351_automation_consolidation]
OK    [0352_custom_fields_consolidation]
OK    [0353_billing_idempotency]
OK    [0354_drop_dead_types]
OK    [0355_journal_lines_hardening]
OK    [0356_search_and_notification_indexes]
OK    [0357_idempotency_schema]
OK    [0358_csat_and_client_slug]
OK    [0359_exit_checklists_org_id]
OK    [0360_workflow_variables_org_id]
OK    [0361_roles_durability_fields]
OK    [0362_org_owner_uniqueness]
OK    [0363_collapse_role_zoo]
OK    [0364_drop_dead_tables]
OK    [0365_drop_orphan_enum]
OK    [0366_role_column_defaults]
OK    [0367_drop_dead_user_preferences]
OK    [0368_rename_ceo_to_final]
OK    [0369_drop_platform_admin]
OK    [0370_build_project_members_org_id]
OK    [0371_build_status_check_constraints]
OK    [0372_build_pk_widening_round2]
OK    [0374_build_partial_indexes]
OK    [0375_build_drop_dead_reports]
OK    [0370_tenant_column_integrity]
OK    [0371_drop_users_role]
OK    [0372_timesheets_module]
OK    [0373_resource_grants]
OK    [0374_tenant_guc_helper]
OK    [0375_rls_canary_projects]
OK    [0376_rls_payroll_and_pii]
OK    [0377_rls_financial]
OK    [0378_rls_remaining_tenant_tables]
OK    [0379_drop_users_department_id]
OK    [0380_rls_with_check_nullable_tenant]
OK    [0381_rls_read_predicate_nullable_tenant]
OK    [0383_rls_org_members_identity_read]
OK    [0382_drop_user_permissions]
OK    [0384_rls_public_token_read]
OK    [0385_intake_project_org_resolver]
OK    [0386_survey_session_org_resolver]
OK    [0387_git_connection_org_resolver]
OK    [0388_drop_users_team]
OK    [0389_drop_users_has_dashboard_access]
OK    [0390_api_token_hardening]
OK    [0391_org_scoped_member_lifecycle]
OK    [0117_invitation-events-org-fk]
OK    [0118_module_access_indexes]
OK    [0392_payroll_worker_subject]
OK    [0393_payroll_lifecycle_worker_subject]
OK    [0394_rbac_composite_tenant_fks]
OK    [0395_validate_rbac_composite_tenant_fks]
OK    [0396_drop_verified_dead_learning_tables]
OK    [0397_normalize_delegation_permissions]
OK    [0398_backfill_hr_admin_branch_hr_recruitment_grants]
OK    [0126_build_ticket_hot_path_indexes]
OK    [0127_roadmap_items_private_by_default]
OK    [0137_add_voter_ip_hash]
OK    [0399_inv_uom_conversions]
OK    [0400_inv_valuation_grain]
OK    [0401_inv_cogs_ledger]
OK    [0402_inv_standard_costs]
OK    [0403_inv_location_scoping]
OK    [0404_inv_posting_date]
OK    [0405_inv_reservation_idempotency]
OK    [0406_inv_barcodes]
OK    [0407_inv_stock_policy]
OK    [0408_notification_category_accounting]
OK    [0409_inv_transfer_cost_carry]
OK    [0410_notification_visibility_resource_kind]
OK    [0411_suppression_reason_no_access]
OK    [0142_tickets_fractional_rank]
OK    [0143_timesheets_text_to_enums]
OK    [0412_email_suppressions]
OK    [0413_notification_retention_indexes]
OK    [0146_status_model_single_table]
OK    [0414_rename_project_event_keys_to_build]
OK    [0415_notification_preference_and_catalog_keys]
OK    [0416_tickets_soft_delete_and_version]
OK    [0150_analyze_after_build_rewrites]
OK    [0151_build_soft_delete_core]
OK    [0417_email_suppressions_rls]
OK    [0418_notification_index_hygiene]
OK    [0419_notification_outbox]
OK    [0155_roadmap_goals_soft_delete]
OK    [0156_sprint_scope_events]
OK    [0420_delivery_snapshot_and_ttl]
OK    [0158_build_temporal_types]
OK    [0159_pm_schema_gaps]
OK    [0160_build_soft_delete_final]
OK    [0421_notification_pk_widening]
OK    [0422_preference_rules_and_consent]
OK    [0379_legal_entities_create]
OK    [0379_payroll_entities_legal_entity_fk]
OK    [0423_repair_schema_drift]
OK    [0379_effective_dating_convention]
OK    [0424_ticket_search_index_function]
OK    [0425_ticket_search_bounded]
OK    [0426_notification_timestamptz]
OK    [0170_crm_soft_delete_and_partial_indexes]
OK    [0171_drop_dead_crm_leads]
OK    [0172_quotes_fx_rate_snapshot]
OK    [0426_build_identity_pks]
OK    [0427_managed_products_pk_rename]
OK    [0428_feedback_dedup_merge]
OK    [0429_digest_queue_broadcast_audience]
OK    [0430_broadcast_audience_cutover]
OK    [0431_email_outbox_scope]
OK    [0179_curved_falcon]
OK    [0180_hr_kb_partial_live_indexes]
OK    [0420_inv_webhook_event_subscriptions]
OK    [0432_drop_quiet_hours_timezone]
OK    [0183_abandoned_captain_stacy]
OK    [0184_crm_activity_task_completed]
OK    [0185_crm_suppression_hashes]
OK    [0430_project_ticket_counters]
OK    [0431_build_events_schema]
OK    [0432_build_schema]
OK    [0433_chat_presence_org_scoped_unique]
OK    [0434_chat_message_search]
OK    [0435_build_ticket_assignees_tenant_covering]
OK    [0436_hr_custom_fields_grant_backfill]
OK    [0437_chat_calendar_vocabulary_backfill]
OK    [0438_user_permission_grants]
OK    [0439_chat_mail_calendar_delegatable]
OK    [0440_mail_calendar_core_modules]
OK    [0441_home_module_ladder]
OK    [0442_directory_workers_namespace]
OK    [0443_workflows_blog_directory_delegatable]
OK    [0444_home_notifications_namespace]
OK    [0445_payroll_locked_run_immutability]
OK    [0446_attendance_leave_worker_subject]
OK    [0447_schema_drift_missing_columns]
OK    [0448_hr_relational_tables]
OK    [0449_chat_org_settings_org_only]
OK    [0450_home_module_access_keys]
OK    [0452_remove_home_access_ladder]
OK    [0453_kb_article_fts_function]
OK    [0454_lead_company_search_function]
OK    [0455_email_canonical_uniqueness]
OK    [0456_chat_deal_channel_entity_backfill]
OK    [0457_sign_envelope_view_scope]
OK    [0458_hr_relational_tables_rls]
OK    [0459_chat_invite_token_at_rest]
OK    [0460_chat_identity_primary_keys]
OK    [0461_kb_chunk_acl_columns]
OK    [0462_kb_chunk_acl_column_rename]
OK    [0463_modules_catalog_core_reconcile]
OK    [0464_calendar_source_preferences]
OK    [0205_organizations_region]
OK    [0206_party_custom_fields_and_rls]
OK    [0207_backfill_crm_party_permissions]
OK    [0208_workflow_runtime]
OK    [0209_party_roles_and_merges]
OK    [0210_backfill_party_role_permissions]
OK    [0211_subjects]
OK    [0212_backfill_subject_permissions]
OK    [0213_party_roles_merges_rls]
OK    [0214_deal_transitions_money_links]
OK    [0215_activities]
OK    [0216_backfill_activity_permissions]
OK    [0217_inbound_events]
OK    [0218_backfill_ingress_permission]
OK    [0219_autonomous_decisions]
OK    [0220_autonomy_switches]
OK    [0221_repair_party_permission_backfill]
OK    [0222_backfill_deal_activities_into_timeline]
OK    [0223_autonomy_actor_refs_survive_user_purge]
OK    [0224_autonomy_corrections]
OK    [0225_backfill_autonomy_review_permissions]
OK    [0226_repair_crm_module_role_grants]
OK    [0227_autonomy_shadow_scoring]
OK    [0228_autonomy_holds]
OK    [0229_crm_imports]
OK    [0230_backfill_import_permission]
OK    [0231_crm_mailbox_sync]
OK    [0232_repair_crm_activity_grants]
OK    [0233_deals_value_not_null]
OK    [0240_party_expand_legacy_fields]
OK    [0241_party_legacy_backfill]
OK    [0244_party_mirror_divergence_permission]
OK    [0250_data_quality_queue]
OK    [0251_backfill_data_quality_permissions]
OK    [0290_issue_records]
OK    [0260_party_identifiers]
OK    [0280_importer_at_scale]
OK    [0275_party_company_search]
OK    [0471_platform_waitlist]
OK    [0252_data_quality_health_snapshots]
OK    [0270_activities_thread_window]
OK    [0261_crm_connectors]
OK    [0253_data_quality_health_snapshots_rls]
OK    [0474_external_effect_ledger]
OK    [0473_coupon_redemption_enforcement]
OK    [0475_crm_search_id_probes]
OK    [0476_notification_read_watermark]
OK    [0477_invoice_items_backfill]
OK    [0479_audit_log_platform_events]
OK    [0480_candidate_resume_sidecar]
OK    [0481_candidate_resume_backfill]
OK    [0483_calendar_event_timezone]
OK    [0484_calendar_event_drop_recurrence]
OK    [0485_broadcast_read_receipts]
OK    [0486_hr_people_org_person_link]
OK    [0487_hr_people_org_person_validate]
OK    [0490_provider_webhook_events]
OK    [0491_migrate_dunning_to_table]
OK    [0492_invoice_immutability_trigger]
OK    [0497_ticket_key_lookup_index]
OK    [0498_kb_ingestion_hardening]
OK    [0499_search_lead_party_probe]
OK    [0500_attendees_backfill]
OK    [0501_calendar_overlap_index]
OK    [0502_platform_subscription_cursor_index]
OK    [0504_mail_metadata_cache]
OK    [0510_kb_chunk_revision_uniqueness]
OK    [0513_leave_accrual_sweep_indexes]
OK    [0507_calendar_recurrence_columns]
OK    [0508_calendar_event_exceptions]
OK    [0281_crm_import_target_entity]
OK    [0282_crm_import_rows_drop_party_columns]
OK    [0520_commercial_billing_catalog]
OK    [0521_billing_seat_ledger]
OK    [0522_billing_proration_ledger]
OK    [0523_billing_usage_events]
OK    [0524_billing_invoice_snapshots]
OK    [0540_hr_employments_custom_field_jsonb_column]
OK    [0541_hr_employments_custom_field_backfill]
OK    [0542_hr_employments_custom_field_gin_index]
OK    [0580_notification_audit_logs_widen_notification_id]
OK    [0581_chat_messages_widen_identity]
OK    [0582_notifications_partition_by_created_at]
OK    [0565_billing_invoice_snapshot_immutability]
OK    [0543_hr_position_taxonomy]
OK    [0544_hr_position_status_to_text]
OK    [0575_ticket_list_sort_indexes]
OK    [0234_business_parties_name_order]
OK    [0262_party_company_columns]
OK    [0263_crm_org_party_map]
OK    [0264_crm_org_party_backfill]
OK    [0265_party_association_columns]
OK    [0266_party_association_backfill]
OK    [0267_record_layout_adjustments]
OK    [0268_backfill_record_layouts_permission]
OK    [0269_mailbox_push_secret]
OK    [0271_crm_suppression_hashes_rls]
OK    [0272_quote_document_key]
OK    [0472_outbox_inbox_aggregate_fence]
OK    [0478_invoice_line_items_column_drop]
OK    [0482_candidate_resume_column_drop]
OK    [0590_reconcile_baseline_shape_drift]
OK    [0591b_gl_ap_ar_bank_tax_chain_repair]
OK    [0591_tenant_isolation_for_unprotected_tables]
OK    [0592_notifications_tenant_isolation]
OK    [0488_hr_people_drop_identity_cols]
OK    [0605_provider_webhook_events_tenant_scoped_unique]
OK    [0606_audit_log_platform_event_consistency]
OK    [0607_vault_access_logs_survive_document_deletion]
OK    [0608_organization_placement_and_lifecycle]
OK    [0609_employment_sensitive_fields_envelope_encryption]
OK    [0610_agent_tokens_membership_and_ceiling]
OK    [0611_delegations_and_overrides_expand_membership]
OK    [0612_delegations_and_overrides_enforce_membership]
OK    [0613_delegations_and_overrides_drop_user_columns]
OK    [0614_ownership_transfers_record_initiator]
OK    [0615_users_holds_authentication_identity_only]
OK    [0616_timesheets_declared_indexes_exist]
OK    [0617_cell_relocation_and_placement_decisions]
OK    [0618_cell_capacity_measurements]
OK    [0619_chain_creates_what_production_has]
OK    [0620_control_plane_receives_chain_tenant_isolation]
OK    [0621_candidate_resumes_tenant_column]
OK    [0622_custom_field_definitions_constraint_names]
OK    [0623_workflow_variables_tenant_constraints]
OK    [0624_inventory_sku_uniqueness_restored]
