
Bootstrap parity comparison
  A: 127.0.0.1:5432/scratch_cmp_x as tarunchintakunta
  B: 127.0.0.1:5432/scratch_cmp_y as tarunchintakunta
  A ledger rows: -1  watermark: -1
  B ledger rows: -1  watermark: -1

PASS  tables            A=     1  B=     1
FAIL  columns           A=     3  B=     4  missing-in-B=0 extra-in-B=1
        ONLY IN B     public.probe.c type=integer notnull=true default=7 identity=- generated=- collation=-
FAIL  constraints       A=     2  B=     4  missing-in-B=0 extra-in-B=2
        ONLY IN B     public.probe.probe_a_not_empty :: CHECK ((a <> ''::text)) deferrable=false deferred=false validated=true
        … 1 more extra
FAIL  indexes           A=     2  B=     2  missing-in-B=1 extra-in-B=1
        MISSING IN B  public.probe_same_name :: CREATE INDEX probe_same_name ON public.probe USING btree (a)
        ONLY IN B     public.probe_same_name :: CREATE INDEX probe_same_name ON public.probe USING btree (b)
FAIL  policies          A=     0  B=     1  missing-in-B=0 extra-in-B=1
        ONLY IN B     public.probe.probe_all cmd=ALL permissive=PERMISSIVE roles=public using=true check=-
FAIL  functions         A=     1  B=     2  missing-in-B=1 extra-in-B=2
        MISSING IN B  public.f() kind=f volatile=v security_definer=false returns=integer lang=sql body=0df94e01a9bac1ebb35ed4cfae23bb4f
        ONLY IN B     public.f() kind=f volatile=v security_definer=false returns=integer lang=sql body=ba0a51797fd7840b943fe0e4ef0365ef
        … 1 more extra
FAIL  triggers          A=     0  B=     1  missing-in-B=0 extra-in-B=1
        ONLY IN B     public.probe.probe_t :: CREATE TRIGGER probe_t BEFORE INSERT ON public.probe FOR EACH ROW EXECUTE FUNCTION probe_trig() enabled=O
PASS  extensions        A=     0  B=     0
FAIL  enums             A=     0  B=     2  missing-in-B=0 extra-in-B=2
        ONLY IN B     public.probe_enum #1 = x
        … 1 more extra
FAIL  rlsState          A=     0  B=     1  missing-in-B=0 extra-in-B=1
        ONLY IN B     public.probe rowsecurity=true forced=false
FAIL  sequences         A=     0  B=     1  missing-in-B=0 extra-in-B=1
        ONLY IN B     public.probe_seq type=bigint increment=1 min=1 max=9223372036854775807 cycle=false
FAIL  views             A=     0  B=     1  missing-in-B=0 extra-in-B=1
        ONLY IN B     public.probe_v kind=v def=307a33ab2e740db47c8052dc23cab05c
PASS  migrationLedger   A=    -1  B=    -1

RESULT: SCHEMAS DIFFER  differences=15
