Benchmark manifest — 15 modules, 100 benchmarks
  release ef3c1960 · scratch_perf_seed 1702 MB · role streamline_app (bypassrls=false) · 15 cpu / 24576 MB · container false
  command: node /Users/tarunchintakunta/Personal/streamline/streamlineos-backend/test/perf/measure-benchmark-manifest.mjs --samples=200 --replicates=3 --concurrency=8 --iterations=48 --plans --write
  staleness: measured 366 commit(s) BEHIND HEAD (ef3c1960 -> e1fd1d47). Every number below describes the older commit.
    since: e1fd1d475 Merge release/code-10-10-v2 — 10/10 code release (backend)
    since: ae5333306 fix(specs): make 33 spec-only type errors real, and fix what they were hiding
    since: 31b83208a ci: run the .db.spec.ts class; hold the suppression ratchet at 29
    since: 74125165c fix(gates): close eight red gates by fixing the code, and lower two ratchets
    since: 9534abcf9 fix(release): 118 confirmed audit defects across 18 modules, 119 regression tests
    since: 66f09164f fix(spec): probe paging style with safeParse — strict offset schemas are not defects
    since: 3f71c793a test(security): restore two BOLA sweeps the placement-bypass fix silenced
    since: f61cb62e3 fix(types): give the cache coalescing map one named seam, not two forces
    … and 358 more
  subject: DRIFTED — 3 measured SQL catalog(s) changed on disk since capture. Every number below may describe a statement the file no longer holds.
    changed: src/scripts/read-cost-budgets.mjs (f8352725eb969c04 -> 142c02d59359b1bb)
    changed: test/perf/heavy-query-catalog.mjs (40ca9fe34bb8c842 -> 2fe4049e736d4c19)
    changed: contracts/route-budgets.json (2a5ac223620b3c6e -> ef116d4afc710616)
  200 samples · 3 replicates · concurrency 1 and 8 · tenants large/mid/small/tiny
  statement ceilings measured: 154/280 (55.0%) of benchmark×tenant slots · 6 vacuous · 120 unmeasured
  ratchets, per benchmark from its OWN replicate envelope: buffers exact on 154/154 pairs · rows exact on 154/154 · statement counts EXACT · plan shape DISARMED · timing DISARMED
  a pair whose own metric moved during the study is NOT ratcheted on it, and never widens another pair's band. The global fallback (±max(2314, 19100%)) applies only where no per-pair record exists, and such pairs are not ratcheted at all.
  plan-shape stability: 2 of 262 benchmark×tenant pairs changed shape across replicates with no code change
  plan shape disarmed: the dominant plan node changed on its own across replicates for 2 of 262 benchmark×tenant pairs with no code change, so an exact ratchet on it would fire on a rerun. Recorded and reported, but it does not decide the exit code until the instability is understood.
  policy provenance: derived from 3 replicates of unchanged code: worst deterministic swing 2313 absolute / 19100.0%, worst timing swing 270.0%
  timing disarmed: unchanged code moved by up to 270% between replicates on this harness, against a 25% arming threshold. A gate with a noise floor that wide cannot distinguish a regression from a rerun, so timing is recorded and reported but does not decide the exit code. Buffers, rows, plan shape and statement counts do.
  false-positive proof: 0 of 308 unchanged-code comparisons would have failed the gate (0.00%)
  notifications        10 benchmarks ·  240500 rows (reference tenant) · c1 p95 0.7272ms / c8 p95 17.0349ms · error rate 0
  chat                  4 benchmarks ·   14368 rows (reference tenant) · c1 p95 0.6316ms / c8 p95 13.9852ms · error rate 0
  calendar             11 benchmarks ·  185018 rows (reference tenant) · c1 p95 0.6218ms / c8 p95 13.7192ms · error rate 0
  mail                  1 benchmarks ·    4000 rows (reference tenant) · c1 p95 0.5057ms / c8 p95 12.5074ms · error rate 0
  dashboard-home       15 benchmarks ·       3 rows (reference tenant) · c1 p95 0.4428ms / c8 p95 12.5323ms · error rate 0
  build                10 benchmarks ·   23015 rows (reference tenant) · c1 p95 1.5139ms / c8 p95 13.1297ms · error rate 0
  search               12 benchmarks ·   12000 rows (reference tenant) · c1 p95 0.4118ms / c8 p95 14.2015ms · error rate 0
  kb                    4 benchmarks ·   12606 rows (reference tenant) · c1 p95 0.4792ms / c8 p95 12.0753ms · error rate 0
  org-access            3 benchmarks ·     504 rows (reference tenant) · c1 p95 0.451ms / c8 p95 11.8429ms · error rate 0
  hr                    9 benchmarks ·   22200 rows (reference tenant) · c1 p95 0.3698ms / c8 p95 11.4679ms · error rate 0
  crm                   5 benchmarks ·   42075 rows (reference tenant) · c1 p95 1.6964ms / c8 p95 13.6258ms · error rate 0
  finance-accounting    6 benchmarks ·     260 rows (reference tenant) · c1 p95 0.4484ms / c8 p95 10.8753ms · error rate 0
  payroll               3 benchmarks ·      36 rows (reference tenant) · c1 p95 0.3969ms / c8 p95 11.3469ms · error rate 0
  inventory             5 benchmarks ·  181400 rows (reference tenant) · c1 p95 0.5052ms / c8 p95 15.8233ms · error rate 0
  support               2 benchmarks ·    3000 rows (reference tenant) · c1 p95 1.2382ms / c8 p95 11.6626ms · error rate 0

9 seeding gap(s) — coverage lost, no wrong number produced:
  notifications: dataset holds rows on large/mid/small but ZERO on tiny — a seeding gap, not skew. Nothing can be measured for that tenant, so it shrinks coverage rather than producing a wrong number.
  calendar: dataset holds rows on large/mid/small but ZERO on tiny — a seeding gap, not skew. Nothing can be measured for that tenant, so it shrinks coverage rather than producing a wrong number.
  dashboard-home: dataset holds rows on large but ZERO on mid/small/tiny — a seeding gap, not skew. Nothing can be measured for that tenant, so it shrinks coverage rather than producing a wrong number.
  search: dataset holds rows on large/mid/small but ZERO on tiny — a seeding gap, not skew. Nothing can be measured for that tenant, so it shrinks coverage rather than producing a wrong number.
  kb: dataset holds rows on large/mid/small but ZERO on tiny — a seeding gap, not skew. Nothing can be measured for that tenant, so it shrinks coverage rather than producing a wrong number.
  finance-accounting: dataset holds rows on large but ZERO on mid/small/tiny — a seeding gap, not skew. Nothing can be measured for that tenant, so it shrinks coverage rather than producing a wrong number.
  payroll: dataset holds rows on large but ZERO on mid/small/tiny — a seeding gap, not skew. Nothing can be measured for that tenant, so it shrinks coverage rather than producing a wrong number.
  the request-level capture ran on a DIRTY working tree at 2f37e1bb
  the measured SQL catalog(s) src/scripts/read-cost-budgets.mjs, test/perf/heavy-query-catalog.mjs, contracts/route-budgets.json changed on disk since capture — re-capture before trusting any number here
  database-statement ratchet: 2/70 (2.9%) of linked read paths have a COUNTED statement figure; the rest declare a ceiling nothing has counted

6 vacuous benchmark(s) — measured nothing, counted as unmeasured:
  chat-saved-messages@large: query returned 0 rows — every ceiling is satisfied trivially
  dashboard-personal-my-tasks@large: query returned 0 rows — every ceiling is satisfied trivially
  kb-page-id-probe-sdf@large: query returned 0 rows — every ceiling is satisfied trivially
  kb-page-visits-mine@large: query returned 0 rows — every ceiling is satisfied trivially
  module-access-roster@large: query returned 0 rows — every ceiling is satisfied trivially
  leads-assigned-to-me@large: query returned 0 rows — every ceiling is satisfied trivially

Regression pass: NOT RUN — pass --against=<fresh measurement json> to ratchet.

Request level (http-harness, scratch_t23_bm, at head): 137/164 (83.5%) of route×tenant slots measured · 27 refused · 0 failed · 22 recorded but excluded from the request ceiling.
  Redis disabled — every count is the cache-MISS ceiling
  heapUsed above a post-GC baseline
  tenant reference: control probe HELD (anonymous 401) · subject STABLE 2a72fc012267aef0 -> 27f7351484631464 (the hash moved only on tables the harness itself declares it writes)
  tenant minority: control probe HELD (anonymous 401) · subject STABLE 7a7e826b6772d995 -> 9c2a06a727d9992e (the hash moved only on tables the harness itself declares it writes)
  refusals, by reason:
     12  provider-backed: no connected mail account in the seed, so no real message/thread/attachment id exists to request
      7  route answered HTTP 402 — a non-2xx response measures the failure path, not the route
      6  route answered HTTP 500 — a non-2xx response measures the failure path, not the route
      1  no client in this tenant to bill
      1  no payroll run in this tenant

NOT MEASURED (declared as such, never inferred from a proxy):
  - Request-level figures cover 137 of 164 route×tenant slots on scratch_t23_bm; 27 were declined and 0 failed. See requestLevel.tally.refusalsByReason for why each was not measured.
  - Cache-hit latency. No Redis is running against this seed, so every number here is the cache-MISS path.

STATUS: FAIL — 154/280 (55.0%) of statement ceilings measured, 137/164 (83.5%) of request-level slots measured.
  2 route(s) OVER the PRD request ceiling:
    POST /chat/channels/{channelId}/messages@reference: request p95 5043.126 ms > 300 ms PRD §12.1 ceiling (write)
    POST /chat/channels/{channelId}/messages@minority: request p95 670.647 ms > 300 ms PRD §12.1 ceiling (write)
  5 DECLARED BUDGET BREACH(ES):
    POST /chat/channels/{channelId}/messages@reference: request p95 5043.126ms > declared 1000ms in contracts/route-budgets.json
    POST /chat/channels/{channelId}/messages@reference: downstream calls 1 > declared 0 in contracts/route-budgets.json
    GET /cron/storage-sweep@reference: downstream calls 1 > declared 0 in contracts/route-budgets.json
    POST /chat/channels/{channelId}/messages@minority: downstream calls 3 > declared 0 in contracts/route-budgets.json
    GET /cron/storage-sweep@minority: downstream calls 1 > declared 0 in contracts/route-budgets.json
    These are measured figures above a ceiling the contract already declares. Raising the ceiling to turn one green is itself a defect.
