
6 seal(s) verified · 9/73 sealed files match · 6 broken
BROKEN  evidence/42-production-ops/RB-10-privacy-compliance/artifact-hashes.json — 0/3 match
  CHANGED  C187-downstream-store-trace.md
    sealed: c075e551b13b5b3756241e3244961a023ed3e86b78694fe4e621686c7244bd33
    actual: 355d69dc10d5995921ddd2358fcd32b9cf6f0bb39d654a5fa758df41eba554d5
  CHANGED  FINDINGS.md
    sealed: cb8593ff76c253012d90b3a2921201ce7e45fd8c52d1edfc2a20e29d04c142e1
    actual: 83794f30dc8b55d534f474cb4085ab2df2c7a1ea1f785026b10108d586a27b59
  CHANGED  README.md
    sealed: 061d71c25447965fa80e0883472b64100403873c7e2525b18b951d74afe50cf0
    actual: 710fb790562c8ee8cffe5b56271158c4321241fe2f10224b20fae4500a7facc7
BROKEN  evidence/42-production-ops/RB-10-privacy-compliance/probes/artifact-hashes.json — 0/1 match
  CHANGED  search-vector-deletion-probe.sql
    sealed: 2c04be67f88d8b4b3396ffa3fd248f5d9d01b74e97fbac35590a829701699adb
    actual: d174dd26a22efe3df32426afb876e656b288d9b47755f17d80a06ece9092c591
BROKEN  evidence/42-production-ops/RB-10-privacy-compliance/runs/artifact-hashes.json — 0/23 match
  CHANGED  01-compliance-drill-execute.txt
    sealed: 46413402f0dbbcd3eed54dc1dc1512e15c1163df3b8bb19360a60b76e275bfad
    actual: 5a59f9d9081b3415db73ff07f01bf342f9c9643dd30cdf9594c691b697ce0309
  CHANGED  02-drill-export.txt
    sealed: 884336745c9593daf05ae71d9f160e3750dd13607f56b8c472017a6f92819575
    actual: b22074a52e0cb97600f56e38f165d6544dc28715f59a1051846d1070c213a34e
  CHANGED  03-drill-legal-hold.txt
    sealed: dc3c8443aa9e5eb0a03eae8178900ad315aa5203ebd47a04a6248859e2c053d1
    actual: bb13587eef4fefca3f861b6a09f66a7638419ec2816e5c486f2fabfe772b04ce
  CHANGED  04-drill-erasure-dryrun.txt
    sealed: 4e649b0d23bec70fd39b614812682fcda6a8e78bf257bb28fa851decb95eca8c
    actual: 7dc954657f0afc459febfe4bccb33de3eaf58940a340306ae5cbb3f151967b78
  CHANGED  05-check-retention-coverage.txt
    sealed: 8f9afec2a70bafad990870cf2572f0b760b0013d8a0e2433f9aa7a72977d3bf8
    actual: 71ed2ae8c1ea1b7804bd31d1a2f6adcf87d9c291100212bbb8168dd3d6ade258
  CHANGED  05b-check-retention-coverage-threshold-0.001.txt
    sealed: 9c39f8103ff50e9981a98cc36b3f0b24fc2c43996cace28776d3a149982f6a7c
    actual: c59dcde4002cf90a1c2ca6a20bc2deec23565a870e3c6413f58aceb43b9b9f96
  CHANGED  06-check-retention-coverage-self-test.txt
    sealed: bda69229de3e91b0b32488442b881565fa3c7e9110c68b4c06866bb61c8fcd3a
    actual: 96b39075c1a7d3c4079238e6906e5e4e4d81279ed4d48a32eec82aef8a41790f
  CHANGED  07-drill-erasure-self-test.txt
    sealed: bed43d0733a2abfe1978700531a4fa49407fb56f3168875be0e602a9e02404ed
    actual: 79af83042901874ec5b704bec8dc32abbe4d81487e23c03d8523b93b94e17adb
  CHANGED  08-drill-export-self-test.txt
    sealed: 7c1baa85b176fd3fd4732827ecf11200d0401c561071fdcbc4ac7defe883f473
    actual: d2963c107e450dfed7beb815c41caa18a6d1afd344972588fa8c1c76eb9d520e
  CHANGED  09-drill-legal-hold-self-test.txt
    sealed: 35593940d0dc9d8afa33b812fb5b5260dc1992d92486527741df4a5f0d7b275f
    actual: 2e73c3bdfa96bae89a141a6bcba8d4d02496f6aef092408af66f2a3b4d16d176
  CHANGED  10-drill-storage-purge-self-test.txt
    sealed: ab97f886e3388eccbe4076e4a6a135e2372dc212628f1755e314b9ccedce6f6c
    actual: 361d5bcbb476fb4dac9873e9d8024335531c7bc33c72462e25d840889770e7c3
  CHANGED  11-purge-user-dryrun.txt
    sealed: b73c07b087a0a323b9d431d96aaaa734d074bd023e24c335fca81cf547dcd798
    actual: 1e556b112e7055f0f28488cd9f0f1416259c51ae10240e33a7a22896db611eb6
  CHANGED  12-check-evidence-seal-before.txt
    sealed: 4dad7c27bfb9c51eda9fa81ad172b62a84c79a03b1b8365f2149c795f48e7e68
    actual: 2372bea584dacadc03417966e584dc33285e37536a7eb9f9fc0399df70cf1e83
  CHANGED  13-compliance-drill-e2e-self-test.txt
    sealed: c2a53ab47f9f37c6ce4b9895815872690de326640e511129e2bdc0805187ce25
    actual: 58d05577c4ddfb3b5debb6e699f4657dcf1b98b08dcae655b70d86e0c8368b6f
  CHANGED  14-compliance-drill-e2e-dryrun.txt
    sealed: 29666f21c71da5939adcd4309e0cdf24ab380f154dd70abe6ff2620f261b2376
    actual: 3286287f0a3963e8413e83310cd702010f5c8edcd2fcc93c0d10bc554379ff9e
  CHANGED  15-drill-erasure-nonowner-no-audit-rows.txt
    sealed: cc6d20882641e4c23d0cd3bb8289d5c02271c14411e842fd6dc1293de042fdc3
    actual: 61051b2f7d6b6786e89ebfcda19fdde9e09c81f779de5ecdbeb1c4228ff03d3a
  CHANGED  16-drill-erasure-nonowner-one-audit-row.txt
    sealed: e97b01976a494e5d36a83dda9df8f581235e321187a2333bb715080edeba87fe
    actual: 65f31d44dc6c9cde81c51dffad2ff8d499d2b3af035f5d2a8a703d6bc803732f
  CHANGED  17-search-vector-deletion-probe.txt
    sealed: 1cfdb4c83728965eb899f33a638acc45963cc6f49aba4f2a5636bbe8f4ec9109
    actual: 00cb34e32e11d95c4226cb98a3216af8c0dc953dbd5395a87168664976e3945c
  CHANGED  18-check-audit-log-privileges.txt
    sealed: 924024e1e899d4a8b32dfde98746a3778be22b3ebc0edfad477aa97cd80e3f0d
    actual: 8451a86e12a79c8d9d62077694538857edd24dd7930b7a18caf65dd11d54d023
  CHANGED  19-check-audit-log-privileges-self-test.txt
    sealed: 39fcdc1c49714e63cd6db033af3dc6c2a3de5b14eaa994cfd630a9e8cff2690c
    actual: d617eacd7bbb52bb77cd13cae8478be239474491165dfe44e1db4e22c9e7287a
  CHANGED  20-jest-audit-log-immutability.txt
    sealed: 8c13f43c2d50e730884168d53010e96faa8034738d5bc5a6087ce64b1449a69e
    actual: be15f8dec4b408d92c29ccaaa49c6b5ba165cc5bafefb9adb510b567bf24efa4
  CHANGED  21-jest-gdpr-focused-suites.txt
    sealed: 93dbab745a78901def82321f6dbc90cc82fc020b24c0b31c276dbce2c17a7dfc
    actual: 642a48ee750725c2694a72d16997d584b7bee20cc8ccdb0a842372240c34ee0e
  CHANGED  22-check-evidence-seal-after.txt
    sealed: 6a1293864d1757ffcdb09c02ca1e8adf0b93767f77a46e5bfaa95571ad63181c
    actual: f59fa22faf8c6d9d88a6f110f075345edd306112034b2f25dbf7574c025f8868
BROKEN  evidence/42-production-ops/data-catalogue-c183/artifact-hashes.json — 0/5 match
  CHANGED  README.md
    sealed: ab95e22dac48bba6e7e8796b9bed9781800bf7e1ca63767c2a0da3f635824dd1
    actual: 64cb9c2b80fd21113f945eb15fed17554cf1d45040644a9e194619476f41c111
  CHANGED  ai-redaction-probe.mjs
    sealed: d8638e42b434552d74a3886b857e2b91d20e5a38626bf6121be69b357ce5c405
    actual: c85f347053560a1b750bcc5d5688ac1502d29f6d9eed344492740fe5ffb5f0d9
  CHANGED  ai-redaction-probe.txt
    sealed: 8b687a70b17b6068924ac2139ca1dc2c1d1c2d51fa08cd56e80ee25cbac0ac18
    actual: c643c8b41d20d4c52d1f194373da6e412c2a8aea764bb6491d224d4b6585c0d1
  CHANGED  pd-column-scan.sql
    sealed: 7a3092df47288ef7a1714271462c43a13a92fe510dc59eaca65f24d4331eea19
    actual: 78420e690173d6222fc5c9c080efd07c7f90a814bf834268d9a4f774587e9a5e
  CHANGED  pd-columns.csv
    sealed: 90acef8002225544e6b75f5f797e14425713abd247168e4cdcde0f703abdd593
    actual: ecf71afd86dd37f812901b65eaad61b512ef172b7a33125599b657dd7441da2e
BROKEN  evidence/artifact-hashes.json — 9/13 match
  CHANGED  parity-boot-b-vs-c-v2.log
    sealed: a53c1bcdc302327887abb30f5bafaf16bd3d57d253f24c05a3c43317b39c87d1
    actual: 56259c14ffd06b5433b3571006047c71e184d8943ccc6b1f4e3c21e9da3b33f0
  CHANGED  parity-boot-b-vs-c.log
    sealed: 5254020bdff3a444e8a1ba66601a3e380eb3abec503fc174b56ab972c127b738
    actual: a166c6bce38ae7dc66a244b742259b3691219ee2589cb20a38f05aeb5085e14b
  CHANGED  s02-bootstrap-parity.md
    sealed: de6b8a6e26925440e4ab68f31916c639fbe9cdf49b71075ebef2dec562b55eb2
    actual: e51f3e475352428e609cab30cbbd1416fe3784f3507801c3e7eea7dba19977ff
  CHANGED  s02-tenant-integrity.md
    sealed: dcdf2a48c50431f0b9334d53b0145c8aabb0b561ded25bccddb091a970529520
    actual: ea4da48a90940fc0ee7ce8214bdfc8b728efca33a8973c2e3151d792f2204978
BROKEN  evidence/bootstrap-head-637/artifact-hashes.json — 0/28 match
  CHANGED  README.md
    sealed: ebcef6c6e3e6eba00c99c5caff7478a163d01cf92239762cd63711e3747aa191
    actual: c7cc7e3003c163aeb1382f90520fb940328ea23e322534af1c0715120ceca39d
  CHANGED  journal-637-file-hashes.txt
    sealed: 2f3f0d358eec369396e21462b251056786f933ad0ebc3962b37b0109c9f682c7
    actual: 672578b177bcb72e2d59e7cbf8c9821ff05bc3b4849dce582dd62d630ab8d0f4
  CHANGED  logs/01-clean-bootstrap-scratch_boot_b.log
    sealed: 7eeeb9c3f68eeeab6c254c000030a766197acdef59b4de429b24254f737061eb
    actual: 2db56a1bcc41498b4df0063fce98c09091faeed47dc8e886d6e27282a8fe91b4
  CHANGED  logs/02-clean-bootstrap-scratch_boot_c.log
    sealed: 4f146d80183d633625b9bda3d6f5b895f2a15a9a656b7e238cb9b24e9b0d2101
    actual: 19f99894b9a61c07cb7ed5d00d03820aafb9e0b81cc4f08b16fa95eaf69f05e6
  CHANGED  logs/03-rerun-idempotent-scratch_boot_b.log
    sealed: cd1c8021ba01bded37e2a8542067ff760a7c42ff0cad31aa536d470499564471
    actual: 236c00d49118ce9998c070bd522d7b4a136c1d6a2602bac99979c7c33e633bc0
  CHANGED  logs/04-rerun-idempotent-scratch_boot_c.log
    sealed: ee52ab804e89a7b2a1abf54ad808d82950eba2e75686cd96b231416b5482b8a4
    actual: c70add1e75158cc7c215274dcf5d8a699fedc6487fa526ce14e8b2d7b15d2809
  CHANGED  logs/05-interrupt-harness-scratch_boot_d.sh
    sealed: 34feb04f6dcd0f0db84dd3b1857ea014f487473175b48a9160b2cdee3fce5284
    actual: e6c4673ac0a1036f3fc3dfedd6ba06312180fee8667879a1018eb559543b7c5a
  CHANGED  logs/06-interrupted-bootstrap-scratch_boot_d.log
    sealed: e498432cbbc1040f039160063fea2a49a080cf3ea48c3e8283fa7fb2d6134efc
    actual: 430cdbe8ab6c6f942b2a304cf178bcd2996bd59dcf94024b58e9bbf0d044da2f
  CHANGED  logs/07-resumed-bootstrap-scratch_boot_d.log
    sealed: c8133cc2c557c43b9211c572624fef432ec82d481b224c87b74281bccf466b0f
    actual: 053dbed31e0828376de20d54654f3307fb47f6ecbf18fe91dc1950e645c408d3
  CHANGED  logs/08-rerun-idempotent-scratch_boot_d.log
    sealed: ff585b193bc5425a276bc8ac2c8aadc03e9e60be151bd6619b7c7308bd0e6ba4
    actual: 62b16d9926c3f7ae73944e5181d7c6237c0c0c6942420bd48237753d20154f2d
  CHANGED  logs/09-catalog-parity-b-vs-c.log
    sealed: c7afd029c98572139e244aed5b61187697c64f7d6f9610f724af4f3d5def72ea
    actual: 389680d5cbe11aa8a0f774f5531656a798adb806d63ce090d4d2d5fe78c23156
  CHANGED  logs/10-catalog-parity-b-vs-d.log
    sealed: a2f48aef02ce18232876699ae6eacb7bffd20f370832aab784c0475050daf94f
    actual: ac65536959d82d14183e82c83a43c36afc113ed07b37f088c520635e1a508803
  CHANGED  logs/11-catalog-parity-c-vs-d.log
    sealed: 9f8f4561c0a9cc4d349554a633aa7c27d8a77e800aafbc86ab536ddcdb8ae711
    actual: f266fe2675189e2e8e234d37c3367a65b0cb546b7c60ea9cf78d186ccfc7d781
  CHANGED  logs/12-catalog-parity-b-vs-a-informational.log
    sealed: deef9f0d2873fd20d10d4b11cc5345f77a3426167ab38a6a582fa332c2e9cd33
    actual: aa5b48b0d9d2cef4d2369f64ac9adc13e5218f4c9042c5e2758ed0ce02826e83
  CHANGED  logs/13-comparator-negative-control.log
    sealed: dd8a0c15c053e8ab4c434c7af2d578975031ac3b9e013b7d28953149a2f9c002
    actual: 2fdfa6ac40b6d3731c916ce82d5551bf37e20cb5eb29f3d87533b24e7e964fc7
  CHANGED  logs/14-comparator-defect-before-fix.log
    sealed: 8af27fbccf67560a8fd6a87304915b0423f04367304319b0e2815dae908e420d
    actual: 5f292f7b0c47b6d5996784a7d9d5d5ec2c692b99df9a08b9209db3c79dabab59
  CHANGED  logs/15-check-migration-ledger-b.log
    sealed: 5e3c006acea2e37814136790a5d8963e99b608fbfb9fcdf81a18011416da4c05
    actual: 47fdeaa3431cf54590e45e881f0654499d0d88a5f1af262bdf53ede909dc913f
  CHANGED  logs/16-check-migration-ledger-c.log
    sealed: 5e3c006acea2e37814136790a5d8963e99b608fbfb9fcdf81a18011416da4c05
    actual: 47fdeaa3431cf54590e45e881f0654499d0d88a5f1af262bdf53ede909dc913f
  CHANGED  logs/17-check-migration-ledger-d.log
    sealed: 5e3c006acea2e37814136790a5d8963e99b608fbfb9fcdf81a18011416da4c05
    actual: 47fdeaa3431cf54590e45e881f0654499d0d88a5f1af262bdf53ede909dc913f
  CHANGED  logs/18-check-migration-discipline.log
    sealed: 83acc5bf2d6ae3524d3f76e0c5d07dc8df6340ca24ff073e22d11757446ccb55
    actual: 99118db4cd2801c00f8d3e1f7ce59d6fe44c11794b231fc01ed64b0796bc32e9
  CHANGED  logs/19-check-migration-rollback.log
    sealed: db0ff558e9027acb49ec9e31757b14731183d8ffdfba8d74394dc08c15e921eb
    actual: d803e5c7c24a9a22ecb9335ca29276a2b5aa0dbf812b3335cebd8c4e2e5d9ffe
  CHANGED  logs/20-verify-migration-chain-selftest.log
    sealed: 16f26522b524dea12b43f829366351c0c475abf950ae01b61c8e12458c8433a9
    actual: e6863ed71be50bf769e897a099391bd44bb3e48128624bccbb5e9ae3b367aff7
  CHANGED  logs/21-verify-migration-chain-local-b.log
    sealed: b6b2db9340884735c014b1885f68c4d13c4510297376d6125f13401bbf31ef7f
    actual: 1af5838126687353a4ea7502b4dc22edeb978c08c4ecef52570b985df9a918cb
  CHANGED  logs/22-verify-migration-chain-skip-shape.log
    sealed: 06b209dd41ed72a56ae6ecee4a5cb113cc2df8783b16563b380aef632080fd78
    actual: 26549d7c8399f2a30607b2b16ffc1951a948bcc9cbf6b805491d1eb74215279d
  CHANGED  logs/23-scratch-refusal-seed.log
    sealed: 53b02c8693496dc14a0469abfc7fe3fe4876e08980bd59d4f5466c129be3cd8b
    actual: f702018c1af1e36f5f118bf84f828f7b224ce52fccedf7773a29a1daad4dfcca
  CHANGED  logs/24-scratch-refusal-reset.log
    sealed: ee25ca19a31838f0274bb73bf497d2343cf55345fce15ebee6526a3deb2ab328
    actual: 07fe9e384248b6ba2b673856dbd521cdd161fa2c11c64ba4d369592dcff6058f
  CHANGED  manifest.json
    sealed: 97fd248d0a0f357a343cf1ea21984adddd96ea7f51733c10b7db9a004915ab9a
    actual: 26cf509ab68690e7707c6a26a6bc3fe3ce18ab5283c6654e817068fc5463b718
  CHANGED  rls-no-policy-2026-09-02.txt
    sealed: 218d8db2300d14c49971cb5c3c1442a17e2b2a5047ed063e81490621d2ae1ed5
    actual: b13ca3523601d3d0177b6123c61350dd2a9bf6d555cd72421ee2ab45364d7ed3
A broken seal means the evidence no longer is what it was attested to be. Re-run the sealer only after establishing why it changed.
