check-migration-immutability: 685 sealed entries against a journal of 685 — 0 newly appended, 17 comment-only edit(s)

CHANGED after sealing — the statements differ, so a cold build and a warm database disagree:
  0291_payroll_phase0_safety  effective d6c7eddb04b1 -> babbb0768232
  0292_payroll_phase1_2_foundation  effective 629ea1a739f2 -> 29a961ebf447
  0293_payroll_prd_ship_constraints  effective 8656c4e1c6bb -> be1dd8fc1119
  0294_payroll_journal_outbox  effective d57347316454 -> e98808fba8d7
  0295_hrms_perf_indexes  effective 7f23e0c33e7a -> 4f95cd80894c
  0297_hr_disciplinary_acknowledge  effective 32419b332e3d -> 8dac3fff21eb
  0298_payroll_runs_entity_uniqueness  effective 5b2b9b734d75 -> 605e92bde45b
  0299_onboarding_template_org_departments  effective 6923204d7203 -> 0f03306f3240
  0016_volatile_nicolaos  effective 62679fe908c9 -> 38c14ddb8def
  0301_inv_stock_levels_natural_key  effective 9a7984faa747 -> 02b37ec1deae
  0302_inv_perf_indexes  effective 172250191455 -> cd0801612fb7
  0303_inv_name_uniqueness  effective 32b2b899c3f2 -> 8dfb3270a738
  0304_inv_status_enums  effective 2eeb4d74aa70 -> 51c8dc882e0f
  0305_outbox  effective 2823a8244eb9 -> 0ef3844a41a2
  0306_chat_org_id  effective faf9e593cfff -> 3dbd72cad8e9
  0307_recon_additive_foundation  effective 3681c1125b94 -> f0a47822230f
  0308_recon_idempotency_fences  effective 0ac2a51fdb14 -> d074f46f2f5b
  0309_recon_project_teams  effective 3e0c52052fe9 -> d35d60c5e4db
  0310_recon_owner_pointer  effective c890600783e3 -> 12fb4be57bde
  0311_recon_owner_fk_trigger  effective e00648bf5ce3 -> e05642b71a03
  0312_recon_org_modules_fk  effective 3a0c42e67338 -> 28fde5efa65c
  0313_recon_org_modules_backfill  effective 1c19511ebf94 -> c8cb0635bc33
  0314_recon_org_invitation_lifecycle  effective 1646bcc41c6d -> cd7c9b80ab6e
  0315_recon_pm_workspaces  effective f13ac3e305f3 -> e87189623544
  0316_recon_offer_fulfillment  effective a6061ebed559 -> 348c14873788
  0317_recon_party_overlays  effective adb6c2fec017 -> 79f59b4014ef
  0318_recon_managed_product_fields  effective a2652ec7f24f -> 9655d128d3e0
  0319_recon_email_orgid  effective c21057fb2c24 -> fd724f288d37
  0320_recon_phase_a_orgid  effective ea0c8dc79226 -> 50c3814e4a22
  0321_recon_defect_fks  effective ef449fedd86c -> 020365553c31
  0322_recon_phase_c_candidate_keys  effective 7f1520469df9 -> 0f650ea39b30
  0323_recon_phase_d_composite_fks  effective f978c5dc8071 -> 631c419a637a
  0324_recon_directory_party_fks  effective b121713ff9bb -> c82107edc828
  0326_recon_owner_not_null  effective 46694cceb77b -> fcf637fc5ddf
  0327_recon_decouple_projects_crm  effective 403399c298c7 -> c8f79bd310cc
  0300_timesheets_launch_grade  effective a5e731e4a0e5 -> fbac5330ed91
  0328_membership_role_assignments  effective 31296d195e39 -> 11dc56362b0f
  0329_owner_exactly_one  effective 347db01ee4da -> 48d8ed9c2ef3
  0330_worker_engagement_overlap  effective 1709a646244b -> 217c7cb4e226
  0331_pm_workspace_id_nullable  effective 59b5dfd49d78 -> e94e527b8e8d
  0332_pm_workspace_id_backfill  effective 45a8e299fab8 -> fbeb0bb1d910
  0333_pm_workspace_id_not_null  effective d51b369bc6b5 -> 496c2bedc335
  0334_drop_dead_schema_objects  effective 7121aa6e1a95 -> a03fa987657c
  0335_org_arrays_and_invites  effective eee4c7cf6eb4 -> f50225c0ef12
  0336_kb_hr_array_normalization  effective f7facab8c143 -> 76728884add4
  0337_modules_catalog  effective e5beef70788f -> 5075b95ac921
  0338_module_ownership  effective dd0abd09764e -> 45e0dd7d2a89
  0339_remaining_array_normalization  effective f73facbbc100 -> 3ae864b788e6
  0340_module_scoped_roles  effective 536103821dbf -> a3c938631f93
  0341_org_units_consolidation  effective 08fd6b0f2858 -> d26e69c833db
  0342_role_assignment_collapse  effective b447f2def258 -> a5e9b0e8d496
  0343_module_admin_roles  effective fabefe6e2e41 -> 41e5a47dece0
  0344_org_consolidation_finish  effective b9b5da679f3d -> e9f24a6ab25c
  0345_payroll_generation_collapse  effective e7cd61d24ab6 -> 116b1ede5fe0
  0346_invitation_events  effective 0cb1b609b242 -> 499506b46c35
  0347_fk_repairs  effective 008fc1daa10f -> 17fd50148c36
  0348_drop_polymorphic_tables  effective bbe3be854313 -> aca1b6167921
  0349_retire_legacy_org_tables  effective f433c867908e -> 1b421165b1b3
  0350_retire_departments  effective 5dc625ea46fa -> a003a626bf9a
  0352_custom_fields_consolidation  effective eced9e5078c7 -> 2e75ce9cc17f
  0353_billing_idempotency  effective d0a09ed95f3a -> 71010a3d1378
  0354_drop_dead_types  effective abba7e30476d -> ef9ad4c6cd87
  0355_journal_lines_hardening  effective 2feb2d2f68bf -> 204ea257442e
  0356_search_and_notification_indexes  effective 0fd464786e4a -> 2f236be24600
  0357_idempotency_schema  effective b0d2941330e6 -> bdb7b0099894
  0358_csat_and_client_slug  effective 64d9d2a2ef01 -> 8249a38e1f79
  0359_exit_checklists_org_id  effective 29992a04218f -> 648f6ccc0c87
  0360_workflow_variables_org_id  effective 004fb9808dea -> f2cde5ceac6d
  0361_roles_durability_fields  effective 3a379a8d585f -> dd882ecb127e
  0362_org_owner_uniqueness  effective 3104898896ed -> 68323f42ac7e
  0363_collapse_role_zoo  effective 258e047e83ef -> 6087f492dd73
  0364_drop_dead_tables  effective 1903daca3327 -> 7451361ad1e2
  0365_drop_orphan_enum  effective c7e9474ab8db -> 7840329576b9
  0366_role_column_defaults  effective f63a6241c8d7 -> 0535fc4f0e56
  0367_drop_dead_user_preferences  effective 56c8d17b9ec9 -> ee00d7e2235a
  0368_rename_ceo_to_final  effective 064cf5831b51 -> 86feb40abfb8
  0369_drop_platform_admin  effective 51a61193f937 -> 016948100e51
  0370_build_project_members_org_id  effective 039b78a5c002 -> 755c917ed099
  0371_build_status_check_constraints  effective 1e197906b799 -> eade16526054
  0372_build_pk_widening_round2  effective 92aee9b42a1a -> 9c8c34280442
  0374_build_partial_indexes  effective 4df6c500346b -> dc7a100555a1
  0375_build_drop_dead_reports  effective c908cd763f01 -> c51b4dcdfd6b
  0370_tenant_column_integrity  effective b7a27c9ad061 -> 221883a32d31
  0371_drop_users_role  effective 1c8fb75f94fe -> 03e8e7a2a709
  0372_timesheets_module  effective 15ea165dabd1 -> 061d3211e0e6
  0373_resource_grants  effective 9519e07709b7 -> b930b725e5d9
  0374_tenant_guc_helper  effective 69c1ab7de39b -> f19942ade188
  0375_rls_canary_projects  effective 5535ec379c82 -> 1515ea94addf
  0376_rls_payroll_and_pii  effective 08bc151e28c4 -> 6bde65abbe58
  0377_rls_financial  effective 64f897a523c0 -> a91414e82491
  0378_rls_remaining_tenant_tables  effective e691f5d070b3 -> 73ab10936455
  0379_drop_users_department_id  effective e9991340e6ff -> b8823adae408
  0380_rls_with_check_nullable_tenant  effective 348e55f0fe60 -> 2ec6e6729d4d
  0381_rls_read_predicate_nullable_tenant  effective f72542204ec4 -> aa0b57e70c1f
  0383_rls_org_members_identity_read  effective 95f060490eee -> 185a648c937f
  0382_drop_user_permissions  effective 5c6de37c5f6d -> aa13e84a6770
  0384_rls_public_token_read  effective 9c449f93ac94 -> 658a07c62353
  0385_intake_project_org_resolver  effective fd3385ca9ac3 -> 34a72796abb3
  0386_survey_session_org_resolver  effective ef88f19bceab -> 79d3c0e0ae3c
  0387_git_connection_org_resolver  effective e6b1bb855856 -> d25c05e5da09
  0388_drop_users_team  effective be05df2eade1 -> 8abcd495fa12
  0389_drop_users_has_dashboard_access  effective 165460a07ef8 -> 683fea48b85a
  0390_api_token_hardening  effective 518588551ffd -> db446eb0445b
  0142_tickets_fractional_rank  effective 8160b136d2ab -> b59a88b20192
  0143_timesheets_text_to_enums  effective cfb737b5c506 -> 507728afb88b
  0146_status_model_single_table  effective 12a68f67f734 -> 3b59b251014c
  0416_tickets_soft_delete_and_version  effective 2a6f45f82449 -> cae432a28fdb
  0150_analyze_after_build_rewrites  effective ceb3f148d46e -> f648e8a88836
  0151_build_soft_delete_core  effective ebd73d69fa39 -> aa064ddb8af7
  0417_email_suppressions_rls  effective 662bbb52d4ff -> 9cc3aa857955
  0418_notification_index_hygiene  effective 56aea37032db -> 008db0861cfe
  0419_notification_outbox  effective 1ba18b1c6629 -> 3250cc39e78b
  0155_roadmap_goals_soft_delete  effective 6f7ef7af4dc6 -> f03109f5421a
  0156_sprint_scope_events  effective 637fe065f90d -> fab76784bb62
  0420_delivery_snapshot_and_ttl  effective 5c0310c9b98e -> d698cf4ef955
  0158_build_temporal_types  effective d2db60ce7e51 -> d7939aadbcb3
  0159_pm_schema_gaps  effective 02db864895a8 -> e6959d1d83b2
  0160_build_soft_delete_final  effective ee37e505be68 -> d4dfa91f2532
  0421_notification_pk_widening  effective 60dd8e208192 -> eceeddbfc235
  0422_preference_rules_and_consent  effective 9e56719adea7 -> 483295825f57
  0379_legal_entities_create  effective a30fde8860cd -> e26cbd4cd372
  0379_payroll_entities_legal_entity_fk  effective f9b8ea4fae9b -> f48e068dd377
  0423_repair_schema_drift  effective 0888e2da3eaf -> 7d9d63611cca
  0379_effective_dating_convention  effective 4e8880dbb16d -> b5048a8b463e
  0424_ticket_search_index_function  effective 29056b586315 -> 3ef8bc1410e2
  0425_ticket_search_bounded  effective ca9aa932a7d8 -> 6197b592d3eb
  0426_notification_timestamptz  effective 8aa79a8999b4 -> 0526bea80434
  0170_crm_soft_delete_and_partial_indexes  effective e667275cff2f -> 9bb63a150b0d
  0426_build_identity_pks  effective 92620a67681c -> f44a15d7d090
  0427_managed_products_pk_rename  effective 3ed43febeeac -> 0069f0bcff78
  0428_feedback_dedup_merge  effective 27a6654efd49 -> 659173e7527c
  0429_digest_queue_broadcast_audience  effective de1d5ca7b65b -> b4221e0a295d
  0430_broadcast_audience_cutover  effective 2d30613e4780 -> 3c2c1f56b7c1
  0431_email_outbox_scope  effective 136da5aac790 -> c924680cec8b
  0179_curved_falcon  effective 17db4fd369ed -> 9de27db9579b
  0180_hr_kb_partial_live_indexes  effective 649c30e967a1 -> a5a8fca449e0
  0420_inv_webhook_event_subscriptions  effective 2f080fa713ad -> 40af58f05b57
  0432_drop_quiet_hours_timezone  effective 05ac616cf015 -> 168495ed3498
  0183_abandoned_captain_stacy  effective 17db4fd369ed -> 156a18b2ae5c
  0185_crm_suppression_hashes  effective 3758ce67de8d -> 026f77ce2a88
  0430_project_ticket_counters  effective 74f04a20f2de -> da0d7c391072
  0431_build_events_schema  effective 70684b7238b3 -> 1f82a2a93faf
  0432_build_schema  effective f389388d4a8e -> fabd6705f96d
  0461_kb_chunk_acl_columns  effective 6ec7db00a81b -> a816656d0d74
  0205_organizations_region  effective 954047da366b -> e85fc70ff19b
  0206_party_custom_fields_and_rls  effective db794d3da438 -> 6317d4337901
  0207_backfill_crm_party_permissions  effective b6d7cb956d05 -> b5c03cd056d5
  0208_workflow_runtime  effective e73ea1f7f1fc -> 298ae6a7c716
  0209_party_roles_and_merges  effective e19cae2a23b4 -> 35a20aaadf05
  0210_backfill_party_role_permissions  effective 84da0fc7bef6 -> d497ccf11e08
  0211_subjects  effective 301b7e152162 -> ca9775650802
  0212_backfill_subject_permissions  effective aaf342430235 -> fbee451210e5
  0213_party_roles_merges_rls  effective 3f979f8f2a9e -> 0a135bb6003e
  0214_deal_transitions_money_links  effective 4a18556e817a -> 3ed953552304
  0215_activities  effective 24efeecbe713 -> d013f4d95098
  0216_backfill_activity_permissions  effective 203b5d8926d6 -> ea3da4593419
  0217_inbound_events  effective 8de5da845ef2 -> 52c5e14881d6
  0218_backfill_ingress_permission  effective d9cf4beea573 -> 1720e11bed5d
  0219_autonomous_decisions  effective 15267bc63d4a -> 7e1700134a46
  0220_autonomy_switches  effective 46d57898d441 -> 77f3ff327b7d
  0221_repair_party_permission_backfill  effective 5335d165516e -> 8dbb96f47a31
  0222_backfill_deal_activities_into_timeline  effective 680f924322e4 -> 63c83e8c3367
  0223_autonomy_actor_refs_survive_user_purge  effective 860e3bc7828c -> a30b6eedb502
  0224_autonomy_corrections  effective ed437d635ba0 -> 2dcf25383b9a
  0225_backfill_autonomy_review_permissions  effective 55f8b7e373f7 -> bf997ed6d9f0
  0226_repair_crm_module_role_grants  effective cbab6740642b -> 4c6812e0fd9f
  0227_autonomy_shadow_scoring  effective 2d8d41025e6d -> da49e671b330
  0228_autonomy_holds  effective 7b2216f706be -> 30eec7547712
  0229_crm_imports  effective 89b18036c42a -> 6ac2331c7818
  0230_backfill_import_permission  effective b08ded5fce1d -> 0888a580b998
  0231_crm_mailbox_sync  effective 68596971d62d -> 48fb70afcc4e
  0232_repair_crm_activity_grants  effective 270e0f0ed266 -> f358c0b0cae9
  0233_deals_value_not_null  effective 68ac81de77fa -> 7eb40744aab9
  0240_party_expand_legacy_fields  effective 7404a6f0c323 -> 7e64dcdac2d8
  0241_party_legacy_backfill  effective af29bac4f9fd -> c310d647505e
  0244_party_mirror_divergence_permission  effective 71d35329947f -> a15e55580801
  0250_data_quality_queue  effective f3c04f6fd3e9 -> 0a9ce4e1f0c5
  0251_backfill_data_quality_permissions  effective 23a708f78c7a -> bb9dc2261a93
  0290_issue_records  effective cc6027203ad5 -> b8d08df26e96
  0260_party_identifiers  effective 20b4b3e2c79b -> 3ac300a934e6
  0280_importer_at_scale  effective a47427eec44b -> e9bdbf192bf4
  0275_party_company_search  effective a4a90951b2f0 -> 0f266831630f
  0471_platform_waitlist  effective 2f9401672629 -> 108a10345d8f
  0252_data_quality_health_snapshots  effective 6f1700146441 -> 6b8ce42ccd86
  0270_activities_thread_window  effective 3945a126d986 -> 6f50ef1e6c12
  0261_crm_connectors  effective fdfe525720ea -> 03c4e4e6a244
  0253_data_quality_health_snapshots_rls  effective 3749218f9e47 -> 9b3e9858cbba
  0486_hr_people_org_person_link  effective 4dbf81b8218a -> 705b8ef68089
  0281_crm_import_target_entity  effective fb6299bf9439 -> 7cf969f7a1a0
  0282_crm_import_rows_drop_party_columns  effective 8b820ae6105c -> 2f328afa9a73
  0575_ticket_list_sort_indexes  effective e24be5cd173a -> 78946a25cb2c
  0234_business_parties_name_order  effective a6098fb63ed6 -> 5d044704306f
  0262_party_company_columns  effective 665b6259881c -> a98ffa8c456b
  0263_crm_org_party_map  effective 471fa774a616 -> 3fb876f89dd7
  0264_crm_org_party_backfill  effective 024113862c49 -> ace04b003851
  0265_party_association_columns  effective 00b62da92013 -> a0c146da064f
  0266_party_association_backfill  effective 20fe2915a008 -> 831851606039
  0267_record_layout_adjustments  effective b394dc42ac1b -> 2c60da4a606f
  0268_backfill_record_layouts_permission  effective 867b61f181da -> ff3e0727c1aa
  0269_mailbox_push_secret  effective 7184bad702cd -> 4fff245edf51
  0271_crm_suppression_hashes_rls  effective 3dc6f391129f -> 23f766f252d3
  0272_quote_document_key  effective b1a6b2ae80fd -> 4fd54d2e2b03
  0590_reconcile_baseline_shape_drift  effective 3f725baf918f -> cae6e52c5917
  0624_inventory_sku_uniqueness_restored  effective f6e1b4b3df3f -> b44be2cf3e14
  0633_tenant_leading_indexes  effective 73ce2cc47417 -> 44d76e9b23e0
  0634_rbac_actor_and_module_integrity  effective bb2796853180 -> 748dcdc343ea
  0639_perf_reviews_cursor_indexes  effective 0377944f52b2 -> 19b73a896d96
  0640_helpdesk_search_and_cursor_indexes  effective c51c46a09640 -> a9724cdb6dcf
  0669_chain_creates_inv_compliance_documents  effective 901adad6e2c4 -> 2eeec7b3d27c
  0781_hr_safety_cases_candidate_search_fns  effective 27d90beac4fb -> 16ead09ca147
  0783_hr_cursor_indexes  effective 2c668a22ece6 -> 081321fee4b1
  0796_kb_actor_membership_companion  effective 2df3d32146ce -> d1310016c974
  0955_ar02_drop_hr_payroll_single_fks  effective 80016ddea14e -> 4d2f19b16715
  0978_ar02_organization_id_tenant_fks  effective 896d28a0ff57 -> e81959047f51
  0961_storage_file_quarantine  effective 4b9cd76482bb -> 16644f68f79f
  0942_storage_multipart_intents  effective 04d2f2dab35e -> 7995772da7a5
  0986_ar02_resolve_conflicting_actor_fks  effective afe67635d765 -> 8d47a3a84ff3
  0983_s12_gdpr_partial_export_status  effective f0191b10db61 -> 78f5b2b37682
  0992_set_null_referential_actions_repair  effective c889e0e3ca4f -> 521a65c6fee7
  0993_coupons_tenant_scoped_code_unique  effective b48dfffedbdc -> 31e2ac05fdba
  0994_s08_rls_for_unpoliced_inventory_tables  effective 3df2d3730611 -> d62e5b061527
  0995_s08_credit_note_tenant_foreign_keys  effective d589633dfbd8 -> 97ae5db7c8a8
  0996_s08_leading_tenant_indexes  effective 42bcd9255dd4 -> 86eed5aa9c11
  0997_s08_read_path_indexes  effective 5160ec88c5d2 -> 72ae2834db53
  0998_s08_drop_orphan_enum_types  effective 0a873623cce6 -> 9533fe87ff8d
  0999_s08_drop_redundant_indexes  effective 59bcb3bb0b21 -> 22820599bfbd
  1000_s08_plan_measured_indexes_and_kb_ann  effective 50e5344b264f -> 9c613970512d
  1001_s08_payroll_financial_immutability  effective 14cd16ab27d9 -> e1d471114bcf
  1002_s08_payroll_read_path_indexes  effective 576a18430336 -> 552c39780ebf
  1003_s08_residual_duplicate_keys  effective 997df62f426e -> 8692b33a4723
  1004_s08_payroll_lock_guard_org_purge  effective 7a3a51c9c097 -> 0a30dd78e14a
  1005_s08_feedbucket_modules_catalog_row  effective d10ea8ab0ebc -> 99d36209ee53
  1006_s09_drop_redundant_single_column_tenant_fks  effective 5751fee14b97 -> 12fdd441af89
  1007_s09_restore_measured_tenant_indexes  effective 2b620ec82cd7 -> c99bf6012c70
  1008_s09_hash_support_inbound_secrets  effective 260bd7a27dcb -> 584d575b2576
  1009_s09_inv_stock_transactions_single_column_fks  effective ef408d633402 -> 431faa2755f5
  1021_t29_kb_page_links_record_unique  effective 0c89e267b6bc -> ad323e573e9f
  1022_t29_mail_metadata_search_and_keyset  effective de1bef5f59bd -> cf461409fbda
  1030_t24_payroll_tds_ytd_immutability  effective da35374f3828 -> 2af04bda9190
  1023_t07b_billing_legacy_integer_id_columns  effective 875f85497b2c -> 650e9145362d
  1024_t07b_tenant_anchor_foreign_keys  effective 6b968df4fd90 -> 5efe15ca00e1
  1025_t07b_composite_self_reference_foreign_keys  effective f6bf121ced97 -> 736c3d09b70a
  1026_t07b_payroll_tds_ytd_ledger_run_foreign_key  effective c6ba30718942 -> f16f7d4b5fcc
  1040_t29_kb_membership_and_template_uniques  effective db98460c0e52 -> 0c2482f70f6c
  1027_t07b_dashboard_my_tasks_assignee_updated_index  effective a08940a5be9c -> fc6cdbfe147a
  1041_t22c_attendance_membership_history_index  effective ed711fd41ce5 -> bb4d5abb47a5
  1042_t29_kb_page_attachments  effective 89f14d030d69 -> 63dc1336b8d5
  1043_t08_nullable_tenant_composite_fk_guards  effective bc27e690bd46 -> 76c9cb0fafb5
  1044_t41_kb_page_attachments_rls  effective 92e9ed323ff6 -> 996eb5f76e2e
  1045_t44b_storage_pending_purge_bucket  effective 980dfc879881 -> 49a3461210a6
  1046_t15f_support_ticket_watchers_actor_contract  effective f02ca9b98373 -> 27237e99d858
  1047_t33_backfill_public_object_urls  effective 28fdf967fe89 -> 02c5cc263985
  1048_hr_people_org_person_link_unique  effective 348e066f9226 -> 00e49367d5a9
  1049_t08_payroll_bank_batch_item_natural_key  effective 657652f90385 -> 2699e380775f
  1050_t08_payroll_tds_ytd_run_in_natural_key  effective 245b7a9c1f1a -> 4f9acda4fd3f
  1051_t03_membership_removal_restrict_to_set_null  effective 8f89b89fa6aa -> 957f731a02f3
  1052_t07_roster_entries_natural_key  effective 4600cf99640a -> 30b52066b70c
  1053_t03_inv_user_warehouse_grant_cascade  effective 775347f88f20 -> 9df383044c8a
  1054_chat_presence_membership_unique_total  effective 5d356860ab61 -> 1d9ec13e2399
  1055_t02_affiliates_org_scoped_user_unique  effective 8c0f6a7c8067 -> 8540ac05d78d
  1056_drop_duplicate_single_column_fks  effective b6d91a9982c6 -> e5d093fe607e
  1057_calendar_connection_org_resolver  effective 673d72a5af62 -> 31a4ba38eea9
  1058_chat_read_path_indexes  effective 70308091d19c -> 20917b3df8e6
  1059_build_board_rank_sort_index  effective 3a0088bb6422 -> f591dad2af62
  1060_chat_reply_reminder_pending_index  effective 9745dcb1dea5 -> 2ecdc2778316
  1061_push_endpoint_cross_tenant_claim  effective ed792a279ddc -> 6a85df58a9aa

COMMENT-ONLY edits to already-sealed migrations (every database built from either version is identical; refresh with `pnpm check:migration-immutability:emit`):
  0296_hrms_org_departments
  0300_kb_chunk_content_hash
  0325_recon_membership_fk
  0351_automation_consolidation
  0628_communication_actor_normalization
  0630_restore_calendar_legacy_read_column
  0631_chat_composite_tenant_constraints
  0635_kb_composite_tenant_constraints
  0637_finance_cursor_retention
  0638_accounting_child_tenant_indexes
  0641_financial_actor_audit_identity
  0636_kb_source_review_tenant_constraints
  0690_build_ticket_activity_log_user_membership_id
  0692_build_ticket_comment_mentions_membership_id
  0694_build_ticket_related_links_created_by_membership_id
  0696_build_sprint_scope_events_actor_membership_id
  0698_build_workflow_transitions_created_by_membership_id

FAIL — 1 seal violation(s):
  • 266 sealed migration(s) changed their SQL
