◇ injected env (53) from .env // tip: ⌘ enable debugging { debug: true }
control plane : postgresql://<db-role>:***@<neon-host>/<db-control-plane>?sslmode=require&channel_binding=require
cell          : postgresql://<db-role>:***@<neon-host>/<db-cell>?sslmode=require&channel_binding=require
journal hashes: 609


Bootstrap parity comparison
  A: postgresql://<db-role>:***@<neon-host>/scratch_boot_b?sslmode=require
  B: postgresql://<db-role>:***@<neon-host>/scratch_boot_c?sslmode=require
  A replay rows: 598
  B replay rows: 605

FAIL  tables            A=  1028  B=  1025  missing-in-B=3 extra-in-B=0
        MISSING IN B  public.sprint_scope_events
        MISSING IN B  public.ticket_activity_log
        MISSING IN B  public.ticket_comments
FAIL  columns           A= 13474  B= 13448  missing-in-B=28 extra-in-B=2
        MISSING IN B  build.workflow_transitions.created_by:text:false
        MISSING IN B  public.sprint_scope_events.actor_id:text:false
        MISSING IN B  public.sprint_scope_events.created_at:timestamp with time zone:true
        MISSING IN B  public.sprint_scope_events.event_type:sprint_scope_event_type:true
        MISSING IN B  public.sprint_scope_events.id:bigint:true
        MISSING IN B  public.sprint_scope_events.new_points:integer:false
        MISSING IN B  public.sprint_scope_events.org_id:text:true
        MISSING IN B  public.sprint_scope_events.previous_points:integer:false
        MISSING IN B  public.sprint_scope_events.sprint_id:integer:true
        MISSING IN B  public.sprint_scope_events.ticket_id:integer:true
        MISSING IN B  public.ticket_activity_log.action:ticket_activity_action:true
        MISSING IN B  public.ticket_activity_log.created_at:timestamp with time zone:true
        MISSING IN B  public.ticket_activity_log.from_value:text:false
        MISSING IN B  public.ticket_activity_log.id:bigint:true
        MISSING IN B  public.ticket_activity_log.org_id:text:true
        MISSING IN B  public.ticket_activity_log.ticket_id:integer:true
        MISSING IN B  public.ticket_activity_log.to_value:text:false
        MISSING IN B  public.ticket_activity_log.user_id:text:false
        MISSING IN B  public.ticket_comments.client_visible:boolean:true
        MISSING IN B  public.ticket_comments.content:text:true
        … 8 more missing
        ONLY IN B     build_events.sprint_scope_events.event_type:sprint_scope_event_type:true
        ONLY IN B     build_events.ticket_activity_log.action:ticket_activity_action:true
FAIL  constraints       A= 14597  B= 14591  missing-in-B=39 extra-in-B=33
        MISSING IN B  build.workflow_transitions.workflow_transitions_created_by_users_id_fk:f
        MISSING IN B  public.sprint_scope_events.sprint_scope_events_actor_id_users_id_fk:f
        MISSING IN B  public.sprint_scope_events.sprint_scope_events_created_at_not_null:n
        MISSING IN B  public.sprint_scope_events.sprint_scope_events_event_type_not_null:n
        MISSING IN B  public.sprint_scope_events.sprint_scope_events_id_not_null:n
        MISSING IN B  public.sprint_scope_events.sprint_scope_events_org_id_not_null:n
        MISSING IN B  public.sprint_scope_events.sprint_scope_events_org_id_organizations_id_fk:f
        MISSING IN B  public.sprint_scope_events.sprint_scope_events_pkey:p
        MISSING IN B  public.sprint_scope_events.sprint_scope_events_sprint_id_not_null:n
        MISSING IN B  public.sprint_scope_events.sprint_scope_events_sprint_id_sprints_id_fk:f
        MISSING IN B  public.sprint_scope_events.sprint_scope_events_ticket_id_not_null:n
        MISSING IN B  public.sprint_scope_events.sprint_scope_events_ticket_id_tickets_id_fk:f
        MISSING IN B  public.ticket_activity_log.fk_ticket_activity_log_ticket_id_org:f
        MISSING IN B  public.ticket_activity_log.ticket_activity_log_action_not_null:n
        MISSING IN B  public.ticket_activity_log.ticket_activity_log_created_at_not_null:n
        MISSING IN B  public.ticket_activity_log.ticket_activity_log_id_not_null:n
        MISSING IN B  public.ticket_activity_log.ticket_activity_log_org_id_not_null:n
        MISSING IN B  public.ticket_activity_log.ticket_activity_log_org_id_organizations_id_fk:f
        MISSING IN B  public.ticket_activity_log.ticket_activity_log_pkey:p
        MISSING IN B  public.ticket_activity_log.ticket_activity_log_ticket_id_not_null:n
        … 19 more missing
        ONLY IN B     build.ticket_comment_mentions.fk_ticket_comment_mentions_org_comment:f
        ONLY IN B     build.ticket_comment_reactions.fk_ticket_comment_reactions_org_comment:f
        ONLY IN B     build.ticket_custom_field_values.fk_ticket_cfield_values_org_def:f
        ONLY IN B     build.ticket_custom_field_values.fk_ticket_cfield_values_org_ticket:f
        ONLY IN B     build.ticket_label_mappings.fk_ticket_label_mappings_org_label:f
        ONLY IN B     build.ticket_label_mappings.fk_ticket_label_mappings_org_ticket:f
        ONLY IN B     build.ticket_related_links.fk_ticket_related_links_org_ticket:f
        ONLY IN B     build.ticket_watchers.fk_ticket_watchers_org_ticket:f
        ONLY IN B     build.tickets.fk_tickets_org_cycle:f
        ONLY IN B     build.tickets.fk_tickets_org_module:f
        ONLY IN B     build.tickets.fk_tickets_org_project:f
        ONLY IN B     build.tickets.fk_tickets_org_sprint:f
        ONLY IN B     build.webhook_deliveries.fk_webhook_deliveries_org_webhook:f
        ONLY IN B     build.work_item_relations.fk_work_item_relations_org_item:f
        ONLY IN B     build.work_item_relations.fk_work_item_relations_org_related:f
        ONLY IN B     build.workflow_transitions.fk_workflow_transitions_org_from_status:f
        ONLY IN B     build.workflow_transitions.fk_workflow_transitions_org_project:f
        ONLY IN B     build.workflow_transitions.fk_workflow_transitions_org_to_status:f
        ONLY IN B     build_events.sprint_scope_events.fk_sprint_scope_events_org_sprint:f
        ONLY IN B     build_events.sprint_scope_events.fk_sprint_scope_events_org_ticket:f
        … 13 more extra
FAIL  indexes           A=  5061  B=  5053  missing-in-B=10 extra-in-B=2
        MISSING IN B  public.idx_sprint_scope_events_org_sprint_created
        MISSING IN B  public.idx_sprint_scope_events_ticket
        MISSING IN B  public.idx_ticket_activity_log_org_ticket
        MISSING IN B  public.idx_ticket_activity_log_ticket_recent
        MISSING IN B  public.idx_ticket_comments_ticket
        MISSING IN B  public.sprint_scope_events_pkey
        MISSING IN B  public.ticket_activity_log_pkey
        MISSING IN B  public.ticket_comments_pkey
        MISSING IN B  public.uniq_ticket_activity_log_org_id
        MISSING IN B  public.uniq_ticket_comments_org_id
        ONLY IN B     build_events.uniq_ticket_activity_log_org_id
        ONLY IN B     build_events.uniq_ticket_comments_org_id
FAIL  policies          A=   962  B=   962  missing-in-B=3 extra-in-B=3
        MISSING IN B  public.sprint_scope_events.tenant_isolation
        MISSING IN B  public.ticket_activity_log.tenant_isolation
        MISSING IN B  public.ticket_comments.tenant_isolation
        ONLY IN B     build_events.sprint_scope_events.tenant_isolation
        ONLY IN B     build_events.ticket_activity_log.tenant_isolation
        ONLY IN B     build_events.ticket_comments.tenant_isolation
PASS  functions         A=   457  B=   457
PASS  triggers          A=   163  B=   163
PASS  extensions        A=     5  B=     5
PASS  enums             A=  2439  B=  2439
FAIL  rlsEnabled        A=   965  B=   962  missing-in-B=3 extra-in-B=0
        MISSING IN B  public.sprint_scope_events
        MISSING IN B  public.ticket_activity_log
        MISSING IN B  public.ticket_comments

RESULT: SCHEMAS DIFFER  differences=126
FAIL  tables           control=  1023 cell=   982  missing=42 extra=1
        MISSING IN CELL  public.expense_export_jobs
        MISSING IN CELL  public.finance_report_export_jobs
        MISSING IN CELL  public.gdpr_export_jobs
        MISSING IN CELL  public.inv_ai_feedback
        MISSING IN CELL  public.inv_allocation_overrides
        MISSING IN CELL  public.inv_asn_lines
        MISSING IN CELL  public.inv_asns
        MISSING IN CELL  public.inv_audit_export_jobs
        MISSING IN CELL  public.inv_channel_pools
        MISSING IN CELL  public.inv_channel_snapshot_diffs
        MISSING IN CELL  public.inv_channel_webhook_deliveries
        MISSING IN CELL  public.inv_compliance_documents
        MISSING IN CELL  public.inv_customer_shelf_life_rules
        MISSING IN CELL  public.inv_demand_forecasts
        MISSING IN CELL  public.inv_dock_appointments
        MISSING IN CELL  public.inv_dock_doors
        MISSING IN CELL  public.inv_grn_line_serials
        MISSING IN CELL  public.inv_handling_units
        MISSING IN CELL  public.inv_inspection_plan_versions
        MISSING IN CELL  public.inv_inspection_plans
        … 22 more missing
        ONLY IN CELL     public.inv_reason_codes
FAIL  columns          control= 13562 cell= 12513  missing=1165 extra=116
        MISSING IN CELL  build.bugs.assignee_membership_id:integer:false
        MISSING IN CELL  build.bugs.qa_owner_membership_id:integer:false
        MISSING IN CELL  build.change_requests.approval_owner_membership_id:integer:false
        MISSING IN CELL  build.comment_drafts.membership_id:integer:true
        MISSING IN CELL  build.feedbucket_submissions.assignee_membership_id:integer:false
        MISSING IN CELL  build.meeting_attendees.membership_id:integer:true
        MISSING IN CELL  build.meeting_standup_entries.membership_id:integer:false
        MISSING IN CELL  build.okr_goals.created_by_membership_id:integer:false
        MISSING IN CELL  build.okr_goals.owner_membership_id:integer:false
        MISSING IN CELL  build.project_members.membership_id:integer:true
        MISSING IN CELL  build.project_team_members.membership_id:integer:true
        MISSING IN CELL  build.project_whiteboard_shares.membership_id:integer:true
        MISSING IN CELL  build.project_workspace_members.membership_id:integer:true
        MISSING IN CELL  build.projects.client_membership_id:integer:false
        MISSING IN CELL  build.projects.manager_membership_id:integer:false
        MISSING IN CELL  build.test_runs.tester_membership_id:integer:false
        MISSING IN CELL  build.ticket_assignees.membership_id:integer:true
        MISSING IN CELL  build.ticket_checklist_items.assignee_membership_id:integer:false
        MISSING IN CELL  build.ticket_comment_mentions.mentioned_user_membership_id:integer:false
        MISSING IN CELL  build.ticket_comment_reactions.membership_id:integer:true
        … 1145 more missing
        ONLY IN CELL     build.bugs.assignee_id:text:false
        ONLY IN CELL     build.comment_drafts.user_id:text:true
        ONLY IN CELL     build.feedbucket_submissions.assignee_id:text:false
        ONLY IN CELL     build.meeting_attendees.user_id:text:true
        ONLY IN CELL     build.okr_goals.created_by:text:false
        ONLY IN CELL     build.okr_goals.owner_id:text:false
        ONLY IN CELL     build.project_approvals.approver_id:text:false
        ONLY IN CELL     build.project_members.membership_id:integer:false
        ONLY IN CELL     build.project_members.user_id:text:true
        ONLY IN CELL     build.project_team_members.user_id:text:true
        ONLY IN CELL     build.project_whiteboard_shares.user_id:text:true
        ONLY IN CELL     build.project_workspace_members.user_id:text:true
        ONLY IN CELL     build.projects.client_id:text:false
        ONLY IN CELL     build.projects.manager_id:text:false
        ONLY IN CELL     build.ticket_assignees.membership_id:integer:false
        ONLY IN CELL     build.ticket_assignees.user_id:text:true
        ONLY IN CELL     build.ticket_comment_reactions.user_id:text:true
        ONLY IN CELL     build.ticket_watchers.user_id:text:true
        ONLY IN CELL     build.tickets.assignee_id:text:false
        ONLY IN CELL     build.workflow_transitions.created_by:text:false
        … 96 more extra
FAIL  indexes          control=  5084 cell=  4468  missing=878 extra=262
        MISSING IN CELL  build.idx_bugs_org_assignee_membership
        MISSING IN CELL  build.idx_bugs_org_qa_owner_membership
        MISSING IN CELL  build.idx_change_requests_org_approval_owner_membership
        MISSING IN CELL  build.idx_comment_drafts_org_member_membership
        MISSING IN CELL  build.idx_comment_reactions_org_membership
        MISSING IN CELL  build.idx_feedbucket_submissions_org_assignee_membership
        MISSING IN CELL  build.idx_intake_items_org_project_created_id
        MISSING IN CELL  build.idx_managed_products_org_created_id
        MISSING IN CELL  build.idx_meeting_attendees_org_membership
        MISSING IN CELL  build.idx_meeting_standup_entries_org_membership
        MISSING IN CELL  build.idx_okr_goals_org_owner_membership
        MISSING IN CELL  build.idx_pm_workspace_memberships_org_ws_added
        MISSING IN CELL  build.idx_pm_workspaces_org_created_slug
        MISSING IN CELL  build.idx_project_portfolios_org_created_id
        MISSING IN CELL  build.idx_project_team_members_org_membership
        MISSING IN CELL  build.idx_project_team_members_org_team_joined
        MISSING IN CELL  build.idx_project_teams_org_created_id
        MISSING IN CELL  build.idx_project_workspace_members_org_membership
        MISSING IN CELL  build.idx_projects_org_client_membership
        MISSING IN CELL  build.idx_projects_org_id_desc
        … 858 more missing
        ONLY IN CELL     build.idx_comment_drafts_org_user
        ONLY IN CELL     build.idx_meeting_attendees_user
        ONLY IN CELL     build.idx_project_members_org_user
        ONLY IN CELL     build.idx_project_members_user
        ONLY IN CELL     build.idx_project_team_members_user
        ONLY IN CELL     build.idx_ticket_assignees_user_id
        ONLY IN CELL     build.idx_ticket_watchers_user
        ONLY IN CELL     public.idx_ai_usage_org_created
        ONLY IN CELL     public.idx_broadcast_read_receipts_user
        ONLY IN CELL     public.idx_cal_src_pref_org_user
        ONLY IN CELL     public.idx_calendar_events_created_by
        ONLY IN CELL     public.idx_chat_members_user
        ONLY IN CELL     public.idx_chat_messages_sender
        ONLY IN CELL     public.idx_event_attendees_event_id
        ONLY IN CELL     public.idx_event_attendees_user_id
        ONLY IN CELL     public.idx_hr_audit_logs_actor
        ONLY IN CELL     public.idx_inv_audit_org_created
        ONLY IN CELL     public.idx_inv_reason_codes_org_category
        ONLY IN CELL     public.idx_inv_txn_created
        ONLY IN CELL     public.idx_inv_txn_org_created
        … 242 more extra
FAIL  constraints      control= 14549 cell= 13586  missing=1262 extra=299
        MISSING IN CELL  build.bugs.fk_bugs_assignee_actor:f
        MISSING IN CELL  build.bugs.fk_bugs_qa_owner_actor:f
        MISSING IN CELL  build.change_requests.fk_change_requests_approval_owner_actor:f
        MISSING IN CELL  build.comment_drafts.comment_drafts_membership_id_not_null:n
        MISSING IN CELL  build.comment_drafts.fk_comment_drafts_actor:f
        MISSING IN CELL  build.feedbucket_submissions.fk_feedbucket_submissions_assignee_actor:f
        MISSING IN CELL  build.meeting_attendees.fk_meeting_attendees_actor:f
        MISSING IN CELL  build.meeting_attendees.meeting_attendees_membership_id_not_null:n
        MISSING IN CELL  build.meeting_standup_entries.fk_meeting_standup_entries_actor:f
        MISSING IN CELL  build.okr_goals.fk_okr_goals_created_by_actor:f
        MISSING IN CELL  build.okr_goals.fk_okr_goals_owner_actor:f
        MISSING IN CELL  build.project_members.project_members_membership_id_not_null:n
        MISSING IN CELL  build.project_team_members.fk_project_team_members_actor:f
        MISSING IN CELL  build.project_team_members.project_team_members_membership_id_not_null:n
        MISSING IN CELL  build.project_whiteboard_shares.fk_whiteboard_shares_actor:f
        MISSING IN CELL  build.project_whiteboard_shares.project_whiteboard_shares_membership_id_not_null:n
        MISSING IN CELL  build.project_workspace_members.fk_project_workspace_members_actor:f
        MISSING IN CELL  build.project_workspace_members.project_workspace_members_membership_id_not_null:n
        MISSING IN CELL  build.projects.fk_projects_client_actor:f
        MISSING IN CELL  build.projects.fk_projects_manager_actor:f
        … 1242 more missing
        ONLY IN CELL     build.bugs.bugs_assignee_id_users_id_fk:f
        ONLY IN CELL     build.comment_drafts.comment_drafts_user_id_fkey:f
        ONLY IN CELL     build.comment_drafts.comment_drafts_user_id_not_null:n
        ONLY IN CELL     build.feedbucket_submissions.feedbucket_submissions_assignee_id_users_id_fk:f
        ONLY IN CELL     build.meeting_attendees.meeting_attendees_user_id_not_null:n
        ONLY IN CELL     build.meeting_attendees.meeting_attendees_user_id_users_id_fk:f
        ONLY IN CELL     build.okr_goals.okr_goals_created_by_users_id_fk:f
        ONLY IN CELL     build.okr_goals.okr_goals_owner_id_users_id_fk:f
        ONLY IN CELL     build.pm_workspace_memberships.fk_pm_workspace_memberships_organization_membership_id_org:f
        ONLY IN CELL     build.project_approvals.project_approvals_approver_id_users_id_fk:f
        ONLY IN CELL     build.project_members.project_members_user_id_not_null:n
        ONLY IN CELL     build.project_members.project_members_user_id_users_id_fk:f
        ONLY IN CELL     build.project_team_members.project_team_members_user_id_fkey:f
        ONLY IN CELL     build.project_team_members.project_team_members_user_id_not_null:n
        ONLY IN CELL     build.project_whiteboard_shares.project_whiteboard_shares_user_id_not_null:n
        ONLY IN CELL     build.project_whiteboard_shares.project_whiteboard_shares_user_id_users_id_fk:f
        ONLY IN CELL     build.project_workspace_members.project_workspace_members_user_id_fkey:f
        ONLY IN CELL     build.project_workspace_members.project_workspace_members_user_id_not_null:n
        ONLY IN CELL     build.projects.projects_client_id_users_id_fk:f
        ONLY IN CELL     build.projects.projects_manager_id_users_id_fk:f
        … 279 more extra
FAIL  enums            control=  2513 cell=  2364  missing=149 extra=0
        MISSING IN CELL  hr_data_request_type:correction
        MISSING IN CELL  inv_adj_reason:SCRAP
        MISSING IN CELL  inv_ai_feedback_verdict:STALE
        MISSING IN CELL  inv_ai_feedback_verdict:UNSAFE
        MISSING IN CELL  inv_ai_feedback_verdict:USEFUL
        MISSING IN CELL  inv_ai_feedback_verdict:WRONG
        MISSING IN CELL  inv_asn_status:ARRIVED
        MISSING IN CELL  inv_asn_status:CANCELLED
        MISSING IN CELL  inv_asn_status:CLOSED
        MISSING IN CELL  inv_asn_status:CONFIRMED
        MISSING IN CELL  inv_asn_status:DRAFT
        MISSING IN CELL  inv_asn_status:IN_TRANSIT
        MISSING IN CELL  inv_channel_delivery_status:DEAD
        MISSING IN CELL  inv_channel_delivery_status:FAILED
        MISSING IN CELL  inv_channel_delivery_status:PENDING
        MISSING IN CELL  inv_channel_delivery_status:PROCESSED
        MISSING IN CELL  inv_channel_snapshot_diff_status:ACCEPTED
        MISSING IN CELL  inv_channel_snapshot_diff_status:DISMISSED
        MISSING IN CELL  inv_channel_snapshot_diff_status:OPEN
        MISSING IN CELL  inv_channel_snapshot_policy:ALLOW_ADJUSTMENT
        … 129 more missing
FAIL  functions        control=   460 cell=   443  missing=17 extra=0
        MISSING IN CELL  app.nullify_audit_logs_org_id
        MISSING IN CELL  app.prevent_audit_log_mutation
        MISSING IN CELL  app.resolve_inv_channel_org_id
        MISSING IN CELL  app.search_hr_candidate_ids
        MISSING IN CELL  app.search_hr_case_ids
        MISSING IN CELL  app.search_hr_interview_question_ids
        MISSING IN CELL  app.search_hr_person_ids
        MISSING IN CELL  app.search_hr_policy_ids
        MISSING IN CELL  app.search_hr_safety_incident_ids
        MISSING IN CELL  app.search_hr_template_ids
        MISSING IN CELL  app.search_kb_chunk_ids
        MISSING IN CELL  app.search_kb_chunk_ids_iter2
        MISSING IN CELL  app.search_organization_people_ids
        MISSING IN CELL  public.enforce_journal_entry_immutability
        MISSING IN CELL  public.enforce_journal_line_immutability
        MISSING IN CELL  public.hr_sync_actor_membership
        MISSING IN CELL  public.inv_audit_events_append_only
FAIL  policies         control=   977 cell=   937  missing=41 extra=1
        MISSING IN CELL  public.communication_backfill_issues.communication_backfill_issues_tenant_isolation
        MISSING IN CELL  public.expense_export_jobs.tenant_isolation
        MISSING IN CELL  public.finance_report_export_jobs.tenant_isolation
        MISSING IN CELL  public.gdpr_export_jobs.tenant_isolation
        MISSING IN CELL  public.inv_ai_feedback.tenant_isolation
        MISSING IN CELL  public.inv_allocation_overrides.tenant_isolation
        MISSING IN CELL  public.inv_asn_lines.tenant_isolation
        MISSING IN CELL  public.inv_asns.tenant_isolation
        MISSING IN CELL  public.inv_audit_export_jobs.tenant_isolation
        MISSING IN CELL  public.inv_channel_pools.tenant_isolation
        MISSING IN CELL  public.inv_channel_snapshot_diffs.tenant_isolation
        MISSING IN CELL  public.inv_channel_webhook_deliveries.tenant_isolation
        MISSING IN CELL  public.inv_compliance_documents.tenant_isolation
        MISSING IN CELL  public.inv_customer_shelf_life_rules.tenant_isolation
        MISSING IN CELL  public.inv_demand_forecasts.tenant_isolation
        MISSING IN CELL  public.inv_dock_appointments.tenant_isolation
        MISSING IN CELL  public.inv_dock_doors.tenant_isolation
        MISSING IN CELL  public.inv_grn_line_serials.tenant_isolation
        MISSING IN CELL  public.inv_handling_units.tenant_isolation
        MISSING IN CELL  public.inv_inspection_plan_versions.tenant_isolation
        … 21 more missing
        ONLY IN CELL     public.inv_reason_codes.tenant_isolation
FAIL  rlsEnabled       control=   977 cell=   937  missing=41 extra=1
        MISSING IN CELL  public.communication_backfill_issues
        MISSING IN CELL  public.expense_export_jobs
        MISSING IN CELL  public.finance_report_export_jobs
        MISSING IN CELL  public.gdpr_export_jobs
        MISSING IN CELL  public.inv_ai_feedback
        MISSING IN CELL  public.inv_allocation_overrides
        MISSING IN CELL  public.inv_asn_lines
        MISSING IN CELL  public.inv_asns
        MISSING IN CELL  public.inv_audit_export_jobs
        MISSING IN CELL  public.inv_channel_pools
        MISSING IN CELL  public.inv_channel_snapshot_diffs
        MISSING IN CELL  public.inv_channel_webhook_deliveries
        MISSING IN CELL  public.inv_compliance_documents
        MISSING IN CELL  public.inv_customer_shelf_life_rules
        MISSING IN CELL  public.inv_demand_forecasts
        MISSING IN CELL  public.inv_dock_appointments
        MISSING IN CELL  public.inv_dock_doors
        MISSING IN CELL  public.inv_grn_line_serials
        MISSING IN CELL  public.inv_handling_units
        MISSING IN CELL  public.inv_inspection_plan_versions
        … 21 more missing
        ONLY IN CELL     public.inv_reason_codes
FAIL  triggers         control=   168 cell=   111  missing=58 extra=1
        MISSING IN CELL  public.audit_logs.audit_logs_append_only
        MISSING IN CELL  public.calibration_sessions.tr_hr_actor_fa28762c242f0f99
        MISSING IN CELL  public.candidate_documents_vault.tr_hr_actor_0dc970536809bb6d
        MISSING IN CELL  public.candidate_messages.tr_hr_actor_5891327c7152d1de
        MISSING IN CELL  public.candidate_offers.tr_hr_actor_12bb8d0d377b3367
        MISSING IN CELL  public.candidate_offers.tr_hr_actor_c24604c939f04562
        MISSING IN CELL  public.candidate_reference_checks.tr_hr_actor_d58e1704af1261c0
        MISSING IN CELL  public.candidate_referrals.tr_hr_actor_8bce4f6f65893af6
        MISSING IN CELL  public.candidate_sources.tr_hr_actor_2f2fa16573bfe40b
        MISSING IN CELL  public.email_sequences.tr_hr_actor_cfe5bf4fb520bd50
        MISSING IN CELL  public.feedback_cycles.tr_hr_actor_c0fb8b02064f3a65
        MISSING IN CELL  public.headcount_requests.tr_hr_actor_b98269fd23c2381b
        MISSING IN CELL  public.headcount_requests.tr_hr_actor_edcd74baae8dcf06
        MISSING IN CELL  public.hiring_flows.tr_hr_actor_5900d9da9493a45d
        MISSING IN CELL  public.hr_badge_awards.tr_hr_actor_3472f0ef8e96c6ef
        MISSING IN CELL  public.hr_campaigns.tr_hr_actor_2caccd44489e6658
        MISSING IN CELL  public.hr_communities.tr_hr_actor_262dcb642a79b397
        MISSING IN CELL  public.hr_mood_checkins.tr_hr_actor_43899b1d388aec8d
        MISSING IN CELL  public.hr_polls.tr_hr_actor_80f6d00c61a6d726
        MISSING IN CELL  public.hr_reporting_lines.tr_hr_actor_b3df5c543728d411
        … 38 more missing
        ONLY IN CELL     public.feedback_cycle_responses.trg_set_org_id
FAIL  migrationHashes  journal=   609 cell=   375 missing=238 extra-in-cell=4 control-orphans=20(not-required)
        MISSING IN CELL  80f938c939811340a2622a62af54122e1f0c07c899f5dae8e22a2130624af0b8
        MISSING IN CELL  5aad2f74dd9749317010e4862747bd48b6acbff6cf2adf496e6f7de2b838da10
        MISSING IN CELL  11c987957c489a7108f6c956583038f0e6d5a9647f93408a4bbe0eca601776dc
        MISSING IN CELL  dfe1b248e6372e5d1fd6ad4e604e52946f892b6e463d140bcbdd9dbecc254ac9
        MISSING IN CELL  f780fbffd48218bd3001deb10f037f8b19dcf03b322a7de04f3682da2a8eea65
        MISSING IN CELL  8aa493b6cb0ea5c811611e30b638ab8a36cc3887c36bd34f9101450ae61262b3
        MISSING IN CELL  c996c9f88719614972e32caa950c7a99045b9bb876c16218c3ab6b5f55c46491
        MISSING IN CELL  cdf57a02ee9c6897981e5ca5fae8f8b6b1f4ca227f7b2bd5f4ec7aab46c5e19b
        MISSING IN CELL  6bb1aed646cd2d704d0d799cb0a81018d9fbda251b5ed3c2f1fc321333ae6d5a
        MISSING IN CELL  4b50a4548225851c7980d37b5a45d823f3a92a45192e69f7c3da7ea2970b1302
        MISSING IN CELL  b03b76e4033a72f0feda7cc4970aae59743205c082d9e785e4a4a0dfd158dc8e
        MISSING IN CELL  84df64c685f6227ccf0555bef26c6f6ebc87ef4ee6f68fd9a08f0b3a53dd11a3
        MISSING IN CELL  09628409bc8ad79f4d079062c4bff9c3989c250274c768a80788234085f5f743
        MISSING IN CELL  1e525a18ef3f6d580ea1b29c6ea32991a9a47eb07746b030a93ffca705e95fc2
        MISSING IN CELL  43770cf81e01cf791a0151995d888a5a344a21a1bd1895194bd698901e47ada0
        MISSING IN CELL  32b2d9c608544b7df5ba7f45c11314afb667eb5a389d1c5630a2435edcd2d6bc
        MISSING IN CELL  52839a1ff088d82a8ef87e62cd75c3034966e7ed53b1704769e30714bd2b0a07
        MISSING IN CELL  8404ef34d20d329bcef750cf07d67ec6e444d40fedb5429bde42f2f6353fd274
        MISSING IN CELL  af8fe5590fb4c7b62f450f4f0c6d6aeea4203d58246b7a91ebc66cf3f98ad9df
        MISSING IN CELL  cb6ebab1f6d831f7ede2e8aab50b2bc6864b3afde44a78cf97cb5bf237de49c5
        … 218 more missing
        NOTE: 4 cell hash(es) not in journal (may be orphans from prior bootstrap)
        EXTRA IN CELL    c18fcc1e773f8bc405c96f5a3deabe7c614a64feebcd08f8bc3920ef3373e0ea
        EXTRA IN CELL    a3601e179deca9c659e9ed55188bfaac23427eb2298dbfe3ce85a11da26f39c6
        EXTRA IN CELL    f2fd5f53d87957353b534f5ddaf08b49abd9b35f60fd7caf61aedba0dae30573
        EXTRA IN CELL    b833485bc94ddc82284b269f0a4c605a21ff4a5920208dc63513996685208f5b

RESULT: SCHEMAS DIFFER cell=cell-2 differences=4572 migrations=375/609 control-orphans=20
