  25 applied (1 pre-done) at 31s — last 0306_chat_org_id
  50 applied (1 pre-done) at 50s — last 0330_worker_engagement_overlap
  75 applied (1 pre-done) at 90s — last 0355_journal_lines_hardening
  100 applied (1 pre-done) at 122s — last 0375_rls_canary_projects
  125 applied (1 pre-done) at 150s — last 0398_backfill_hr_admin_branch_hr_recruitment_grants
  150 applied (1 pre-done) at 182s — last 0150_analyze_after_build_rewrites
  175 applied (1 pre-done) at 226s — last 0428_feedback_dedup_merge
  200 applied (1 pre-done) at 255s — last 0444_home_notifications_namespace
  225 applied (1 pre-done) at 287s — last 0210_backfill_party_role_permissions
  250 applied (1 pre-done) at 339s — last 0241_party_legacy_backfill
  275 applied (1 pre-done) at 374s — last 0487_hr_people_org_person_validate
  300 applied (1 pre-done) at 421s — last 0580_notification_audit_logs_widen_notification_id
  325 applied (1 pre-done) at 537s — last 0488_hr_people_drop_identity_cols
  350 applied (1 pre-done) at 774s — last 0630_restore_calendar_legacy_read_column
  375 applied (1 pre-done) at 824s — last 0657_kb_article_tags_tenant_integrity
  400 applied (1 pre-done) at 852s — last 0691_build_ticket_activity_log_user_membership_id_validate
  425 applied (1 pre-done) at 874s — last 0714_kb_chunk_search_hybrid
  450 applied (1 pre-done) at 901s — last 0758_org_unit_members_membership_not_null
  475 applied (1 pre-done) at 997s — last 0783_hr_cursor_indexes
  500 applied (1 pre-done) at 1034s — last 0809_timesheets_companion_validate
  525 applied (1 pre-done) at 1119s — last 0835_payroll_runs_actor_set_null
  550 applied (1 pre-done) at 1156s — last 0865_support_actor_expand
  575 applied (1 pre-done) at 1207s — last 0923_hr_cases_benefits_actor_contract
  FAIL 0938_ar02_build_self_ref_composite_fks: syntax error at or near "VALIDATE"
  FAIL 0939_ar02_billing_composite_fks: syntax error at or near "VALIDATE"
  FAIL 0940_ar02_misc_composite_fks: syntax error at or near "VALIDATE"
  600 applied (1 pre-done) at 1282s — last 0953_ar02_hr_core_composite_fks_2
  FAIL 0955_ar02_drop_hr_payroll_single_fks: relation "payroll_journal_entries" does not exist

RESULT: applied=604 skipped=1 failures=5 tables=943 in 1300s
FAILURES:
  0938_ar02_build_self_ref_composite_fks: syntax error at or near "VALIDATE"
  0939_ar02_billing_composite_fks: syntax error at or near "VALIDATE"
  0940_ar02_misc_composite_fks: syntax error at or near "VALIDATE"
  0955_ar02_drop_hr_payroll_single_fks: relation "payroll_journal_entries" does not exist
  0982_calendar_recurrence_end_index: FILE MISSING
