  25 applied (1 pre-done) at 26s — last 0306_chat_org_id
  50 applied (1 pre-done) at 44s — last 0330_worker_engagement_overlap
  75 applied (1 pre-done) at 84s — last 0355_journal_lines_hardening
  100 applied (1 pre-done) at 113s — last 0375_rls_canary_projects
  125 applied (1 pre-done) at 139s — last 0398_backfill_hr_admin_branch_hr_recruitment_grants
  150 applied (1 pre-done) at 169s — last 0150_analyze_after_build_rewrites
  175 applied (1 pre-done) at 214s — last 0428_feedback_dedup_merge
  200 applied (1 pre-done) at 242s — last 0444_home_notifications_namespace
  225 applied (1 pre-done) at 273s — last 0210_backfill_party_role_permissions
  250 applied (1 pre-done) at 322s — last 0241_party_legacy_backfill
  275 applied (1 pre-done) at 357s — last 0487_hr_people_org_person_validate
  300 applied (1 pre-done) at 395s — last 0580_notification_audit_logs_widen_notification_id
  325 applied (1 pre-done) at 490s — last 0488_hr_people_drop_identity_cols
  350 applied (1 pre-done) at 715s — last 0630_restore_calendar_legacy_read_column
  375 applied (1 pre-done) at 763s — last 0657_kb_article_tags_tenant_integrity
  400 applied (1 pre-done) at 790s — last 0691_build_ticket_activity_log_user_membership_id_validate
  425 applied (1 pre-done) at 812s — last 0714_kb_chunk_search_hybrid
  450 applied (1 pre-done) at 838s — last 0758_org_unit_members_membership_not_null
  475 applied (1 pre-done) at 933s — last 0783_hr_cursor_indexes
  500 applied (1 pre-done) at 966s — last 0809_timesheets_companion_validate
  525 applied (1 pre-done) at 1049s — last 0835_payroll_runs_actor_set_null
  550 applied (1 pre-done) at 1084s — last 0865_support_actor_expand
  575 applied (1 pre-done) at 1133s — last 0923_hr_cases_benefits_actor_contract
  600 applied (1 pre-done) at 1209s — last 0954_ar02_hr_payroll_timesheet_composite_fks
  625 applied (1 pre-done) at 1380s — last 0942_storage_multipart_intents

RESULT: applied=632 skipped=1 failures=0 tables=943 in 1394s
