◇ injected env (53) from .env // tip: ◈ encrypted .env [www.dotenvx.com]
Module: timesheets  (schemaFolder: timesheets)
Tables discovered: 11
  timesheet_audit_events  (1 declared index(es))
  timesheet_budgets  (3 declared index(es))
  timesheets  (11 declared index(es))
  timesheet_exceptions  (4 declared index(es))
  timesheet_exports  (2 declared index(es))
  timesheet_periods  (4 declared index(es))
  timesheet_rate_cards  (1 declared index(es))
  timesheet_rates  (4 declared index(es))
  timesheet_settings_history  (1 declared index(es))
  timesheet_settings  (0 declared index(es))
  timer_sessions  (4 declared index(es))

Gate 1: Tenant isolation (RLS policies in pg_policies)
PASS  All 11 tables have tenant-predicated RLS policies

Gate 2: Cold migration (tables in pg_catalog + journaled migration)
PASS  All 11 tables exist in pg_catalog with journaled migrations

Gate 3: Restore (declared PK, org_id FK, named indexes present in pg_catalog)
PASS  All 11 tables pass restore check

Gate 4: Removal (org_id NOT NULL with FK whose ON DELETE is defined)
PASS  All 11 tables have non-nullable org_id with FK
  org_id ON DELETE SET NULL  — timer_sessions
  org_id ON DELETE SET NULL  — timesheet_audit_events
  org_id ON DELETE CASCADE  — timesheet_budgets
  org_id ON DELETE SET NULL  — timesheet_exceptions
  org_id ON DELETE SET NULL  — timesheet_exports
  org_id ON DELETE SET NULL  — timesheet_periods
  org_id ON DELETE CASCADE  — timesheet_rate_cards
  org_id ON DELETE SET NULL  — timesheet_rates
  org_id ON DELETE CASCADE  — timesheet_settings
  org_id ON DELETE SET NULL  — timesheet_settings_history
  org_id ON DELETE SET NULL  — timesheets

RESULT: ALL GATES PASSED  (timesheets, 11 tables)
