Schema source: 924 named foreign keys, 771 of them carrying an explicit .onDelete()
Declared foreign keys 2288
Live foreign keys 3221  ·  matched 2183  ·  unmatched declarations 105 (reported, never failed)
Mismatches 62 hard + 1 weak  —  DESTRUCTIVE 27  ·  PERMISSIVE 32  ·  BLOCKING 3  ·  ORPHANING 0
Of the 62 hard findings, 13 CONTRADICT an explicit .onDelete() in the schema source, 42 sit under a foreignKey() that stated nothing, and 7 are auto-named inline references.
Baseline 62  ·  new 0
  BLOCKING    audit_logs.audit_logs_org_id_organizations_id_fk  declared=set null (unknown) live=no action  (matched by name) — deleting a organizations row raises 23503 while audit_logs rows exist; the declaration says it succeeds
  PERMISSIVE  audit_logs.fk_audit_logs_org_actor_membership  declared=no action (implicit) live=set null  (matched by name) — deleting a organization_members row SUCCEEDS and NULLs audit_logs; the declaration says the delete is refused
  PERMISSIVE  billing_invoice_line_snapshots.fk_billing_inv_lines_org_proration  declared=no action (implicit) live=set null  (matched by name) — deleting a billing_proration_lines row SUCCEEDS and NULLs billing_invoice_line_snapshots; the declaration says the delete is refused
  PERMISSIVE  billing_invoice_line_snapshots.fk_billing_inv_lines_org_rollup  declared=no action (implicit) live=set null  (matched by name) — deleting a billing_usage_rollups row SUCCEEDS and NULLs billing_invoice_line_snapshots; the declaration says the delete is refused
  PERMISSIVE  billing_invoice_snapshots.fk_billing_inv_snap_org_sub  declared=no action (implicit) live=set null  (matched by name) — deleting a subscriptions row SUCCEEDS and NULLs billing_invoice_snapshots; the declaration says the delete is refused
  DESTRUCTIVE calendar_event_exceptions.fk_calendar_event_exceptions_org_event  declared=no action (implicit) live=cascade  (matched by name) — deleting a calendar_events row DESTROYS its calendar_event_exceptions rows; the declaration says they survive
  BLOCKING    candidates.fk_candidates_duplicate_of_id_org  declared=set null (unknown) live=no action  (matched by columns) — deleting a candidates row raises 23503 while candidates rows exist; the declaration says it succeeds
  DESTRUCTIVE chat_attachments.fk_chat_attachments_org_message  declared=no action (implicit) live=cascade  (matched by name) — deleting a chat_messages row DESTROYS its chat_attachments rows; the declaration says they survive
  DESTRUCTIVE chat_channel_invite_links.fk_chat_invite_links_org_channel  declared=no action (implicit) live=cascade  (matched by name) — deleting a chat_channels row DESTROYS its chat_channel_invite_links rows; the declaration says they survive
  DESTRUCTIVE chat_channel_members.fk_chat_channel_members_org_channel  declared=no action (implicit) live=cascade  (matched by name) — deleting a chat_channels row DESTROYS its chat_channel_members rows; the declaration says they survive
  DESTRUCTIVE chat_channel_members.fk_chat_channel_members_org_membership  declared=no action (implicit) live=cascade  (matched by name) — deleting a organization_members row DESTROYS its chat_channel_members rows; the declaration says they survive
  DESTRUCTIVE chat_huddle_participants.fk_chat_huddle_participants_org_huddle  declared=no action (implicit) live=cascade  (matched by name) — deleting a chat_huddles row DESTROYS its chat_huddle_participants rows; the declaration says they survive
  DESTRUCTIVE chat_huddles.fk_chat_huddles_org_channel  declared=no action (implicit) live=cascade  (matched by name) — deleting a chat_channels row DESTROYS its chat_huddles rows; the declaration says they survive
  DESTRUCTIVE chat_message_reactions.fk_chat_message_reactions_org_membership  declared=no action (implicit) live=cascade  (matched by name) — deleting a organization_members row DESTROYS its chat_message_reactions rows; the declaration says they survive
  DESTRUCTIVE chat_message_reactions.fk_chat_message_reactions_org_message  declared=no action (implicit) live=cascade  (matched by name) — deleting a chat_messages row DESTROYS its chat_message_reactions rows; the declaration says they survive
  DESTRUCTIVE chat_messages.fk_chat_messages_org_channel  declared=no action (implicit) live=cascade  (matched by name) — deleting a chat_channels row DESTROYS its chat_messages rows; the declaration says they survive
  DESTRUCTIVE chat_pinned_messages.fk_chat_pins_org_channel  declared=no action (implicit) live=cascade  (matched by name) — deleting a chat_channels row DESTROYS its chat_pinned_messages rows; the declaration says they survive
  DESTRUCTIVE chat_pinned_messages.fk_chat_pins_org_message  declared=no action (implicit) live=cascade  (matched by name) — deleting a chat_messages row DESTROYS its chat_pinned_messages rows; the declaration says they survive
  DESTRUCTIVE chat_reply_reminders.fk_chat_reply_reminders_org_channel  declared=no action (implicit) live=cascade  (matched by name) — deleting a chat_channels row DESTROYS its chat_reply_reminders rows; the declaration says they survive
  DESTRUCTIVE chat_reply_reminders.fk_chat_reply_reminders_org_message  declared=no action (implicit) live=cascade  (matched by name) — deleting a chat_messages row DESTROYS its chat_reply_reminders rows; the declaration says they survive
  DESTRUCTIVE chat_saved_messages.fk_chat_saved_messages_org_message  declared=no action (implicit) live=cascade  (matched by name) — deleting a chat_messages row DESTROYS its chat_saved_messages rows; the declaration says they survive
  PERMISSIVE  goals.fk_goals_org_parent  declared=no action (implicit) live=set null  (matched by name) — deleting a goals row SUCCEEDS and NULLs goals; the declaration says the delete is refused
  PERMISSIVE  helpdesk_tickets.fk_helpdesk_tickets_assignee_actor  declared=restrict live=set null  (matched by name) — deleting a organization_members row SUCCEEDS and NULLs helpdesk_tickets; the declaration says the delete is refused
  DESTRUCTIVE hr_employments.fk_hr_employments_org_person  declared=restrict live=cascade  (matched by name) — deleting a hr_people row DESTROYS its hr_employments rows; the declaration says they survive
  PERMISSIVE  journal_entries.fk_je_org_reversed  declared=no action (implicit) live=set null  (matched by name) — deleting a journal_entries row SUCCEEDS and NULLs journal_entries; the declaration says the delete is refused
  DESTRUCTIVE kb_page_favorites.fk_kb_page_favorites_org_membership  declared=no action (implicit) live=cascade  (matched by name) — deleting a organization_members row DESTROYS its kb_page_favorites rows; the declaration says they survive
  DESTRUCTIVE kb_page_favorites.fk_kb_page_favorites_org_page  declared=no action (implicit) live=cascade  (matched by name) — deleting a kb_pages row DESTROYS its kb_page_favorites rows; the declaration says they survive
  DESTRUCTIVE kb_page_links.fk_kb_page_links_org_source  declared=no action (implicit) live=cascade  (matched by name) — deleting a kb_pages row DESTROYS its kb_page_links rows; the declaration says they survive
  DESTRUCTIVE kb_page_links.fk_kb_page_links_org_target  declared=no action (implicit) live=cascade  (matched by name) — deleting a kb_pages row DESTROYS its kb_page_links rows; the declaration says they survive
  DESTRUCTIVE kb_page_reviews.fk_kb_page_reviews_org_page  declared=no action (implicit) live=cascade  (matched by name) — deleting a kb_pages row DESTROYS its kb_page_reviews rows; the declaration says they survive
  DESTRUCTIVE kb_page_visits.fk_kb_page_visits_org_membership  declared=no action (implicit) live=cascade  (matched by name) — deleting a organization_members row DESTROYS its kb_page_visits rows; the declaration says they survive
  DESTRUCTIVE kb_page_visits.fk_kb_page_visits_org_page  declared=no action (implicit) live=cascade  (matched by name) — deleting a kb_pages row DESTROYS its kb_page_visits rows; the declaration says they survive
  PERMISSIVE  kb_pages.fk_kb_pages_org_created_membership  declared=no action (implicit) live=set null  (matched by name) — deleting a organization_members row SUCCEEDS and NULLs kb_pages; the declaration says the delete is refused
  PERMISSIVE  kb_pages.fk_kb_pages_org_deleted_membership  declared=no action (implicit) live=set null  (matched by name) — deleting a organization_members row SUCCEEDS and NULLs kb_pages; the declaration says the delete is refused
  PERMISSIVE  kb_pages.fk_kb_pages_org_edited_membership  declared=no action (implicit) live=set null  (matched by name) — deleting a organization_members row SUCCEEDS and NULLs kb_pages; the declaration says the delete is refused
  PERMISSIVE  kb_pages.fk_kb_pages_org_owner_membership  declared=no action (implicit) live=set null  (matched by name) — deleting a organization_members row SUCCEEDS and NULLs kb_pages; the declaration says the delete is refused
  PERMISSIVE  kb_pages.fk_kb_pages_org_parent  declared=no action (implicit) live=set null  (matched by name) — deleting a kb_pages row SUCCEEDS and NULLs kb_pages; the declaration says the delete is refused
  PERMISSIVE  kb_pages.fk_kb_pages_org_space  declared=no action (implicit) live=set null  (matched by name) — deleting a kb_spaces row SUCCEEDS and NULLs kb_pages; the declaration says the delete is refused
  PERMISSIVE  kb_pages.fk_kb_pages_org_verified_membership  declared=no action (implicit) live=set null  (matched by name) — deleting a organization_members row SUCCEEDS and NULLs kb_pages; the declaration says the delete is refused
  PERMISSIVE  kb_sources.fk_kb_sources_org_space  declared=no action (implicit) live=set null  (matched by name) — deleting a kb_spaces row SUCCEEDS and NULLs kb_sources; the declaration says the delete is refused
  DESTRUCTIVE kb_space_members.fk_kb_space_members_org_space  declared=no action (implicit) live=cascade  (matched by name) — deleting a kb_spaces row DESTROYS its kb_space_members rows; the declaration says they survive
  PERMISSIVE  leave_requests.fk_leave_requests_approver_actor  declared=restrict live=set null  (matched by name) — deleting a organization_members row SUCCEEDS and NULLs leave_requests; the declaration says the delete is refused
  PERMISSIVE  leave_requests.fk_leave_requests_created_actor  declared=restrict live=set null  (matched by name) — deleting a organization_members row SUCCEEDS and NULLs leave_requests; the declaration says the delete is refused
  PERMISSIVE  leave_requests.fk_leave_requests_updated_actor  declared=restrict live=set null  (matched by name) — deleting a organization_members row SUCCEEDS and NULLs leave_requests; the declaration says the delete is refused
  PERMISSIVE  ledger_accounts.fk_ledger_accounts_org_parent  declared=no action (implicit) live=set null  (matched by name) — deleting a ledger_accounts row SUCCEEDS and NULLs ledger_accounts; the declaration says the delete is refused
  PERMISSIVE  okr_goals.fk_okr_goals_org_parent  declared=no action (implicit) live=set null  (matched by name) — deleting a okr_goals row SUCCEEDS and NULLs okr_goals; the declaration says the delete is refused
  PERMISSIVE  org_units.fk_org_units_parent_id_org  declared=restrict (unknown) live=set null  (matched by columns) — deleting a org_units row SUCCEEDS and NULLs org_units; the declaration says the delete is refused
  BLOCKING    payroll_run_employees.fk_payroll_run_employees_org_worker  declared=set null live=restrict  (matched by name) — deleting a workers row raises 23503 while payroll_run_employees rows exist; the declaration says it succeeds
  PERMISSIVE  project_approvals.fk_project_approvals_approver_actor  declared=restrict live=set null  (matched by name) — deleting a organization_members row SUCCEEDS and NULLs project_approvals; the declaration says the delete is refused
  DESTRUCTIVE project_members.fk_project_members_member_actor  declared=restrict live=cascade  (matched by name) — deleting a organization_members row DESTROYS its project_members rows; the declaration says they survive
  PERMISSIVE  role_assignments.fk_role_assignments_assigner_membership  declared=no action (unknown) live=set null  (matched by name) — deleting a organization_members row SUCCEEDS and NULLs role_assignments; the declaration says the delete is refused
  PERMISSIVE  ticket_activity_log.fk_ticket_activity_log_user_actor  declared=restrict (unknown) live=set null  (matched by name) — deleting a organization_members row SUCCEEDS and NULLs ticket_activity_log; the declaration says the delete is refused
  DESTRUCTIVE ticket_assignees.fk_ticket_assignees_member_actor  declared=restrict live=cascade  (matched by name) — deleting a organization_members row DESTROYS its ticket_assignees rows; the declaration says they survive
  PERMISSIVE  ticket_comment_mentions.fk_ticket_comment_mentions_mentioned_user_actor  declared=restrict (unknown) live=set null  (matched by name) — deleting a organization_members row SUCCEEDS and NULLs ticket_comment_mentions; the declaration says the delete is refused
  PERMISSIVE  tickets.fk_tickets_assignee_actor  declared=restrict live=set null  (matched by name) — deleting a organization_members row SUCCEEDS and NULLs tickets; the declaration says the delete is refused
  PERMISSIVE  tickets.fk_tickets_org_epic  declared=no action (implicit) live=set null  (matched by name) — deleting a tickets row SUCCEEDS and NULLs tickets; the declaration says the delete is refused
  PERMISSIVE  tickets.fk_tickets_org_parent  declared=no action (implicit) live=set null  (matched by name) — deleting a tickets row SUCCEEDS and NULLs tickets; the declaration says the delete is refused
  PERMISSIVE  tickets.fk_tickets_org_recurrence_parent  declared=no action (implicit) live=set null  (matched by name) — deleting a tickets row SUCCEEDS and NULLs tickets; the declaration says the delete is refused
  PERMISSIVE  tickets.fk_tickets_reporter_actor  declared=restrict live=set null  (matched by name) — deleting a organization_members row SUCCEEDS and NULLs tickets; the declaration says the delete is refused
  PERMISSIVE  user_permission_grants.fk_user_permission_grants_granter_membership  declared=no action (unknown) live=set null  (matched by name) — deleting a organization_members row SUCCEEDS and NULLs user_permission_grants; the declaration says the delete is refused
  … and 2 more
  WEAK        organization_people.fk_organization_people_organization_membership_id_org  declared=restrict live=no action
Catalog half OK — every declared ON DELETE action matches the catalog, or is baselined.
