
Throwaway org: revoc-org-1220921788510566927  membershipId: 957

NOTICE — inventory artifacts not checked by this script:
  pm_workspace_memberships (pm_workspace_memberships)
  ownership_transfers (ownership_transfers)
  kb_space_members (kb_space_members)
  kb_article_restrictions (kb_article_restrictions)
  user_sessions (user_sessions)
  user_integration_connections (user_integration_connections)
  event_attendees (event_attendees)
  ticket_assignees (ticket_assignees)
  project_members (project_members)
  chat_user_presence (chat_user_presence)
  calendar_source_preferences (calendar_source_preferences)
  chat_channel_members (chat_channel_members)
  chat_message_reactions (chat_message_reactions)
  chat_saved_messages (chat_saved_messages)
  chat_huddle_participants (chat_huddle_participants)
  chat_reply_reminders (chat_reply_reminders)
  kb_page_favorites (kb_page_favorites)
  kb_page_visits (kb_page_visits)
  org_unit_members (org_unit_members)
  inv_user_warehouses (inv_user_warehouses)
  portal_memberships (portal_memberships)
  notification_preferences (notification_preferences)
  push_subscriptions (push_subscriptions)
  onboarding_flow_sessions (onboarding_flow_sessions)
  user_tour_progress (user_tour_progress)
  notification_deliveries (notification_deliveries)
  notification_preference_rules (notification_preference_rules)
  notification_consents (notification_consents)
  notification_digest_items (notification_digest_items)
  broadcast_read_receipts (broadcast_read_receipts)
  ticket_watchers (ticket_watchers)
  ticket_comment_reactions (ticket_comment_reactions)
  project_whiteboard_shares (project_whiteboard_shares)
  meeting_attendees (meeting_attendees)
  meeting_standup_entries (meeting_standup_entries)
  project_team_members (project_team_members)
  project_workspace_members (project_workspace_members)
  comment_drafts (comment_drafts)
  support_saved_views (support_saved_views)
  support_ticket_watchers (support_ticket_watchers)
  support_agent_skills (support_agent_skills)
  support_agent_availability (support_agent_availability)
  support_message_mentions (support_message_mentions)
  support_ticket_drafts (support_ticket_drafts)
  kb_chat_conversations (kb_chat_conversations)
  kb_chat_messages (kb_chat_messages)
  kb_research_briefs (kb_research_briefs)
  notifications (notifications_membership)
  notification_read_watermarks (notification_read_watermarks_membership)
  notification_suppression_rules (notification_suppression_rules_membership)
  roster_entries (roster_entries_user_membership)
  hr_case_notes (hr_case_notes_author_membership)
  hr_benefit_enrollments (hr_benefit_enrollments_user_membership)
  hr_dependents (hr_dependents_user_membership)
  hr_insurance_claims (hr_insurance_claims_user_membership)
  hr_travel_visit_logs (hr_travel_visit_logs_user_membership)
  chat_huddles (chat_huddles_started_by_membership)
  hr_insurance_claims (hr_insurance_claims_decided_by_membership)
  user_integration_connections (user_integration_connections_membership)

=== BEFORE (each should be 1) ===
  role_assignments               1
  user_permission_grants         1
  principal_group_members        1
  user_module_access             1
  user_delegations               1
  user_delegation_permissions    1
  agent_tokens                   1
  resource_grants                1
  kb_space_grants                1
  invitations_pending            1

=== REMOVAL RESULTS ===
  PASS  role_assignments               before=1 after=0
  PASS  user_permission_grants         before=1 after=0
  PASS  principal_group_members        before=1 after=0
  PASS  user_module_access             before=1 after=0
  PASS  user_delegations               before=1 after=0
  PASS  user_delegation_permissions    before=1 after=0
  PASS  agent_tokens                   before=1 after=0
  PASS  resource_grants                before=1 after=0
  PASS  kb_space_grants                before=1 after=0
  PASS  invitations_pending            before=1 after=0

=== DB CONVERGENCE ===
  t0 (tx committed):      2026-09-04T08:29:35.455Z
  t1 (first empty read):  2026-09-04T08:29:37.760Z
  Elapsed: 2305 ms  (budget 5000 ms → PASS)

=== REDIS CONVERGENCE ===
  Elapsed: 397 ms  (budget 5000 ms → PASS)

=== RE-INVITE: NO INHERITANCE (each should be 0) ===
  PASS  role_assignments               count=0
  PASS  user_permission_grants         count=0
  PASS  principal_group_members        count=0
  PASS  user_module_access             count=0
  PASS  user_delegations               count=0
  PASS  user_delegation_permissions    count=0
  PASS  agent_tokens                   count=0
  PASS  resource_grants                count=0
  PASS  kb_space_grants                count=0
  PASS  invitations_pending            count=0

=== INVENTORY vs pg_constraint (declared onRemoval must match the real FK) ===
  PASS  hr_badge_awards                    declared=blocks-removal actual=blocks-removal (fk_hr_actor_3472f0ef8e96c6ef)
  PASS  hr_polls                           declared=blocks-removal actual=blocks-removal (fk_hr_actor_80f6d00c61a6d726)
  PASS  hr_communities                     declared=blocks-removal actual=blocks-removal (fk_hr_actor_262dcb642a79b397)
  PASS  hr_campaigns                       declared=blocks-removal actual=blocks-removal (fk_hr_actor_2caccd44489e6658)
  PASS  candidate_referrals                declared=blocks-removal actual=blocks-removal (fk_hr_actor_8bce4f6f65893af6)
  PASS  hiring_flows                       declared=blocks-removal actual=blocks-removal (fk_hr_actor_5900d9da9493a45d)
  PASS  scorecard_templates                declared=blocks-removal actual=blocks-removal (fk_hr_actor_cf7b508dbc73fce9)
  PASS  job_postings                       declared=blocks-removal actual=blocks-removal (fk_hr_actor_fcb1a5e038c4a2a9)
  PASS  candidate_sources                  declared=blocks-removal actual=blocks-removal (fk_hr_actor_2f2fa16573bfe40b)
  PASS  interviews                         declared=blocks-removal actual=blocks-removal (fk_hr_actor_6203f905934337c9)
  PASS  interview_scorecards               declared=blocks-removal actual=blocks-removal (fk_hr_actor_0eeb9dcedbeeaaf7)
  PASS  interview_booking_links            declared=blocks-removal actual=blocks-removal (fk_hr_actor_551c090e4702d595)
  SKIP  interview_panel_members            no FK on [user_membership_id] references organization_members — baselined as UNENFORCED (interview_panel_members_user_actor)
  SKIP  booking_link_interviewers          no FK on [user_membership_id] references organization_members — baselined as UNENFORCED (booking_link_interviewers_user_actor)
  PASS  calibration_sessions               declared=blocks-removal actual=blocks-removal (fk_hr_actor_fa28762c242f0f99)
  SKIP  calibration_participants           no FK on [user_membership_id] references organization_members — baselined as UNENFORCED (calibration_participants_user_actor)
  PASS  interview_questions                declared=blocks-removal actual=blocks-removal (fk_hr_actor_36fbb354bf0fa51d)
  PASS  headcount_requests                 declared=blocks-removal actual=blocks-removal (fk_hr_actor_edcd74baae8dcf06)
  PASS  headcount_requests                 declared=blocks-removal actual=blocks-removal (fk_hr_actor_b98269fd23c2381b)
  PASS  review_cycles                      declared=blocks-removal actual=blocks-removal (fk_hr_actor_6fab1b7ce0c50da9)
  PASS  pulse_surveys                      declared=blocks-removal actual=blocks-removal (fk_hr_actor_f605f778eb7ba6a8)
  SKIP  feedback_requests                  no FK on [subject_membership_id] references organization_members — baselined as UNENFORCED (feedback_requests_subject_actor)
  SKIP  feedback_requests                  no FK on [reviewer_membership_id] references organization_members — baselined as UNENFORCED (feedback_requests_reviewer_actor)
  PASS  skill_assessments                  declared=blocks-removal actual=blocks-removal (fk_hr_actor_4234fa28b885d6fc)
  PASS  hr_workflow_instances              declared=blocks-removal actual=blocks-removal (fk_hr_actor_2e3d5b0fe0e0427a)
  PASS  hr_workflow_instances              declared=blocks-removal actual=blocks-removal (fk_hr_actor_025c6bb0cfc7beb5)
  PASS  hr_workflow_step_actions           declared=blocks-removal actual=blocks-removal (fk_hr_actor_93dbc053c77e57a8)
  PASS  hr_workflow_step_actions           declared=blocks-removal actual=blocks-removal (fk_hr_workflow_step_actions_acted_by_actor)
  PASS  role_assignments                   declared=cascade actual=cascade (ra_membership_fk)
  PASS  user_permission_grants             declared=cascade actual=cascade (user_permission_grants_org_membership_fk)
  PASS  principal_group_members            declared=cascade actual=cascade (principal_group_members_org_id_organization_membership_id_fkey)
  PASS  pm_workspace_memberships           declared=cascade actual=cascade (fk_pm_ws_members_org_membership)
  PASS  user_delegations                   declared=cascade actual=cascade (fk_user_delegations_delegator_membership)
  PASS  user_delegations                   declared=cascade actual=cascade (fk_user_delegations_delegatee_membership)
  PASS  user_module_access                 declared=cascade actual=cascade (fk_user_module_access_membership)
  PASS  agent_tokens                       declared=cascade actual=cascade (fk_agent_tokens_issuer_membership)
  PASS  module_ownerships                  declared=blocks-removal actual=blocks-removal (fk_module_ownerships_member)
  PASS  kb_space_members                   declared=cascade actual=cascade (fk_kb_space_members_org_membership)
  PASS  kb_article_restrictions            declared=cascade actual=cascade (fk_kb_article_restrictions_org_membership)
  PASS  managed_products                   declared=set-null actual=set-null (fk_managed_products_owner_membership)
  PASS  organization_people                declared=blocks-removal actual=blocks-removal (fk_organization_people_organization_membership_id_org)
  PASS  event_attendees                    declared=cascade actual=cascade (fk_event_attendees_org_membership)
  PASS  tickets                            declared=set-null actual=set-null (fk_tickets_assignee_actor)
  PASS  tickets                            declared=set-null actual=set-null (fk_tickets_reporter_actor)
  PASS  ticket_assignees                   declared=cascade actual=cascade (fk_ticket_assignees_member_actor)
  PASS  project_members                    declared=cascade actual=cascade (fk_project_members_member_actor)
  PASS  project_approvals                  declared=set-null actual=set-null (fk_project_approvals_approver_actor)
  PASS  wfh_requests                       declared=set-null actual=set-null (fk_wfh_requests_approver_actor)
  PASS  helpdesk_tickets                   declared=set-null actual=set-null (fk_helpdesk_tickets_assignee_actor)
  PASS  leave_requests                     declared=set-null actual=set-null (fk_leave_requests_approver_actor)
  PASS  performance_reviews                declared=set-null actual=set-null (fk_performance_reviews_reviewer_actor)
  PASS  chat_user_presence                 declared=cascade actual=cascade (fk_chat_user_presence_org_membership)
  PASS  calendar_source_preferences        declared=cascade actual=cascade (fk_cal_src_pref_org_membership)
  PASS  chat_channel_members               declared=cascade actual=cascade (fk_chat_channel_members_org_membership)
  PASS  chat_messages                      declared=set-null actual=set-null (fk_chat_messages_org_sender_membership)
  PASS  chat_message_reactions             declared=cascade actual=cascade (fk_chat_message_reactions_org_membership)
  PASS  chat_saved_messages                declared=cascade actual=cascade (fk_chat_saved_messages_org_membership)
  PASS  chat_huddle_participants           declared=cascade actual=cascade (fk_chat_huddle_participants_org_membership)
  PASS  kb_pages                           declared=set-null actual=set-null (fk_kb_pages_org_owner_membership)
  PASS  kb_page_favorites                  declared=cascade actual=cascade (fk_kb_page_favorites_org_membership)
  PASS  kb_page_visits                     declared=cascade actual=cascade (fk_kb_page_visits_org_membership)
  PASS  kb_page_reviews                    declared=set-null actual=set-null (fk_kb_page_reviews_org_reviewer_membership)
  PASS  expenses                           declared=set-null actual=set-null (fk_expenses_approver_actor)
  PASS  ticket_activity_log                declared=set-null actual=set-null (fk_ticket_activity_log_user_actor)
  PASS  ticket_comment_mentions            declared=set-null actual=set-null (fk_ticket_comment_mentions_mentioned_user_actor)
  SKIP  kb_article_versions                no FK on [author_membership_id] references organization_members — baselined as UNENFORCED (kb_article_versions)
  SKIP  kb_page_versions                   no FK on [author_membership_id] references organization_members — baselined as UNENFORCED (kb_page_versions)
  PASS  org_units                          declared=set-null actual=set-null (fk_org_units_head_membership)
  PASS  org_unit_members                   declared=cascade actual=cascade (fk_org_unit_members_membership)
  PASS  timesheet_periods                  declared=set-null actual=set-null (fk_timesheet_periods_current_approver_membership)
  PASS  timesheet_exceptions               declared=set-null actual=set-null (fk_timesheet_exceptions_owner_membership)
  PASS  mail_message_metadata              declared=set-null actual=set-null (fk_mail_meta_org_user_mbr)
  PASS  ai_chat_conversations              declared=set-null actual=set-null (fk_ai_chat_conv_org_user_mbr)
  PASS  ai_chat_messages                   declared=set-null actual=set-null (fk_ai_chat_msg_org_user_mbr)
  PASS  ai_feedback                        declared=set-null actual=set-null (fk_ai_feedback_org_user_mbr)
  PASS  ai_jobs                            declared=set-null actual=set-null (fk_ai_jobs_org_user_mbr)
  PASS  ai_action_proposals                declared=set-null actual=set-null (fk_ai_proposals_org_user_mbr)
  PASS  survey_forms                       declared=set-null actual=set-null (fk_survey_forms_org_owner_mbr)
  PASS  survey_participants                declared=set-null actual=set-null (fk_survey_part_org_user_mbr)
  PASS  survey_live_sessions               declared=set-null actual=set-null (fk_survey_live_org_host_mbr)
  PASS  sign_templates                     declared=set-null actual=set-null (fk_sign_tpl_org_owner_mbr)
  PASS  sign_envelopes                     declared=set-null actual=set-null (fk_sign_env_org_sender_mbr)
  PASS  sign_recipients                    declared=set-null actual=set-null (fk_sign_rcpt_org_user_mbr)
  PASS  sign_bulk_send_jobs                declared=set-null actual=set-null (fk_sign_bulk_org_sender_mbr)
  PASS  inv_user_warehouses                declared=cascade actual=cascade (fk_inv_user_wh_user_mbr)
  PASS  crm_campaigns                      declared=set-null actual=set-null (fk_crm_campaigns_owner_mbr)
  PASS  leads                              declared=set-null actual=set-null (fk_leads_assigned_to_mbr)
  PASS  lead_activities                    declared=set-null actual=set-null (fk_lead_activities_user_mbr)
  PASS  lead_notes                         declared=set-null actual=set-null (fk_lead_notes_author_mbr)
  PASS  lead_tasks                         declared=set-null actual=set-null (fk_lead_tasks_assignee_mbr)
  PASS  lead_assignment_rules              declared=set-null actual=set-null (fk_lead_assign_rules_assign_mbr)
  PASS  clients                            declared=set-null actual=set-null (fk_clients_acct_mgr_mbr)
  SKIP  client_accounts                    no FK on [account_manager_membership_id, assigned_to_membership_id] references organization_members — baselined as UNENFORCED (client_accounts)
  PASS  client_account_activities          declared=set-null actual=set-null (fk_caa_user_mbr)
  SKIP  client_onboarding_items            no FK on [user_membership_id] references organization_members — baselined as UNENFORCED (client_onboarding_items)
  PASS  deals                              declared=set-null actual=set-null (fk_deals_assigned_to_mbr)
  PASS  deal_activities                    declared=set-null actual=set-null (fk_deal_activities_user_mbr)
  PASS  deal_approval_rules                declared=set-null actual=set-null (fk_deal_appr_rules_approver_mbr)
  PASS  sales_quotas                       declared=set-null actual=set-null (fk_sales_quotas_user_mbr)
  PASS  commissions                        declared=set-null actual=set-null (fk_commissions_user_mbr)
  PASS  incentives                         declared=set-null actual=set-null (fk_incentives_sales_rep_mbr)
  PASS  tasks                              declared=set-null actual=set-null (fk_tasks_assignee_mbr)
  PASS  invoices                           declared=set-null actual=set-null (fk_invoices_coll_owner_mbr)
  PASS  inv_warehouses                     declared=set-null actual=set-null (fk_inv_warehouses_mgr_mbr)
  PASS  inv_quality_inspections            declared=set-null actual=set-null (fk_inv_qi_inspector_mbr)
  PASS  timesheets                         declared=set-null actual=set-null (fk_timesheets_user_membership)
  PASS  timer_sessions                     declared=set-null actual=set-null (fk_timer_sessions_user_membership)
  PASS  timesheet_rates                    declared=set-null actual=set-null (fk_timesheet_rates_user_membership)
  PASS  calendar_events                    declared=blocks-removal actual=blocks-removal (fk_calendar_events_org_creator_membership)
  PASS  chat_channels                      declared=set-null actual=set-null (fk_chat_channels_org_created_by_membership)
  PASS  sprint_scope_events                declared=set-null actual=set-null (fk_sprint_scope_events_actor)
  PASS  ticket_related_links               declared=set-null actual=set-null (fk_ticket_related_links_created_by_actor)
  PASS  workflow_transitions               declared=set-null actual=set-null (fk_workflow_transitions_created_by_actor)
  PASS  finance_report_export_jobs         declared=set-null actual=set-null (fin_report_export_jobs_org_requester_membership_fk)
  PASS  payroll_run_export_jobs            declared=set-null actual=set-null (payroll_run_export_jobs_org_requester_membership_fk)
  PASS  reimbursements                     declared=set-null actual=set-null (fk_reimbursements_approved_actor)
  PASS  payroll_approvals                  declared=set-null actual=set-null (fk_payroll_approvals_acted_actor)
  PASS  payroll_journal_batches            declared=set-null actual=set-null (fk_payroll_jrnl_batches_posted_actor)
  PASS  payroll_journal_batches            declared=set-null actual=set-null (fk_payroll_jrnl_batches_exported_actor)
  PASS  payroll_journal_batches            declared=set-null actual=set-null (fk_payroll_jrnl_batches_reversed_actor)
  PASS  payroll_journal_batches            declared=set-null actual=set-null (fk_payroll_jrnl_batches_reconciled_actor)
  PASS  payroll_journal_batches            declared=set-null actual=set-null (fk_payroll_jrnl_batches_created_actor)
  PASS  payroll_runs                       declared=set-null actual=set-null (fk_payroll_runs_approved_actor)
  PASS  payroll_runs                       declared=set-null actual=set-null (fk_payroll_runs_paid_actor)
  PASS  payroll_runs                       declared=set-null actual=set-null (fk_payroll_runs_published_actor)
  PASS  payroll_runs                       declared=set-null actual=set-null (fk_payroll_runs_closed_actor)
  PASS  payroll_runs                       declared=set-null actual=set-null (fk_payroll_runs_reopened_actor)
  PASS  payroll_runs                       declared=set-null actual=set-null (fk_payroll_runs_created_actor)
  PASS  payroll_runs                       declared=set-null actual=set-null (fk_payroll_runs_locked_actor)
  PASS  worker_engagements                 declared=set-null actual=set-null (fk_worker_engagements_created_actor)
  PASS  expense_export_jobs                declared=set-null actual=set-null (expense_export_jobs_org_requester_membership_fk)
  SKIP  hr_people                          no FK on [updated_by_membership_id, archived_by_membership_id] references organization_members — baselined as UNENFORCED (hr_people_actors)
  SKIP  hr_employments                     no FK on [updated_by_membership_id, archived_by_membership_id] references organization_members — baselined as UNENFORCED (hr_employments_actors)
  SKIP  onboarding_tasks                   no FK on [created_by_membership_id, updated_by_membership_id] references organization_members — baselined as UNENFORCED (onboarding_tasks_actors)
  SKIP  onboarding_documents               no FK on [updated_by_membership_id] references organization_members — baselined as UNENFORCED (onboarding_documents_actors)
  SKIP  workers                            no FK on [created_by_membership_id, updated_by_membership_id, archived_by_membership_id] references organization_members — baselined as UNENFORCED (workers_actors)
  PASS  notification_preferences           declared=cascade actual=cascade (fk_notification_preferences_actor)
  PASS  push_subscriptions                 declared=cascade actual=cascade (fk_push_subscriptions_actor)
  PASS  coupon_redemptions                 declared=set-null actual=set-null (fk_coupon_redemptions_actor)
  PASS  onboarding_flow_sessions           declared=cascade actual=cascade (fk_onboarding_flow_sessions_actor)
  PASS  user_tour_progress                 declared=cascade actual=cascade (fk_user_tour_progress_actor)
  PASS  notification_deliveries            declared=cascade actual=cascade (fk_notification_deliveries_actor)
  PASS  notification_preference_rules      declared=cascade actual=cascade (fk_notification_pref_rules_actor)
  PASS  notification_consents              declared=cascade actual=cascade (fk_notification_consents_actor)
  PASS  notification_digest_items          declared=cascade actual=cascade (fk_notification_digest_items_actor)
  PASS  broadcast_read_receipts            declared=cascade actual=cascade (fk_broadcast_read_receipts_actor)
  PASS  projects                           declared=set-null actual=set-null (fk_projects_client_actor)
  PASS  ticket_watchers                    declared=cascade actual=cascade (fk_ticket_watchers_actor)
  PASS  ticket_checklist_items             declared=set-null actual=set-null (fk_ticket_checklist_items_assignee_actor)
  PASS  ticket_comment_reactions           declared=cascade actual=cascade (fk_ticket_comment_reactions_actor)
  PASS  okr_goals                          declared=set-null actual=set-null (fk_okr_goals_owner_actor)
  PASS  project_whiteboard_shares          declared=cascade actual=cascade (fk_whiteboard_shares_actor)
  PASS  test_runs                          declared=set-null actual=set-null (fk_test_runs_tester_actor)
  PASS  bugs                               declared=set-null actual=set-null (fk_bugs_assignee_actor)
  PASS  change_requests                    declared=set-null actual=set-null (fk_change_requests_approval_owner_actor)
  PASS  meeting_attendees                  declared=cascade actual=cascade (fk_meeting_attendees_actor)
  PASS  meeting_standup_entries            declared=cascade actual=cascade (fk_meeting_standup_entries_actor)
  PASS  project_team_members               declared=cascade actual=cascade (fk_project_team_members_actor)
  PASS  project_workspace_members          declared=cascade actual=cascade (fk_project_workspace_members_actor)
  PASS  feedbucket_submissions             declared=set-null actual=set-null (fk_feedbucket_submissions_assignee_actor)
  PASS  comment_drafts                     declared=cascade actual=cascade (fk_comment_drafts_actor)
  PASS  hr_attendance_regularizations      declared=set-null actual=set-null (fk_hr_attendance_regularizations_user_actor)
  PASS  resignations                       declared=set-null actual=set-null (fk_resignations_user_actor)
  PASS  documents                          declared=set-null actual=set-null (fk_documents_user_actor)
  PASS  hr_cases                           declared=set-null actual=set-null (fk_hr_cases_assigned_to_actor)
  PASS  fin_approval_policies              declared=set-null actual=set-null (fk_fin_approval_policies_org_mbr)
  PASS  support_tickets                    declared=set-null actual=set-null (fk_support_tickets_assignee_actor)
  PASS  kb_articles                        declared=set-null actual=set-null (fk_kb_articles_owner_actor)
  PASS  support_routing_rules              declared=set-null actual=set-null (fk_support_routing_rules_assignee_actor)
  PASS  support_saved_views                declared=cascade actual=cascade (fk_support_saved_views_owner_actor)
  PASS  support_ticket_watchers            declared=cascade actual=cascade (fk_support_ticket_watchers_user_actor)
  PASS  support_agent_skills               declared=cascade actual=cascade (fk_support_agent_skills_user_actor)
  PASS  support_agent_availability         declared=cascade actual=cascade (fk_support_agent_availability_user_actor)
  PASS  support_message_mentions           declared=cascade actual=cascade (fk_support_message_mentions_mentioned_actor)
  PASS  support_ticket_drafts              declared=cascade actual=cascade (fk_support_ticket_drafts_user_actor)
  PASS  kb_chat_conversations              declared=cascade actual=cascade (fk_kb_chat_conv_org_user_mbr)
  PASS  kb_chat_messages                   declared=cascade actual=cascade (fk_kb_chat_msg_org_user_mbr)
  PASS  kb_research_briefs                 declared=cascade actual=cascade (fk_kb_research_briefs_org_user_mbr)
  PASS  affiliates                         declared=set-null actual=set-null (fk_affiliates_org_user_mbr)
  PASS  payroll_inputs                     declared=set-null actual=set-null (fk_payroll_inputs_user_actor)
  PASS  payslip_publications               declared=set-null actual=set-null (fk_payslip_publications_user_actor)
  PASS  payroll_run_employees              declared=set-null actual=set-null (fk_payroll_run_employees_user_actor)
  PASS  employee_salary_profiles           declared=set-null actual=set-null (fk_employee_salary_profiles_user_actor)
  PASS  hr_payroll_input_snapshots         declared=set-null actual=set-null (fk_hr_payroll_input_snapshots_user_actor)
  PASS  hr_payroll_adjustments             declared=set-null actual=set-null (fk_hr_payroll_adjustments_user_actor)
  PASS  salary_loans                       declared=set-null actual=set-null (fk_salary_loans_user_actor)
  PASS  bonuses                            declared=set-null actual=set-null (fk_bonuses_user_actor)
  PASS  fnf_settlements                    declared=set-null actual=set-null (fk_fnf_settlements_user_actor)
  PASS  asset_returns                      declared=set-null actual=set-null (fk_asset_returns_user_actor)
  PASS  interviews                         declared=blocks-removal actual=blocks-removal (fk_hr_actor_6203f905934337c9)
  PASS  interview_scorecards               declared=blocks-removal actual=blocks-removal (fk_hr_actor_0eeb9dcedbeeaaf7)
  PASS  hr_workflow_instances              declared=blocks-removal actual=blocks-removal (fk_hr_actor_025c6bb0cfc7beb5)
  PASS  hr_workflow_step_actions           declared=blocks-removal actual=blocks-removal (fk_hr_actor_93dbc053c77e57a8)
  PASS  hr_wellness_checkins               declared=set-null actual=set-null (fk_hr_wellness_checkins_user_actor)
  PASS  hr_mood_checkins                   declared=set-null actual=set-null (fk_hr_mood_checkins_user_actor)
  PASS  hr_disciplinary_actions            declared=set-null actual=set-null (fk_hr_disciplinary_actions_employee_actor)
  PASS  hr_proxy_access                    declared=set-null actual=set-null (fk_hr_proxy_access_grantor_actor)
  PASS  recognitions                       declared=blocks-removal actual=blocks-removal (fk_recognitions_from_actor)
  PASS  recognitions                       declared=blocks-removal actual=blocks-removal (fk_recognitions_to_actor)
  PASS  hr_workflow_delegations            declared=blocks-removal actual=blocks-removal (fk_hr_workflow_delegations_delegate_actor)
  PASS  hr_workflow_delegations            declared=blocks-removal actual=blocks-removal (fk_hr_workflow_delegations_delegator_actor)
  PASS  notifications                      declared=cascade actual=cascade (fk_notifications_recipient_membership)
  PASS  notification_read_watermarks       declared=cascade actual=cascade (fk_notification_read_watermarks_membership)
  PASS  notification_suppression_rules     declared=cascade actual=cascade (fk_notification_suppression_rules_membership)
  SKIP  attendance                         no FK on [user_membership_id] references organization_members — baselined as UNENFORCED (attendance_user_membership)
  SKIP  hr_helpdesk_routing                no FK on [assignee_membership_id] references organization_members — baselined as UNENFORCED (hr_helpdesk_routing_assignee_membership)
  SKIP  hr_helpdesk_comments               no FK on [author_membership_id] references organization_members — baselined as UNENFORCED (hr_helpdesk_comments_author_membership)
  SKIP  employee_devices                   no FK on [user_membership_id] references organization_members — baselined as UNENFORCED (employee_devices_user_membership)
  SKIP  leave_balances                     no FK on [user_membership_id] references organization_members — baselined as UNENFORCED (leave_balances_user_membership)
  SKIP  hr_leave_ledger                    no FK on [user_membership_id] references organization_members — baselined as UNENFORCED (hr_leave_ledger_user_membership)
  SKIP  assets                             no FK on [assigned_to_membership_id] references organization_members — baselined as UNENFORCED (assets_assigned_to_membership)
  SKIP  job_recruiters                     no FK on [user_membership_id] references organization_members — baselined as UNENFORCED (job_recruiters_user_membership)
  SKIP  exit_checklists                    no FK on [assigned_to_membership_id] references organization_members — baselined as UNENFORCED (exit_checklists_assigned_to_membership)
  SKIP  terminations                       no FK on [user_membership_id] references organization_members — baselined as UNENFORCED (terminations_user_membership)
  SKIP  alumni_profiles                    no FK on [user_membership_id] references organization_members — baselined as UNENFORCED (alumni_profiles_user_membership)
  SKIP  background_verifications           no FK on [user_membership_id] references organization_members — baselined as UNENFORCED (background_verifications_user_membership)
  SKIP  certifications                     no FK on [user_membership_id] references organization_members — baselined as UNENFORCED (certifications_user_membership)
  SKIP  one_on_one_meetings                no FK on [manager_membership_id, employee_membership_id] references organization_members — baselined as UNENFORCED (one_on_one_meetings_memberships)
  SKIP  goals                              no FK on [user_membership_id] references organization_members — baselined as UNENFORCED (goals_user_membership)
  SKIP  performance_improvement_plans      no FK on [user_membership_id, manager_membership_id, hr_rep_membership_id] references organization_members — baselined as UNENFORCED (performance_improvement_plans_memberships)
  SKIP  survey_responses                   no FK on [user_membership_id] references organization_members — baselined as UNENFORCED (survey_responses_user_membership)
  SKIP  enps_scores                        no FK on [user_membership_id] references organization_members — baselined as UNENFORCED (enps_scores_user_membership)
  SKIP  employee_skills                    no FK on [user_membership_id] references organization_members — baselined as UNENFORCED (employee_skills_user_membership)
  SKIP  assessment_attempts                no FK on [user_membership_id] references organization_members — baselined as UNENFORCED (assessment_attempts_user_membership)
  SKIP  hr_calibration_entries             no FK on [employee_membership_id] references organization_members — baselined as UNENFORCED (hr_calibration_entries_employee_membership)
  SKIP  policy_acknowledgments             no FK on [user_membership_id] references organization_members — baselined as UNENFORCED (policy_acknowledgments_user_membership)
  SKIP  team_event_participants            no FK on [user_membership_id] references organization_members — baselined as UNENFORCED (team_event_participants_user_membership)
  SKIP  employee_shift_assignments         no FK on [user_membership_id] references organization_members — baselined as UNENFORCED (employee_shift_assignments_user_membership)
  SKIP  shift_swap_requests                no FK on [requester_membership_id, target_membership_id, approver_membership_id] references organization_members — baselined as UNENFORCED (shift_swap_requests_memberships)
  SKIP  overtime_requests                  no FK on [user_membership_id, approver_membership_id] references organization_members — baselined as UNENFORCED (overtime_requests_memberships)
  SKIP  comp_off_balances                  no FK on [user_membership_id] references organization_members — baselined as UNENFORCED (comp_off_balances_user_membership)
  SKIP  biometric_logs                     no FK on [user_membership_id] references organization_members — baselined as UNENFORCED (biometric_logs_user_membership)
  SKIP  job_requisitions                   no FK on [hiring_manager_membership_id, approver_membership_id] references organization_members — baselined as UNENFORCED (job_requisitions_memberships)
  SKIP  feedback_cycle_requests            no FK on [subject_membership_id, reviewer_membership_id] references organization_members — baselined as UNENFORCED (feedback_cycle_requests_memberships)
  SKIP  travel_requests                    no FK on [user_membership_id, manager_approver_membership_id, finance_approver_membership_id] references organization_members — baselined as UNENFORCED (travel_requests_memberships)
  SKIP  announcement_reads                 no FK on [user_membership_id] references organization_members — baselined as UNENFORCED (announcement_reads_user_membership)
  SKIP  tax_declarations                   no FK on [user_membership_id] references organization_members — baselined as UNENFORCED (tax_declarations_user_membership)
  SKIP  hr_reward_points_ledger            no FK on [user_membership_id] references organization_members — baselined as UNENFORCED (hr_reward_points_ledger_user_membership)
  SKIP  hr_poll_votes                      no FK on [user_membership_id] references organization_members — baselined as UNENFORCED (hr_poll_votes_user_membership)
  SKIP  hr_community_members               no FK on [user_membership_id] references organization_members — baselined as UNENFORCED (hr_community_members_user_membership)
  SKIP  hr_legal_holds                     no FK on [subject_membership_id] references organization_members — baselined as UNENFORCED (hr_legal_holds_subject_membership)
  SKIP  hr_data_requests                   no FK on [subject_membership_id] references organization_members — baselined as UNENFORCED (hr_data_requests_subject_membership)
  SKIP  hr_union_memberships               no FK on [user_membership_id] references organization_members — baselined as UNENFORCED (hr_union_memberships_user_membership)
  SKIP  hr_device_employee_mappings        no FK on [user_membership_id] references organization_members — baselined as UNENFORCED (hr_device_employee_mappings_user_membership)
  SKIP  hr_arrears_adjustments             no FK on [user_membership_id] references organization_members — baselined as UNENFORCED (hr_arrears_adjustments_user_membership)
  SKIP  hr_comp_recommendations            no FK on [user_membership_id] references organization_members — baselined as UNENFORCED (hr_comp_recommendations_user_membership)
  SKIP  hr_equity_grants                   no FK on [user_membership_id] references organization_members — baselined as UNENFORCED (hr_equity_grants_user_membership)
  SKIP  hr_accommodation_requests          no FK on [user_membership_id] references organization_members — baselined as UNENFORCED (hr_accommodation_requests_user_membership)
  SKIP  hr_accommodation_tasks             no FK on [assignee_membership_id] references organization_members — baselined as UNENFORCED (hr_accommodation_tasks_assignee_membership)
  SKIP  hr_emergency_responses             no FK on [user_membership_id] references organization_members — baselined as UNENFORCED (hr_emergency_responses_user_membership)
  SKIP  hr_access_provisioning             no FK on [user_membership_id] references organization_members — baselined as UNENFORCED (hr_access_provisioning_user_membership)
  PASS  accounting_periods                 declared=set-null actual=set-null (fk_accounting_periods_closed_by_membership)
  PASS  accounting_periods                 declared=set-null actual=set-null (fk_accounting_periods_locked_by_membership)
  PASS  ai_summary_snapshots               declared=set-null actual=set-null (fk_ai_summary_org_gen_mbr)
  PASS  audit_logs                         declared=set-null actual=set-null (fk_audit_logs_org_actor_membership)
  PASS  bugs                               declared=set-null actual=set-null (fk_bugs_qa_owner_actor)
  PASS  chat_channel_invite_links          declared=set-null actual=set-null (fk_chat_invite_links_created_by_membership)
  PASS  chat_huddles                       declared=cascade actual=cascade (fk_chat_huddles_org_starter_membership)
  PASS  chat_org_settings                  declared=set-null actual=set-null (fk_chat_org_settings_updated_by_membership)
  PASS  chat_pinned_messages               declared=set-null actual=set-null (fk_chat_pinned_messages_org_pinner_membership)
  PASS  expenses                           declared=set-null actual=set-null (fk_expenses_user_actor)
  PASS  fin_bank_imports                   declared=set-null actual=set-null (fk_fin_bank_imports_created_by_membership)
  PASS  fin_bank_transfers                 declared=set-null actual=set-null (fk_fin_bank_transfers_created_by_membership)
  PASS  fin_budgets                        declared=set-null actual=set-null (fk_fin_budgets_approved_by_membership)
  PASS  fin_budgets                        declared=set-null actual=set-null (fk_fin_budgets_created_by_membership)
  PASS  fin_cash_flow_scenarios            declared=set-null actual=set-null (fk_fin_cash_flow_scenarios_created_by_membership)
  PASS  fin_reconciliation_matches         declared=set-null actual=set-null (fk_fin_recon_matches_confirmed_by_membership)
  PASS  hr_attendance_regularizations      declared=set-null actual=set-null (fk_hr_attendance_regularizations_approved_by_actor)
  PASS  hr_attendance_regularizations      declared=set-null actual=set-null (fk_hr_attendance_regularizations_rejected_by_actor)
  PASS  hr_audit_logs                      declared=set-null actual=set-null (fk_hr_audit_logs_actor_membership)
  PASS  hr_cases                           declared=set-null actual=set-null (fk_hr_cases_reported_by_actor)
  PASS  hr_effective_dated_changes         declared=set-null actual=set-null (fk_hr_eff_changes_approved_actor)
  PASS  hr_effective_dated_changes         declared=set-null actual=set-null (fk_hr_eff_changes_created_actor)
  PASS  hr_employment_history              declared=set-null actual=set-null (fk_hr_emp_history_created_actor)
  PASS  hr_proxy_access                    declared=set-null actual=set-null (fk_hr_proxy_access_proxy_actor)
  PASS  invitations                        declared=set-null actual=set-null (fk_invitations_accepted_membership_id_org)
  PASS  invitations                        declared=set-null actual=set-null (fk_invitations_inviter_membership_id_org)
  PASS  journal_entries                    declared=set-null actual=set-null (fk_je_org_created_by_mbr)
  PASS  kb_events                          declared=set-null actual=set-null (fk_kb_events_org_actor_membership)
  PASS  kb_page_reviews                    declared=set-null actual=set-null (fk_kb_page_reviews_org_requester_membership)
  PASS  kb_pages                           declared=set-null actual=set-null (fk_kb_pages_org_created_membership)
  PASS  kb_pages                           declared=set-null actual=set-null (fk_kb_pages_org_deleted_membership)
  PASS  kb_pages                           declared=set-null actual=set-null (fk_kb_pages_org_edited_membership)
  PASS  kb_pages                           declared=set-null actual=set-null (fk_kb_pages_org_verified_membership)
  PASS  kb_spaces                          declared=set-null actual=set-null (fk_kb_spaces_org_created_by_mbr)
  PASS  leave_requests                     declared=set-null actual=set-null (fk_leave_requests_covering_actor)
  PASS  leave_requests                     declared=set-null actual=set-null (fk_leave_requests_created_actor)
  PASS  leave_requests                     declared=set-null actual=set-null (fk_leave_requests_updated_actor)
  PASS  leave_requests                     declared=set-null actual=set-null (fk_leave_requests_user_actor)
  PASS  okr_goals                          declared=set-null actual=set-null (fk_okr_goals_created_by_actor)
  SKIP  org_units                          no FK on [archived_by_membership_id] references organization_members — baselined as UNENFORCED (org_units_archived_by_membership)
  SKIP  org_units                          no FK on [updated_by_membership_id] references organization_members — baselined as UNENFORCED (org_units_updated_by_membership)
  SKIP  organization_people                no FK on [archived_by_membership_id] references organization_members — baselined as UNENFORCED (organization_people_archived_by_membership)
  SKIP  organization_people                no FK on [updated_by_membership_id] references organization_members — baselined as UNENFORCED (organization_people_updated_by_membership)
  PASS  portal_invitations                 declared=set-null actual=set-null (fk_portal_invitations_inviter_membership_id_org)
  PASS  projects                           declared=set-null actual=set-null (fk_projects_manager_actor)
  PASS  reimbursements                     declared=set-null actual=set-null (fk_reimbursements_user_actor)
  PASS  role_assignments                   declared=set-null actual=set-null (fk_role_assignments_assigner_membership)
  PASS  sign_documents                     declared=set-null actual=set-null (fk_sign_doc_org_created_mbr)
  PASS  sign_envelopes                     declared=set-null actual=set-null (fk_sign_env_org_voided_mbr)
  PASS  sign_public_forms                  declared=set-null actual=set-null (fk_sign_pf_org_created_mbr)
  PASS  support_macros                     declared=set-null actual=set-null (fk_support_macros_created_actor)
  PASS  support_tickets                    declared=blocks-removal actual=blocks-removal (fk_support_tickets_created_actor)
  PASS  survey_forms                       declared=set-null actual=set-null (fk_survey_forms_org_creator_mbr)
  PASS  survey_versions                    declared=set-null actual=set-null (fk_survey_ver_org_creator_mbr)
  PASS  tenant_ai_credit_transactions      declared=set-null actual=set-null (fk_tenant_ai_credit_txns_org_actor_membership)
  PASS  timesheet_audit_events             declared=set-null actual=set-null (fk_timesheet_audit_actor_membership)
  PASS  timesheet_exceptions               declared=set-null actual=set-null (fk_timesheet_exceptions_resolved_by_membership)
  PASS  timesheet_exceptions               declared=set-null actual=set-null (fk_timesheet_exceptions_user_membership)
  PASS  timesheet_exports                  declared=set-null actual=set-null (fk_timesheet_exports_ack_by_membership)
  PASS  timesheet_exports                  declared=set-null actual=set-null (fk_timesheet_exports_created_by_membership)
  PASS  timesheet_periods                  declared=set-null actual=set-null (fk_timesheet_periods_approved_actor)
  PASS  timesheet_periods                  declared=set-null actual=set-null (fk_timesheet_periods_user_membership)
  PASS  timesheet_settings_history         declared=set-null actual=set-null (fk_ts_settings_history_changed_by_membership)
  PASS  timesheets                         declared=set-null actual=set-null (fk_timesheets_approved_actor)
  PASS  timesheets                         declared=set-null actual=set-null (fk_timesheets_locked_by_membership)
  PASS  user_integration_connections       declared=cascade actual=cascade (fk_user_integration_connections_actor)
  PASS  user_permission_grants             declared=set-null actual=set-null (fk_user_permission_grants_granter_membership)
  PASS  wfh_requests                       declared=set-null actual=set-null (fk_wfh_requests_user_actor)
  SKIP  worker_engagements                 no FK on [archived_by_membership_id] references organization_members — baselined as UNENFORCED (worker_engagements_archived_by_membership)
  SKIP  worker_engagements                 no FK on [updated_by_membership_id] references organization_members — baselined as UNENFORCED (worker_engagements_updated_by_membership)

  unenforced: 67 measured / 67 baselined

=== SUMMARY ===
  Removal artifacts: PASS
  No inheritance:    PASS
  Inventory vs FKs:  PASS
