
> streamlineos-api@0.1.0 check:navigation-permissions D:\projects\personal\Streamlineos\backend
> node src/scripts/check-navigation-permissions.mjs

Navigation gates  438  (195 unique keys)
Backend catalog   690 keys
Keys enforced on a route  621

ENFORCED IN SERVICE — named, not hidden in an allowlist:
  SKIP  "accounting:access:view"  ×1  — read by assertModuleAccessPolicy (module-access.helpers.ts:100); the route declares @AuthorizedInService
  SKIP  "build:access:view"  ×1  — read by assertModuleAccessPolicy (module-access.helpers.ts:100); the route declares @AuthorizedInService
  SKIP  "crm:access:view"  ×1  — read by assertModuleAccessPolicy (module-access.helpers.ts:100); the route declares @AuthorizedInService
  SKIP  "directory:access:view"  ×1  — read by assertModuleAccessPolicy (module-access.helpers.ts:100); the route declares @AuthorizedInService
  SKIP  "hr:access:view"  ×1  — read by assertModuleAccessPolicy (module-access.helpers.ts:100); the route declares @AuthorizedInService
  SKIP  "inventory:access:view"  ×1  — read by assertModuleAccessPolicy (module-access.helpers.ts:100); the route declares @AuthorizedInService
  SKIP  "payroll:access:view"  ×1  — read by assertModuleAccessPolicy (module-access.helpers.ts:100); the route declares @AuthorizedInService
  SKIP  "sign:access:view"  ×1  — read by assertModuleAccessPolicy (module-access.helpers.ts:100); the route declares @AuthorizedInService
  SKIP  "support:access:view"  ×1  — read by assertModuleAccessPolicy (module-access.helpers.ts:100); the route declares @AuthorizedInService
  SKIP  "surveys:access:view"  ×1  — read by assertModuleAccessPolicy (module-access.helpers.ts:100); the route declares @AuthorizedInService
  SKIP  "timesheets:access:view"  ×2  — read by assertModuleAccessPolicy (module-access.helpers.ts:100); the route declares @AuthorizedInService
  SKIP  "workflows:access:view"  ×1  — read by assertModuleAccessPolicy (module-access.helpers.ts:100); the route declares @AuthorizedInService

OK — every navigation gate names a key that some route enforces.

Manifest pilot (timesheets): all nav routes are under "/timesheets" — OK
