
> streamlineos@0.1.0 build D:\projects\personal\Streamlineos\frontend
> next build

▲ Next.js 16.3.0 (Turbopack)
- Environments: .env.production.local, .env
✓ Running next.config.ts took 46ms
- Experiments (use with caution):
  · optimizePackageImports
  · serverActions

⚠ The Edge Runtime is deprecated. You can use the "nodejs" runtime instead. Learn more: https://nextjs.org/docs/messages/edge-runtime-deprecated
  Creating an optimized production build ...
✓ Compiled successfully in 59s
  Running TypeScript ...
✓ Finished writing to filesystem cache in 13.1s
  Finished TypeScript in 117s ...
  Collecting page data using 11 workers ...
⚠ Using edge runtime on a page currently disables static generation for that page
  Generating static pages using 11 workers (0/466) ...
  Generating static pages using 11 workers (116/466) 
  Generating static pages using 11 workers (232/466) 
  Generating static pages using 11 workers (349/466) 
✓ Generating static pages using 11 workers (466/466) in 2.1s
  Finalizing page optimization ...

Route (app)
┌ ƒ /
├ ƒ /_not-found
├ ƒ /about
├ ƒ /accept-invitation
├ ƒ /access-denied
├ ƒ /access-suspended
├ ƒ /accounting
├ ƒ /accounting/access
├ ƒ /accounting/aged-payables
├ ƒ /accounting/aged-receivables
├ ƒ /accounting/approvals
├ ƒ /accounting/assets
├ ƒ /accounting/assets/[assetId]
├ ƒ /accounting/assets/depreciation
├ ƒ /accounting/balance-sheet
├ ƒ /accounting/banking
├ ƒ /accounting/banking/[bankAccountId]
├ ƒ /accounting/banking/import
├ ƒ /accounting/banking/reconciliation
├ ƒ /accounting/banking/transfers
├ ƒ /accounting/budgets
├ ƒ /accounting/budgets/[budgetId]
├ ƒ /accounting/cash-flow
├ ƒ /accounting/coa
├ ƒ /accounting/coa/[accountId]
├ ƒ /accounting/credit-notes
├ ƒ /accounting/customers
├ ƒ /accounting/customers/[clientId]
├ ƒ /accounting/dimensions
├ ƒ /accounting/expenses
├ ƒ /accounting/expenses/policies
├ ƒ /accounting/expenses/receipts
├ ƒ /accounting/expenses/reimbursements
├ ƒ /accounting/expenses/reimbursements/[batchId]
├ ƒ /accounting/forecast
├ ƒ /accounting/general-ledger
├ ƒ /accounting/gstr-1
├ ƒ /accounting/gstr-3b
├ ƒ /accounting/invoices
├ ƒ /accounting/invoices/[invoiceId]
├ ƒ /accounting/journal
├ ƒ /accounting/journal/[entryId]
├ ƒ /accounting/journal/new
├ ƒ /accounting/opening-balances
├ ƒ /accounting/payment-reminders
├ ƒ /accounting/payment-runs
├ ƒ /accounting/payment-runs/[runId]
├ ƒ /accounting/payments-received
├ ƒ /accounting/period-close
├ ƒ /accounting/profit-loss
├ ƒ /accounting/purchase-bills
├ ƒ /accounting/purchase-bills/[billId]
├ ƒ /accounting/purchase-bills/new
├ ƒ /accounting/recurring-bills
├ ƒ /accounting/recurring-invoices
├ ƒ /accounting/reports
├ ƒ /accounting/reports/burn-rate
├ ƒ /accounting/reports/customer-statement
├ ƒ /accounting/reports/department-profitability
├ ƒ /accounting/reports/expense-by-category
├ ƒ /accounting/reports/project-profitability
├ ƒ /accounting/reports/sales-by-customer
├ ƒ /accounting/reports/sales-by-item
├ ƒ /accounting/reports/tax-summary
├ ƒ /accounting/reports/vendor-statement
├ ƒ /accounting/reports/working-capital
├ ƒ /accounting/scenarios
├ ƒ /accounting/settings
├ ƒ /accounting/settings/automations
├ ƒ /accounting/settings/payment-providers
├ ƒ /accounting/setup
├ ƒ /accounting/taxes
├ ƒ /accounting/taxes/codes
├ ƒ /accounting/taxes/payments
├ ƒ /accounting/taxes/reports
├ ƒ /accounting/trial-balance
├ ƒ /accounting/vendor-credits
├ ƒ /accounting/vendor-payments
├ ƒ /accounting/vendors
├ ƒ /accounting/vendors/[vendorId]
├ ƒ /ai/executive-brief
├ ƒ /api/auth/[...nextauth]
├ ƒ /api/media/image
├ ƒ /apple-icon
├ ƒ /application-status/[token]
├ ƒ /ask
├ ƒ /billing/invoices
├ ƒ /billing/invoices/[invoiceId]
├ ƒ /billing/invoices/new
├ ƒ /blog/access
├ ƒ /blog/admin
├ ƒ /blogs
├ ƒ /blogs/[slug]
├ ƒ /blogs/category/[slug]
├ ƒ /blogs/tag/[tag]
├ ƒ /board/[shareToken]
├ ƒ /build
├ ƒ /build/[projectId]
├ ƒ /build/[projectId]/ai
├ ƒ /build/[projectId]/analytics
├ ƒ /build/[projectId]/approvals
├ ƒ /build/[projectId]/automations
├ ƒ /build/[projectId]/backlog
├ ƒ /build/[projectId]/budget
├ ƒ /build/[projectId]/bugs
├ ƒ /build/[projectId]/change-requests
├ ƒ /build/[projectId]/chat
├ ƒ /build/[projectId]/client-portal
├ ƒ /build/[projectId]/cycles
├ ƒ /build/[projectId]/cycles/[cycleId]
├ ƒ /build/[projectId]/decisions
├ ƒ /build/[projectId]/epics
├ ƒ /build/[projectId]/feedbucket
├ ƒ /build/[projectId]/feedbucket/[submissionId]
├ ƒ /build/[projectId]/forms
├ ƒ /build/[projectId]/forms/[formId]
├ ƒ /build/[projectId]/incidents
├ ƒ /build/[projectId]/incidents/[incidentId]
├ ƒ /build/[projectId]/intake
├ ƒ /build/[projectId]/meetings
├ ƒ /build/[projectId]/meetings/[meetingId]
├ ƒ /build/[projectId]/milestones
├ ƒ /build/[projectId]/modules
├ ƒ /build/[projectId]/my-tickets
├ ƒ /build/[projectId]/qa
├ ƒ /build/[projectId]/qa/runs/[runId]
├ ƒ /build/[projectId]/releases
├ ƒ /build/[projectId]/reports
├ ƒ /build/[projectId]/risks
├ ƒ /build/[projectId]/settings
├ ƒ /build/[projectId]/sprints
├ ƒ /build/[projectId]/tickets/[ticketKey]
├ ƒ /build/[projectId]/timeline
├ ƒ /build/[projectId]/triage
├ ƒ /build/[projectId]/views
├ ƒ /build/[projectId]/webhooks
├ ƒ /build/[projectId]/whiteboard
├ ƒ /build/[projectId]/wiki
├ ƒ /build/[projectId]/wiki/[pageId]
├ ƒ /build/[projectId]/workflow
├ ƒ /build/access
├ ƒ /build/all
├ ƒ /build/all-work
├ ƒ /build/approvals
├ ƒ /build/client-access
├ ƒ /build/command-center
├ ƒ /build/customers
├ ƒ /build/drafts
├ ƒ /build/goal
├ ƒ /build/goal/[goalId]
├ ƒ /build/inbox
├ ƒ /build/managed-products
├ ƒ /build/managed-products/[managedProductId]
├ ƒ /build/members
├ ƒ /build/my-work
├ ƒ /build/pm-workspaces
├ ƒ /build/portfolios
├ ƒ /build/portfolios/[portfolioId]
├ ƒ /build/programs
├ ƒ /build/roadmap
├ ƒ /build/settings/integrations
├ ƒ /build/teams
├ ƒ /build/teams/[teamId]
├ ƒ /build/templates
├ ƒ /build/workspaces/[pmWorkspaceId]/[projectId]
├ ƒ /build/workspaces/[pmWorkspaceId]/[projectId]/epics
├ ƒ /build/workspaces/[pmWorkspaceId]/[projectId]/my-tickets
├ ƒ /build/workspaces/[pmWorkspaceId]/[projectId]/settings
├ ƒ /build/workspaces/[pmWorkspaceId]/[projectId]/views
├ ƒ /build/workspaces/[pmWorkspaceId]/all
├ ƒ /build/workspaces/[pmWorkspaceId]/all-work
├ ƒ /build/workspaces/[pmWorkspaceId]/my-work
├ ƒ /build/workspaces/[pmWorkspaceId]/pm-workspaces
├ ƒ /calendar
├ ƒ /calendar/settings
├ ƒ /careers/[orgSlug]
├ ƒ /careers/[orgSlug]/jobs/[jobId]/apply
├ ƒ /chat
├ ƒ /chat/channels
├ ƒ /chat/invite/[token]
├ ƒ /chat/moderation
├ ƒ /chat/settings
├ ƒ /client-portal
├ ƒ /client-portal/[projectId]
├ ƒ /contact
├ ƒ /crm
├ ƒ /crm/access
├ ƒ /crm/activities
├ ƒ /crm/analytics
├ ƒ /crm/autonomy
├ ƒ /crm/campaigns
├ ƒ /crm/campaigns/[campaignId]
├ ƒ /crm/clients
├ ƒ /crm/clients/[clientId]
├ ƒ /crm/companies
├ ƒ /crm/companies/[companyId]
├ ƒ /crm/contacts
├ ƒ /crm/contacts/[contactId]
├ ƒ /crm/deals
├ ƒ /crm/deals/[dealId]
├ ƒ /crm/deals/aging
├ ƒ /crm/deals/approvals
├ ƒ /crm/deals/forecast
├ ƒ /crm/deals/win-loss
├ ƒ /crm/import
├ ƒ /crm/inbox
├ ƒ /crm/issues
├ ƒ /crm/leads
├ ƒ /crm/leads/[leadId]
├ ƒ /crm/leads/distribute
├ ƒ /crm/leads/duplicates
├ ƒ /crm/leads/smart-search
├ ƒ /crm/leads/source-report
├ ƒ /crm/quotes
├ ƒ /crm/quotes/[quoteId]
├ ƒ /crm/reports
├ ƒ /crm/settings/ai
├ ƒ /crm/settings/api-keys
├ ƒ /crm/settings/assignment-rules
├ ƒ /crm/settings/audit-log
├ ƒ /crm/settings/automations
├ ƒ /crm/settings/automations/[automationId]
├ ƒ /crm/settings/automations/new
├ ƒ /crm/settings/blueprints
├ ƒ /crm/settings/custom-fields
├ ƒ /crm/settings/data-quality
├ ƒ /crm/settings/email-templates
├ ƒ /crm/settings/import-export
├ ƒ /crm/settings/layouts
├ ƒ /crm/settings/options
├ ƒ /crm/settings/pipelines
├ ƒ /crm/settings/pricebooks
├ ƒ /crm/settings/products
├ ƒ /crm/settings/quotes
├ ƒ /crm/settings/scoring-rules
├ ƒ /crm/settings/sequences
├ ƒ /crm/settings/sla
├ ƒ /crm/settings/subject-types
├ ƒ /crm/settings/territories
├ ƒ /crm/settings/validation-rules
├ ƒ /crm/tasks
├ ƒ /dashboard
├ ƒ /design-system
├ ƒ /directory
├ ƒ /directory/[personId]
├ ƒ /directory/access
├ ƒ /directory/settings
├ ƒ /directory/settings/[personId]
├ ƒ /directory/workers
├ ƒ /employee-onboarding
├ ƒ /forms/[token]
├ ƒ /help/[orgId]
├ ƒ /help/[orgId]/[slug]
├ ƒ /hr
├ ƒ /hr/access
├ ƒ /hr/accommodations
├ ƒ /hr/analytics
├ ƒ /hr/announcements
├ ƒ /hr/approvals
├ ƒ /hr/asset-returns
├ ƒ /hr/assets
├ ƒ /hr/attendance
├ ƒ /hr/background-verification
├ ƒ /hr/benefits
├ ƒ /hr/biometric
├ ƒ /hr/cases
├ ƒ /hr/comp-off
├ ƒ /hr/compensation-planning
├ ƒ /hr/compliance
├ ƒ /hr/contingent
├ ƒ /hr/dashboard
├ ƒ /hr/delegations
├ ƒ /hr/devices
├ ƒ /hr/document-review
├ ƒ /hr/document-types
├ ƒ /hr/documents
├ ƒ /hr/documents/editor/[documentId]
├ ƒ /hr/documents/editor/new
├ ƒ /hr/documents/templates
├ ƒ /hr/documents/templates/[templateId]/edit
├ ƒ /hr/documents/templates/new
├ ƒ /hr/email-templates
├ ƒ /hr/emergency
├ ƒ /hr/employees
├ ƒ /hr/employees/[employeeId]
├ ƒ /hr/employees/find-expert
├ ƒ /hr/employees/skills-matrix
├ ƒ /hr/engagement
├ ƒ /hr/equity
├ ƒ /hr/event-stream
├ ƒ /hr/exit
├ ƒ /hr/expenses
├ ƒ /hr/feedback
├ ƒ /hr/fnf
├ ƒ /hr/geofencing
├ ƒ /hr/goals
├ ƒ /hr/handbook
├ ƒ /hr/helpdesk
├ ƒ /hr/holidays
├ ƒ /hr/identity
├ ƒ /hr/kpis
├ ƒ /hr/labor-relations
├ ƒ /hr/leave-policies
├ ƒ /hr/leaves
├ ƒ /hr/leaves/analytics
├ ƒ /hr/legal-holds
├ ƒ /hr/onboarding
├ ƒ /hr/onboarding/[userId]
├ ƒ /hr/onboarding/my-tasks
├ ƒ /hr/onboarding/probation
├ ƒ /hr/org
├ ƒ /hr/org-chart
├ ƒ /hr/overtime
├ ƒ /hr/performance
├ ƒ /hr/performance/analytics
├ ƒ /hr/positions
├ ƒ /hr/recruitment
├ ƒ /hr/recruitment/analytics
├ ƒ /hr/recruitment/automations
├ ƒ /hr/recruitment/booking-links
├ ƒ /hr/recruitment/candidates
├ ƒ /hr/recruitment/candidates/[candidateId]
├ ƒ /hr/recruitment/candidates/import
├ ƒ /hr/recruitment/candidates/intake
├ ƒ /hr/recruitment/diversity-report
├ ƒ /hr/recruitment/email-sequences
├ ƒ /hr/recruitment/headcount
├ ƒ /hr/recruitment/hiring-flows
├ ƒ /hr/recruitment/inbox
├ ƒ /hr/recruitment/internal-jobs
├ ƒ /hr/recruitment/interviewer-performance
├ ƒ /hr/recruitment/interviews
├ ƒ /hr/recruitment/jobs
├ ƒ /hr/recruitment/jobs/[jobId]/edit
├ ƒ /hr/recruitment/jobs/new
├ ƒ /hr/recruitment/offer-templates
├ ƒ /hr/recruitment/offers
├ ƒ /hr/recruitment/pipeline
├ ƒ /hr/recruitment/question-bank
├ ƒ /hr/recruitment/recruiters
├ ƒ /hr/recruitment/refer
├ ƒ /hr/recruitment/referrals
├ ƒ /hr/recruitment/reports
├ ƒ /hr/recruitment/requisitions
├ ƒ /hr/recruitment/scorecard-analytics
├ ƒ /hr/recruitment/scorecard-templates
├ ƒ /hr/recruitment/settings
├ ƒ /hr/recruitment/sla
├ ƒ /hr/recruitment/sla-report
├ ƒ /hr/recruitment/talent-pools
├ ƒ /hr/recruitment/vendors
├ ƒ /hr/reimbursements
├ ƒ /hr/retention
├ ƒ /hr/rosters
├ ƒ /hr/safety
├ ƒ /hr/service-delivery
├ ƒ /hr/settings
├ ƒ /hr/settings/automations
├ ƒ /hr/settings/company
├ ƒ /hr/settings/custom-fields
├ ƒ /hr/settings/forms
├ ƒ /hr/settings/forms/[formId]
├ ƒ /hr/settings/forms/[formId]/submissions
├ ƒ /hr/settings/import-export
├ ƒ /hr/settings/integrations
├ ƒ /hr/settings/policies
├ ƒ /hr/settings/preview
├ ƒ /hr/settings/templates
├ ƒ /hr/settings/versions
├ ƒ /hr/settings/workflows
├ ƒ /hr/shifts
├ ƒ /hr/simulator
├ ƒ /hr/termination
├ ƒ /hr/travel
├ ƒ /hr/travel/approvals
├ ƒ /hr/work-logs
├ ƒ /hr/workforce
├ ƒ /hr/workforce-cost
├ ƒ /icon
├ ƒ /inbox
├ ƒ /intake/[projectId]
├ ƒ /interview-booking/[token]
├ ƒ /inventory
├ ƒ /inventory/3pl
├ ƒ /inventory/access
├ ƒ /inventory/barcode
├ ƒ /inventory/carriers
├ ƒ /inventory/channels
├ ƒ /inventory/costing
├ ƒ /inventory/cycle-counts
├ ƒ /inventory/cycle-counts/[countId]
├ ƒ /inventory/expiry
├ ƒ /inventory/forecasting
├ ƒ /inventory/import
├ ƒ /inventory/loads
├ ƒ /inventory/lots
├ ƒ /inventory/lots/[lotId]
├ ƒ /inventory/operations
├ ƒ /inventory/operations/issues
├ ƒ /inventory/operations/packing
├ ƒ /inventory/operations/picking
├ ƒ /inventory/operations/receipts
├ ƒ /inventory/operations/returns
├ ƒ /inventory/operations/shipping
├ ƒ /inventory/packages
├ ƒ /inventory/physical-audits
├ ƒ /inventory/physical-audits/[auditId]
├ ƒ /inventory/products
├ ƒ /inventory/products/[productId]
├ ƒ /inventory/products/categories
├ ƒ /inventory/products/new
├ ƒ /inventory/products/uom
├ ƒ /inventory/purchase-orders
├ ƒ /inventory/purchase-orders/[poId]
├ ƒ /inventory/purchase-orders/new
├ ƒ /inventory/quality
├ ƒ /inventory/quality/holds
├ ƒ /inventory/quality/inspections
├ ƒ /inventory/quality/recalls
├ ƒ /inventory/replenishment
├ ƒ /inventory/replenishment/rules
├ ƒ /inventory/reports/expiry
├ ƒ /inventory/reports/movements
├ ƒ /inventory/reports/reorder
├ ƒ /inventory/reports/slow-moving
├ ƒ /inventory/reports/stock-summary
├ ƒ /inventory/sales-orders
├ ƒ /inventory/sales-orders/[soId]
├ ƒ /inventory/sales-orders/new
├ ƒ /inventory/serials
├ ƒ /inventory/serials/[serialId]
├ ƒ /inventory/settings
├ ƒ /inventory/shipments
├ ƒ /inventory/stock
├ ƒ /inventory/stock/adjustments
├ ƒ /inventory/stock/movements
├ ƒ /inventory/stock/transfers
├ ƒ /inventory/stock/transfers/[transferId]
├ ƒ /inventory/valuation
├ ƒ /inventory/vendors
├ ƒ /inventory/vendors/[vendorId]
├ ƒ /inventory/warehouses
├ ƒ /inventory/warehouses/[warehouseId]
├ ƒ /invitation/[token]
├ ƒ /knowledge/chat
├ ƒ /knowledge/wiki
├ ƒ /knowledge/wiki/analytics
├ ƒ /knowledge/wiki/favorites
├ ƒ /knowledge/wiki/import
├ ƒ /knowledge/wiki/pages/[pageId]
├ ƒ /knowledge/wiki/pages/[pageId]/history
├ ƒ /knowledge/wiki/private
├ ƒ /knowledge/wiki/recent
├ ƒ /knowledge/wiki/reviews
├ ƒ /knowledge/wiki/settings
├ ƒ /knowledge/wiki/shared
├ ƒ /knowledge/wiki/spaces
├ ƒ /knowledge/wiki/spaces/[spaceId]
├ ƒ /knowledge/wiki/templates
├ ƒ /knowledge/wiki/trash
├ ƒ /legal/privacy
├ ƒ /legal/security
├ ƒ /legal/terms
├ ƒ /live-chat/[orgId]
├ ƒ /live/[sessionCode]
├ ƒ /magic-link
├ ƒ /mail
├ ○ /manifest.webmanifest
├ ƒ /me/attendance
├ ƒ /me/documents
├ ƒ /me/expenses
├ ƒ /me/onboarding
├ ƒ /me/pay
├ ƒ /me/recruitment
├ ƒ /me/time-off
├ ƒ /notifications
├ ƒ /notifications/broadcasts
├ ƒ /notifications/events
├ ƒ /notifications/policy
├ ƒ /notifications/preferences
├ ƒ /notifications/providers
├ ƒ /notifications/templates
├ ƒ /nps/[token]
├ ƒ /offer/[token]
├ ƒ /opengraph-image
├ ƒ /org-setup
├ ƒ /parties
├ ƒ /payroll
├ ƒ /payroll/access
├ ƒ /payroll/bank-transfers
├ ƒ /payroll/bonuses
├ ƒ /payroll/components
├ ƒ /payroll/employees
├ ƒ /payroll/employees/[employeeUserId]
├ ƒ /payroll/fnf
├ ƒ /payroll/inputs
├ ƒ /payroll/loans
├ ƒ /payroll/payslips
├ ƒ /payroll/reimbursements
├ ƒ /payroll/reports
├ ƒ /payroll/runs
├ ƒ /payroll/runs/[runId]
├ ƒ /payroll/salary-structures
├ ƒ /payroll/settings
├ ƒ /payroll/settings/import-export
├ ƒ /payroll/setup
├ ƒ /payroll/taxes
├ ƒ /payroll/team
├ ƒ /payroll/templates
├ ƒ /payroll/workers/[workerId]
├ ƒ /portal
├ ƒ /portal/[projectId]
├ ƒ /pricing
├ ƒ /refer/[orgId]
├ ƒ /refer/link/[token]
├ ƒ /roadmap/[orgId]
├ ○ /robots.txt
├ ƒ /s/[token]
├ ƒ /settings
├ ƒ /settings/api-tokens
├ ƒ /settings/audit-log
├ ƒ /settings/billing
├ ƒ /settings/billing/ai-credits
├ ƒ /settings/delegations
├ ƒ /settings/incoming-transfer
├ ƒ /settings/modules
├ ƒ /settings/organization
├ ƒ /settings/organization/branches
├ ƒ /settings/organization/business-units
├ ƒ /settings/organization/chart
├ ƒ /settings/organization/cost-centers
├ ƒ /settings/organization/departments
├ ƒ /settings/organization/locations
├ ƒ /settings/organization/structure
├ ƒ /settings/organization/teams
├ ƒ /settings/roles
├ ƒ /settings/roles/[roleId]
├ ƒ /settings/roles/audit
├ ƒ /settings/roles/simulate
├ ƒ /settings/users
├ ƒ /settings/webhooks
├ ƒ /sign
├ ƒ /sign/[token]
├ ƒ /sign/access
├ ƒ /sign/bulk-send
├ ƒ /sign/envelopes
├ ƒ /sign/envelopes/[envelopeId]
├ ƒ /sign/reports
├ ƒ /sign/settings
├ ƒ /sign/templates
├ ƒ /signin
├ ○ /sitemap.xml
├ ƒ /subjects
├ ƒ /support
├ ƒ /support/access
├ ƒ /support/ai-report
├ ƒ /support/inbox
├ ƒ /support/kb
├ ƒ /support/kb/[articleId]
├ ƒ /support/kb/research-briefs
├ ƒ /support/kb/research-briefs/[briefId]
├ ƒ /support/knowledge-gaps
├ ƒ /support/macros
├ ƒ /support/portal
├ ƒ /support/portal/[portalTicketId]
├ ƒ /support/reports
├ ƒ /support/reports/agent-performance
├ ƒ /support/reports/automation-performance
├ ƒ /support/reports/channel-performance
├ ƒ /support/reports/csat
├ ƒ /support/reports/queue-performance
├ ƒ /support/routing
├ ƒ /support/settings/agent-routing
├ ƒ /support/settings/audit-log
├ ƒ /support/settings/automations
├ ƒ /support/settings/business-hours
├ ƒ /support/settings/channels
├ ƒ /support/settings/custom-fields
├ ƒ /support/settings/sla
├ ƒ /surveys
├ ƒ /surveys/[surveyId]
├ ƒ /surveys/[surveyId]/participants
├ ƒ /surveys/access
├ ƒ /surveys/live/[sessionId]/host
├ ƒ /surveys/new
├ ƒ /ticket-feedback/[token]
├ ƒ /timesheets
├ ƒ /timesheets/access
├ ƒ /timesheets/approvals
├ ƒ /timesheets/billing
├ ƒ /timesheets/exceptions
├ ƒ /timesheets/payroll
├ ƒ /timesheets/reports
├ ƒ /timesheets/settings
├ ƒ /timesheets/team
├ ƒ /twitter-image
├ ƒ /vendor-portal/[token]
├ ƒ /verify-email
├ ƒ /wiki/[shareToken]
├ ƒ /workflows
├ ƒ /workflows/[workflowId]
├ ƒ /workflows/[workflowId]/builder
├ ƒ /workflows/access
├ ƒ /workflows/analytics
├ ƒ /workflows/approvals
├ ƒ /workflows/executions
├ ƒ /workflows/scheduler
├ ƒ /workflows/secrets
├ ƒ /workflows/templates
└ ƒ /workflows/variables


ƒ Proxy (Middleware)

○  (Static)   prerendered as static content
ƒ  (Dynamic)  server-rendered on demand

BUILD_EXIT=0
